Python 2.7.6 (default, Nov 10 2013, 19:24:18) [MSC v.1500 32 bit (Intel)] on win32
Type "copyright", "credits" or "license()" for more information.
>>> #普通输出
>>> print

>>> #输出字符串
>>> print 'yangbo'
yangbo
>>> #输出int类型
>>> print 78979
78979
>>> #输出boolean类型
>>> print True
True
>>> print False
False
>>> #输出float型
>>> print 2.123
2.123
>>> #unicode编码
>>> ord('A')
65
>>> chr(65)
'A'
>>> #字符拼接
>>> print 'my name is %s' % 'yangbo'
my name is yangbo
>>> print 'my name is ','yangbo'
my name is  yangbo
>>> #list
>>> classmates=['a','b','c']
>>> classmates
['a', 'b', 'c']
>>> #list 长度
>>> len(classmates)
3
>>> #索引来访问list元素
>>> classmates[0],classmates[1]
('a', 'b')
>>> classmates[2]
'c'
>>> #从最后一个元素向前取
>>> classmates[-1]
'c'
>>> classmates[-2]
'b'
>>> #追加list元素到末尾
>>> classmates.append('e')
>>> classmates
['a', 'b', 'c', 'e']
>>> #将元素插入指定文职
>>> #将元素插入指定位置
>>> classmates.insert(1,'f')
>>> classmates
['a', 'f', 'b', 'c', 'e']
>>> #删除list末尾元素
>>> classmates.pop()
'e'
>>> classmates
['a', 'f', 'b', 'c']
>>> #删除指定位置元素
>>> classmates.pop(1)
'f'
>>> classmates
['a', 'b', 'c']
>>> #将某个元素替换成别的元素
>>> classmates[0] = 'f'
>>> classmates
['f', 'b', 'c']
>>> #list中可以包含不同类型的元素
>>> L = ['a',1,True]
>>> L
['a', 1, True]
>>> #list中可以包含另一个list
>>> s = ['333',['a',b]]

Traceback (most recent call last):
  File "<pyshell#48>", line 1, in <module>
    s = ['333',['a',b]]
NameError: name 'b' is not defined
>>> s = ['333',['a','b']]
>>> s
['333', ['a', 'b']]
>>> p = ['asp','php']
>>> s = ['python','java',p,'scheme']
>>> s
['python', 'java', ['asp', 'php'], 'scheme']
>>> #tuple 元组，与list类似，一旦初始化不可修改
>>> classmates = ('a','b','c')
>>> classmates
('a', 'b', 'c')
>>> #定义空的tuple
>>> t = ()
>>> t
()
>>> #定义只有1个元素的tuple
>>> t = (1,)
>>> t
(1,)
>>> #tuple中可以包含list
>>> mylist = ['a',False]
>>> mytuple = ('tuple',False,mylist)
>>> mytuple
('tuple', False, ['a', False])
>>> #list中包含tuple
>>> mytuple = ('ddd',True)
>>> mylist = ['bbb','ooo',mytuple]
>>> mylist
['bbb', 'ooo', ('ddd', True)]
>>> #条件判断
>>> age = 18
>>> if age >= 10 ：
SyntaxError: invalid syntax
>>> age = 18
>>> if age >= 10 :
	print 'your age is ',age
else:
	print 'laster age',age

	
your age is  18
>>> 
>>> age = 35
>>> if 10 <= age < 15:
	print 'age < 15',age
elif 15<= age < 20:
	print 'age < 20',age
else age >= 20:
	
SyntaxError: invalid syntax
>>> if 10 <= age < 15:
	print 'age < 15',age
elif 15<= age < 20:
	print 'age < 20',age
else :
	print 'age else',age

	
age else 35
>>> #if语句简写 判断非空
>>> if x:
	print True

	

Traceback (most recent call last):
  File "<pyshell#93>", line 1, in <module>
    if x:
NameError: name 'x' is not defined
>>> ifx:
	print True
	
SyntaxError: invalid syntax
>>> x = '10'
>>> if x:
	print True

	
True
>>> #for 循环
>>> names = ['78',True,90]
>>> for name in names:
	print name

	
78
True
90
>>> #字典dict
>>> d = {'key1':'value1','key2':'value2'}
>>> d
{'key2': 'value2', 'key1': 'value1'}
>>> print d['key1']
value1
>>> #字典元素赋值
>>> d['key1'] = value56

Traceback (most recent call last):
  File "<pyshell#109>", line 1, in <module>
    d['key1'] = value56
NameError: name 'value56' is not defined
>>> d['key1'] = 'value56'
>>> d
{'key2': 'value2', 'key1': 'value56'}
>>> #获取key的value
>>> d.get('key1')
'value56'
>>> #判断key是否存在
>>> d.has_key('key2')
True
>>> #删除某条
>>> d.pop('key1')
'value56'
>>> d
{'key2': 'value2'}
>>> #set 是一组key的集合，但不存储value， key不重复
>>> #创建set，需要提供list作为输入集合
>>> s = set([1,2,3])
>>> s
set([1, 2, 3])
>>> #添加元素到set中
>>> s.add(0)
>>> s
set([0, 1, 2, 3])
>>> s.add(9)
>>> s
set([0, 1, 2, 3, 9])
>>> #删除元素
>>> s.r

Traceback (most recent call last):
  File "<pyshell#129>", line 1, in <module>
    s.r
AttributeError: 'set' object has no attribute 'r'
>>> s.remove(1)
>>> s
set([0, 2, 3, 9])
>>> #list排序
>>> a = ['c','b','a']
>>> a.sort()
>>> a
['a', 'b', 'c']
>>> #字符串替换
>>> a = 'abcdef'
>>> b = a.replace('a','A')
>>> b
'Abcdef'
>>> #调用函数
>>> abs(100)
100
>>> #定义函数
>>> def my_abs(x):
	if x>= 0:
	    return x
	else:
	    return -x

	
>>> my_abs(10)
10
>>> my_abs(-10)
10
>>> #定义一个什么事都不做空函数，用pass语句
>>> def nop():
	pass

>>> nop()
>>> #函数参数的数据类型检查
>>> def my_abs(x):
	if not isinstance(x,(int,float)):
		raise TypeError('bad operandtype')
	if x>= 0:
		return x
	else:
		return -x

	
>>> my_abs(10)
10
>>> my_abs('10')

Traceback (most recent call last):
  File "<pyshell#166>", line 1, in <module>
    my_abs('10')
  File "<pyshell#164>", line 3, in my_abs
    raise TypeError('bad operandtype')
TypeError: bad operandtype
>>> #定义函数默认参数，此参数可传可不传
>>> def power(x,n = 2):
	s = 1
	while n>0:
		n = n - 1
		s = s * x
	return s

>>> power(5)
25
>>> power(5,2)
25
>>> power(5,9)
1953125
>>> power(5,1)
5
>>> #定义默认参数必须指向不变对象
>>> def add_end(L = None):
	if L is None:
		L = []
	L.
	
SyntaxError: invalid syntax
>>> def add_end(L = None):
	if L is None:
		L = []
	return L

>>> add_end(['a','b','c'])
['a', 'b', 'c']
>>> add_end()
[]
>>> #可变参数
>>> def calc(*number):
	sum = 0
	for in number:
		
SyntaxError: invalid syntax
>>> def calc(*numbers):
	sum = 0
	for n in numbers:
		sum = sum + n*n
	reteurn sum
	
SyntaxError: invalid syntax
>>> def calc(*numbers):
	sum = 0
	for n in numbers:
		sum = sum + n*n
	return sum

>>> # 参数前加* 代表可变参数，调用时也需加*
>>> calc(1,2,3)
14
>>> calc(1,2)
5
>>> #传入list和tuple时需加*
>>> s = ['1','3','5']
>>> calc(*s)

Traceback (most recent call last):
  File "<pyshell#203>", line 1, in <module>
    calc(*s)
  File "<pyshell#197>", line 4, in calc
    sum = sum + n*n
TypeError: can't multiply sequence by non-int of type 'str'
>>> s = [1,3,5]
>>> calc(*s)
35
>>> m = (1,2,3)
>>> calc(*m)
14
>>> #关键字参数
>>> def person(a,b,**kw):
	print 'a:',a,'b:',b,"other:",kw

	
>>> person('A','B')
a: A b: B other: {}
>>> person('A','B',mykey='myvalue')
a: A b: B other: {'mykey': 'myvalue'}
>>> dist = {'key1':'value1','key2':'value2'}
>>> person('A','B',**dist)
a: A b: B other: {'key2': 'value2', 'key1': 'value1'}
>>> person('A','B',mykey1 ='first1',mykey2 = 'first2',mykey3 = 'first3')
a: A b: B other: {'mykey3': 'first3', 'mykey2': 'first2', 'mykey1': 'first1'}
>>> person('A','B',mykey1 = dist.get('key1'),mykey2 = dist.get('key2'))
a: A b: B other: {'mykey2': 'value2', 'mykey1': 'value1'}
>>> #定义函数，可以用必选参数、默认参数、可变参数和关键字参数，这4种参数都可以一起使用，或者只用其中某些，但是请注意，参数定义的顺序必须是：必选参数、默认参数、可变参数和关键字参数。
>>> def func(a,b,c =0,*args,**kw):
	print 'a=',a,'b=',b,'c=',c,'args=',args,'kw=',kw

	
>>> func(1,2)
a= 1 b= 2 c= 0 args= () kw= {}
>>> func(1,2,33,'a','v','m',key = 'mykey')
a= 1 b= 2 c= 33 args= ('a', 'v', 'm') kw= {'key': 'mykey'}
>>> my_tuple = ('a','b','java','php','python')
>>> my_dict = {'key1':'value1','key2':'value2'}
>>> func(*my_tuple,**my_dict)
a= a b= b c= java args= ('php', 'python') kw= {'key2': 'value2', 'key1': 'value1'}
>>> my_list = ['a','b','java','php','python']
>>> func(*my_list,**my_dict)
a= a b= b c= java args= ('php', 'python') kw= {'key2': 'value2', 'key1': 'value1'}
>>> 
my_list.append('Android')
>>> func(*my_list,**my_dict)
a= a b= b c= java args= ('php', 'python', 'Android') kw= {'key2': 'value2', 'key1': 'value1'}
>>> #递归函数
>>> def fuct(n):
	if n == 1
	
SyntaxError: invalid syntax
>>> def fuct(n):
	if n == 1:
		return 1
	return n*fuct(n-1)

>>> fuct(10)
3628800
>>> def fuct_def(product,count,max):
	if(count > max):
		return product
	return fuct_def(product*count,count+1,max)

>>> def fuct(n)
SyntaxError: invalid syntax
>>> def fuct(n):
	return fuct_def(1,1,10)

>>> fuct(10)
3628800
>>> fuct(1000)
3628800
>>> def fuct(n):
	return fuct_def(1,1,n)

>>> fuct(10)
3628800
>>> fuct(1000)

Traceback (most recent call last):
  File "<pyshell#254>", line 1, in <module>
    fuct(1000)
  File "<pyshell#252>", line 2, in fuct
    return fuct_def(1,1,n)
  File "<pyshell#243>", line 4, in fuct_def
    return fuct_def(product*count,count+1,max)
  File "<pyshell#243>", line 4, in fuct_def
    return fuct_def(product*count,count+1,max)
  File "<pyshell#243>", line 4, in fuct_def
    return fuct_def(product*count,count+1,max)
  File "<pyshell#243>", line 4, in fuct_def
    return fuct_def(product*count,count+1,max)
  File "<pyshell#243>", line 4, in fuct_def
    return fuct_def(product*count,count+1,max)
  File "<pyshell#243>", line 4, in fuct_def
    return fuct_def(product*count,count+1,max)
  File "<pyshell#243>", line 4, in fuct_def
    return fuct_def(product*count,count+1,max)
  File "<pyshell#243>", line 4, in fuct_def
    return fuct_def(product*count,count+1,max)
  File "<pyshell#243>", line 4, in fuct_def
    return fuct_def(product*count,count+1,max)
  File "<pyshell#243>", line 4, in fuct_def
    return fuct_def(product*count,count+1,max)
  File "<pyshell#243>", line 4, in fuct_def
    return fuct_def(product*count,count+1,max)
  File "<pyshell#243>", line 4, in fuct_def
    return fuct_def(product*count,count+1,max)
  File "<pyshell#243>", line 4, in fuct_def
    return fuct_def(product*count,count+1,max)
  File "<pyshell#243>", line 4, in fuct_def
    return fuct_def(product*count,count+1,max)
  File "<pyshell#243>", line 4, in fuct_def
    return fuct_def(product*count,count+1,max)
  File "<pyshell#243>", line 4, in fuct_def
    return fuct_def(product*count,count+1,max)
  File "<pyshell#243>", line 4, in fuct_def
    return fuct_def(product*count,count+1,max)
  File "<pyshell#243>", line 4, in fuct_def
    return fuct_def(product*count,count+1,max)
  File "<pyshell#243>", line 4, in fuct_def
    return fuct_def(product*count,count+1,max)
  File "<pyshell#243>", line 4, in fuct_def
    return fuct_def(product*count,count+1,max)
  File "<pyshell#243>", line 4, in fuct_def
    return fuct_def(product*count,count+1,max)
  File "<pyshell#243>", line 4, in fuct_def
    return fuct_def(product*count,count+1,max)
  File "<pyshell#243>", line 4, in fuct_def
    return fuct_def(product*count,count+1,max)
  File "<pyshell#243>", line 4, in fuct_def
    return fuct_def(product*count,count+1,max)
  File "<pyshell#243>", line 4, in fuct_def
    return fuct_def(product*count,count+1,max)
  File "<pyshell#243>", line 4, in fuct_def
    return fuct_def(product*count,count+1,max)
  File "<pyshell#243>", line 4, in fuct_def
    return fuct_def(product*count,count+1,max)
  File "<pyshell#243>", line 4, in fuct_def
    return fuct_def(product*count,count+1,max)
  File "<pyshell#243>", line 4, in fuct_def
    return fuct_def(product*count,count+1,max)
  File "<pyshell#243>", line 4, in fuct_def
    return fuct_def(product*count,count+1,max)
  File "<pyshell#243>", line 4, in fuct_def
    return fuct_def(product*count,count+1,max)
  File "<pyshell#243>", line 4, in fuct_def
    return fuct_def(product*count,count+1,max)
  File "<pyshell#243>", line 4, in fuct_def
    return fuct_def(product*count,count+1,max)
  File "<pyshell#243>", line 4, in fuct_def
    return fuct_def(product*count,count+1,max)
  File "<pyshell#243>", line 4, in fuct_def
    return fuct_def(product*count,count+1,max)
  File "<pyshell#243>", line 4, in fuct_def
    return fuct_def(product*count,count+1,max)
  File "<pyshell#243>", line 4, in fuct_def
    return fuct_def(product*count,count+1,max)
  File "<pyshell#243>", line 4, in fuct_def
    return fuct_def(product*count,count+1,max)
  File "<pyshell#243>", line 4, in fuct_def
    return fuct_def(product*count,count+1,max)
  File "<pyshell#243>", line 4, in fuct_def
    return fuct_def(product*count,count+1,max)
  File "<pyshell#243>", line 4, in fuct_def
    return fuct_def(product*count,count+1,max)
  File "<pyshell#243>", line 4, in fuct_def
    return fuct_def(product*count,count+1,max)
  File "<pyshell#243>", line 4, in fuct_def
    return fuct_def(product*count,count+1,max)
  File "<pyshell#243>", line 4, in fuct_def
    return fuct_def(product*count,count+1,max)
  File "<pyshell#243>", line 4, in fuct_def
    return fuct_def(product*count,count+1,max)
  File "<pyshell#243>", line 4, in fuct_def
    return fuct_def(product*count,count+1,max)
  File "<pyshell#243>", line 4, in fuct_def
    return fuct_def(product*count,count+1,max)
  File "<pyshell#243>", line 4, in fuct_def
    return fuct_def(product*count,count+1,max)
  File "<pyshell#243>", line 4, in fuct_def
    return fuct_def(product*count,count+1,max)
  File "<pyshell#243>", line 4, in fuct_def
    return fuct_def(product*count,count+1,max)
  File "<pyshell#243>", line 4, in fuct_def
    return fuct_def(product*count,count+1,max)
  File "<pyshell#243>", line 4, in fuct_def
    return fuct_def(product*count,count+1,max)
  File "<pyshell#243>", line 4, in fuct_def
    return fuct_def(product*count,count+1,max)
  File "<pyshell#243>", line 4, in fuct_def
    return fuct_def(product*count,count+1,max)
  File "<pyshell#243>", line 4, in fuct_def
    return fuct_def(product*count,count+1,max)
  File "<pyshell#243>", line 4, in fuct_def
    return fuct_def(product*count,count+1,max)
  File "<pyshell#243>", line 4, in fuct_def
    return fuct_def(product*count,count+1,max)
  File "<pyshell#243>", line 4, in fuct_def
    return fuct_def(product*count,count+1,max)
  File "<pyshell#243>", line 4, in fuct_def
    return fuct_def(product*count,count+1,max)
  File "<pyshell#243>", line 4, in fuct_def
    return fuct_def(product*count,count+1,max)
  File "<pyshell#243>", line 4, in fuct_def
    return fuct_def(product*count,count+1,max)
  File "<pyshell#243>", line 4, in fuct_def
    return fuct_def(product*count,count+1,max)
  File "<pyshell#243>", line 4, in fuct_def
    return fuct_def(product*count,count+1,max)
  File "<pyshell#243>", line 4, in fuct_def
    return fuct_def(product*count,count+1,max)
  File "<pyshell#243>", line 4, in fuct_def
    return fuct_def(product*count,count+1,max)
  File "<pyshell#243>", line 4, in fuct_def
    return fuct_def(product*count,count+1,max)
  File "<pyshell#243>", line 4, in fuct_def
    return fuct_def(product*count,count+1,max)
  File "<pyshell#243>", line 4, in fuct_def
    return fuct_def(product*count,count+1,max)
  File "<pyshell#243>", line 4, in fuct_def
    return fuct_def(product*count,count+1,max)
  File "<pyshell#243>", line 4, in fuct_def
    return fuct_def(product*count,count+1,max)
  File "<pyshell#243>", line 4, in fuct_def
    return fuct_def(product*count,count+1,max)
  File "<pyshell#243>", line 4, in fuct_def
    return fuct_def(product*count,count+1,max)
  File "<pyshell#243>", line 4, in fuct_def
    return fuct_def(product*count,count+1,max)
  File "<pyshell#243>", line 4, in fuct_def
    return fuct_def(product*count,count+1,max)
  File "<pyshell#243>", line 4, in fuct_def
    return fuct_def(product*count,count+1,max)
  File "<pyshell#243>", line 4, in fuct_def
    return fuct_def(product*count,count+1,max)
  File "<pyshell#243>", line 4, in fuct_def
    return fuct_def(product*count,count+1,max)
  File "<pyshell#243>", line 4, in fuct_def
    return fuct_def(product*count,count+1,max)
  File "<pyshell#243>", line 4, in fuct_def
    return fuct_def(product*count,count+1,max)
  File "<pyshell#243>", line 4, in fuct_def
    return fuct_def(product*count,count+1,max)
  File "<pyshell#243>", line 4, in fuct_def
    return fuct_def(product*count,count+1,max)
  File "<pyshell#243>", line 4, in fuct_def
    return fuct_def(product*count,count+1,max)
  File "<pyshell#243>", line 4, in fuct_def
    return fuct_def(product*count,count+1,max)
  File "<pyshell#243>", line 4, in fuct_def
    return fuct_def(product*count,count+1,max)
  File "<pyshell#243>", line 4, in fuct_def
    return fuct_def(product*count,count+1,max)
  File "<pyshell#243>", line 4, in fuct_def
    return fuct_def(product*count,count+1,max)
  File "<pyshell#243>", line 4, in fuct_def
    return fuct_def(product*count,count+1,max)
  File "<pyshell#243>", line 4, in fuct_def
    return fuct_def(product*count,count+1,max)
  File "<pyshell#243>", line 4, in fuct_def
    return fuct_def(product*count,count+1,max)
  File "<pyshell#243>", line 4, in fuct_def
    return fuct_def(product*count,count+1,max)
  File "<pyshell#243>", line 4, in fuct_def
    return fuct_def(product*count,count+1,max)
  File "<pyshell#243>", line 4, in fuct_def
    return fuct_def(product*count,count+1,max)
  File "<pyshell#243>", line 4, in fuct_def
    return fuct_def(product*count,count+1,max)
  File "<pyshell#243>", line 4, in fuct_def
    return fuct_def(product*count,count+1,max)
  File "<pyshell#243>", line 4, in fuct_def
    return fuct_def(product*count,count+1,max)
  File "<pyshell#243>", line 4, in fuct_def
    return fuct_def(product*count,count+1,max)
  File "<pyshell#243>", line 4, in fuct_def
    return fuct_def(product*count,count+1,max)
  File "<pyshell#243>", line 4, in fuct_def
    return fuct_def(product*count,count+1,max)
  File "<pyshell#243>", line 4, in fuct_def
    return fuct_def(product*count,count+1,max)
  File "<pyshell#243>", line 4, in fuct_def
    return fuct_def(product*count,count+1,max)
  File "<pyshell#243>", line 4, in fuct_def
    return fuct_def(product*count,count+1,max)
  File "<pyshell#243>", line 4, in fuct_def
    return fuct_def(product*count,count+1,max)
  File "<pyshell#243>", line 4, in fuct_def
    return fuct_def(product*count,count+1,max)
  File "<pyshell#243>", line 4, in fuct_def
    return fuct_def(product*count,count+1,max)
  File "<pyshell#243>", line 4, in fuct_def
    return fuct_def(product*count,count+1,max)
  File "<pyshell#243>", line 4, in fuct_def
    return fuct_def(product*count,count+1,max)
  File "<pyshell#243>", line 4, in fuct_def
    return fuct_def(product*count,count+1,max)
  File "<pyshell#243>", line 4, in fuct_def
    return fuct_def(product*count,count+1,max)
  File "<pyshell#243>", line 4, in fuct_def
    return fuct_def(product*count,count+1,max)
  File "<pyshell#243>", line 4, in fuct_def
    return fuct_def(product*count,count+1,max)
  File "<pyshell#243>", line 4, in fuct_def
    return fuct_def(product*count,count+1,max)
  File "<pyshell#243>", line 4, in fuct_def
    return fuct_def(product*count,count+1,max)
  File "<pyshell#243>", line 4, in fuct_def
    return fuct_def(product*count,count+1,max)
  File "<pyshell#243>", line 4, in fuct_def
    return fuct_def(product*count,count+1,max)
  File "<pyshell#243>", line 4, in fuct_def
    return fuct_def(product*count,count+1,max)
  File "<pyshell#243>", line 4, in fuct_def
    return fuct_def(product*count,count+1,max)
  File "<pyshell#243>", line 4, in fuct_def
    return fuct_def(product*count,count+1,max)
  File "<pyshell#243>", line 4, in fuct_def
    return fuct_def(product*count,count+1,max)
  File "<pyshell#243>", line 4, in fuct_def
    return fuct_def(product*count,count+1,max)
  File "<pyshell#243>", line 4, in fuct_def
    return fuct_def(product*count,count+1,max)
  File "<pyshell#243>", line 4, in fuct_def
    return fuct_def(product*count,count+1,max)
  File "<pyshell#243>", line 4, in fuct_def
    return fuct_def(product*count,count+1,max)
  File "<pyshell#243>", line 4, in fuct_def
    return fuct_def(product*count,count+1,max)
  File "<pyshell#243>", line 4, in fuct_def
    return fuct_def(product*count,count+1,max)
  File "<pyshell#243>", line 4, in fuct_def
    return fuct_def(product*count,count+1,max)
  File "<pyshell#243>", line 4, in fuct_def
    return fuct_def(product*count,count+1,max)
  File "<pyshell#243>", line 4, in fuct_def
    return fuct_def(product*count,count+1,max)
  File "<pyshell#243>", line 4, in fuct_def
    return fuct_def(product*count,count+1,max)
  File "<pyshell#243>", line 4, in fuct_def
    return fuct_def(product*count,count+1,max)
  File "<pyshell#243>", line 4, in fuct_def
    return fuct_def(product*count,count+1,max)
  File "<pyshell#243>", line 4, in fuct_def
    return fuct_def(product*count,count+1,max)
  File "<pyshell#243>", line 4, in fuct_def
    return fuct_def(product*count,count+1,max)
  File "<pyshell#243>", line 4, in fuct_def
    return fuct_def(product*count,count+1,max)
  File "<pyshell#243>", line 4, in fuct_def
    return fuct_def(product*count,count+1,max)
  File "<pyshell#243>", line 4, in fuct_def
    return fuct_def(product*count,count+1,max)
  File "<pyshell#243>", line 4, in fuct_def
    return fuct_def(product*count,count+1,max)
  File "<pyshell#243>", line 4, in fuct_def
    return fuct_def(product*count,count+1,max)
  File "<pyshell#243>", line 4, in fuct_def
    return fuct_def(product*count,count+1,max)
  File "<pyshell#243>", line 4, in fuct_def
    return fuct_def(product*count,count+1,max)
  File "<pyshell#243>", line 4, in fuct_def
    return fuct_def(product*count,count+1,max)
  File "<pyshell#243>", line 4, in fuct_def
    return fuct_def(product*count,count+1,max)
  File "<pyshell#243>", line 4, in fuct_def
    return fuct_def(product*count,count+1,max)
  File "<pyshell#243>", line 4, in fuct_def
    return fuct_def(product*count,count+1,max)
  File "<pyshell#243>", line 4, in fuct_def
    return fuct_def(product*count,count+1,max)
  File "<pyshell#243>", line 4, in fuct_def
    return fuct_def(product*count,count+1,max)
  File "<pyshell#243>", line 4, in fuct_def
    return fuct_def(product*count,count+1,max)
  File "<pyshell#243>", line 4, in fuct_def
    return fuct_def(product*count,count+1,max)
  File "<pyshell#243>", line 4, in fuct_def
    return fuct_def(product*count,count+1,max)
  File "<pyshell#243>", line 4, in fuct_def
    return fuct_def(product*count,count+1,max)
  File "<pyshell#243>", line 4, in fuct_def
    return fuct_def(product*count,count+1,max)
  File "<pyshell#243>", line 4, in fuct_def
    return fuct_def(product*count,count+1,max)
  File "<pyshell#243>", line 4, in fuct_def
    return fuct_def(product*count,count+1,max)
  File "<pyshell#243>", line 4, in fuct_def
    return fuct_def(product*count,count+1,max)
  File "<pyshell#243>", line 4, in fuct_def
    return fuct_def(product*count,count+1,max)
  File "<pyshell#243>", line 4, in fuct_def
    return fuct_def(product*count,count+1,max)
  File "<pyshell#243>", line 4, in fuct_def
    return fuct_def(product*count,count+1,max)
  File "<pyshell#243>", line 4, in fuct_def
    return fuct_def(product*count,count+1,max)
  File "<pyshell#243>", line 4, in fuct_def
    return fuct_def(product*count,count+1,max)
  File "<pyshell#243>", line 4, in fuct_def
    return fuct_def(product*count,count+1,max)
  File "<pyshell#243>", line 4, in fuct_def
    return fuct_def(product*count,count+1,max)
  File "<pyshell#243>", line 4, in fuct_def
    return fuct_def(product*count,count+1,max)
  File "<pyshell#243>", line 4, in fuct_def
    return fuct_def(product*count,count+1,max)
  File "<pyshell#243>", line 4, in fuct_def
    return fuct_def(product*count,count+1,max)
  File "<pyshell#243>", line 4, in fuct_def
    return fuct_def(product*count,count+1,max)
  File "<pyshell#243>", line 4, in fuct_def
    return fuct_def(product*count,count+1,max)
  File "<pyshell#243>", line 4, in fuct_def
    return fuct_def(product*count,count+1,max)
  File "<pyshell#243>", line 4, in fuct_def
    return fuct_def(product*count,count+1,max)
  File "<pyshell#243>", line 4, in fuct_def
    return fuct_def(product*count,count+1,max)
  File "<pyshell#243>", line 4, in fuct_def
    return fuct_def(product*count,count+1,max)
  File "<pyshell#243>", line 4, in fuct_def
    return fuct_def(product*count,count+1,max)
  File "<pyshell#243>", line 4, in fuct_def
    return fuct_def(product*count,count+1,max)
  File "<pyshell#243>", line 4, in fuct_def
    return fuct_def(product*count,count+1,max)
  File "<pyshell#243>", line 4, in fuct_def
    return fuct_def(product*count,count+1,max)
  File "<pyshell#243>", line 4, in fuct_def
    return fuct_def(product*count,count+1,max)
  File "<pyshell#243>", line 4, in fuct_def
    return fuct_def(product*count,count+1,max)
  File "<pyshell#243>", line 4, in fuct_def
    return fuct_def(product*count,count+1,max)
  File "<pyshell#243>", line 4, in fuct_def
    return fuct_def(product*count,count+1,max)
  File "<pyshell#243>", line 4, in fuct_def
    return fuct_def(product*count,count+1,max)
  File "<pyshell#243>", line 4, in fuct_def
    return fuct_def(product*count,count+1,max)
  File "<pyshell#243>", line 4, in fuct_def
    return fuct_def(product*count,count+1,max)
  File "<pyshell#243>", line 4, in fuct_def
    return fuct_def(product*count,count+1,max)
  File "<pyshell#243>", line 4, in fuct_def
    return fuct_def(product*count,count+1,max)
  File "<pyshell#243>", line 4, in fuct_def
    return fuct_def(product*count,count+1,max)
  File "<pyshell#243>", line 4, in fuct_def
    return fuct_def(product*count,count+1,max)
  File "<pyshell#243>", line 4, in fuct_def
    return fuct_def(product*count,count+1,max)
  File "<pyshell#243>", line 4, in fuct_def
    return fuct_def(product*count,count+1,max)
  File "<pyshell#243>", line 4, in fuct_def
    return fuct_def(product*count,count+1,max)
  File "<pyshell#243>", line 4, in fuct_def
    return fuct_def(product*count,count+1,max)
  File "<pyshell#243>", line 4, in fuct_def
    return fuct_def(product*count,count+1,max)
  File "<pyshell#243>", line 4, in fuct_def
    return fuct_def(product*count,count+1,max)
  File "<pyshell#243>", line 4, in fuct_def
    return fuct_def(product*count,count+1,max)
  File "<pyshell#243>", line 4, in fuct_def
    return fuct_def(product*count,count+1,max)
  File "<pyshell#243>", line 4, in fuct_def
    return fuct_def(product*count,count+1,max)
  File "<pyshell#243>", line 4, in fuct_def
    return fuct_def(product*count,count+1,max)
  File "<pyshell#243>", line 4, in fuct_def
    return fuct_def(product*count,count+1,max)
  File "<pyshell#243>", line 4, in fuct_def
    return fuct_def(product*count,count+1,max)
  File "<pyshell#243>", line 4, in fuct_def
    return fuct_def(product*count,count+1,max)
  File "<pyshell#243>", line 4, in fuct_def
    return fuct_def(product*count,count+1,max)
  File "<pyshell#243>", line 4, in fuct_def
    return fuct_def(product*count,count+1,max)
  File "<pyshell#243>", line 4, in fuct_def
    return fuct_def(product*count,count+1,max)
  File "<pyshell#243>", line 4, in fuct_def
    return fuct_def(product*count,count+1,max)
  File "<pyshell#243>", line 4, in fuct_def
    return fuct_def(product*count,count+1,max)
  File "<pyshell#243>", line 4, in fuct_def
    return fuct_def(product*count,count+1,max)
  File "<pyshell#243>", line 4, in fuct_def
    return fuct_def(product*count,count+1,max)
  File "<pyshell#243>", line 4, in fuct_def
    return fuct_def(product*count,count+1,max)
  File "<pyshell#243>", line 4, in fuct_def
    return fuct_def(product*count,count+1,max)
  File "<pyshell#243>", line 4, in fuct_def
    return fuct_def(product*count,count+1,max)
  File "<pyshell#243>", line 4, in fuct_def
    return fuct_def(product*count,count+1,max)
  File "<pyshell#243>", line 4, in fuct_def
    return fuct_def(product*count,count+1,max)
  File "<pyshell#243>", line 4, in fuct_def
    return fuct_def(product*count,count+1,max)
  File "<pyshell#243>", line 4, in fuct_def
    return fuct_def(product*count,count+1,max)
  File "<pyshell#243>", line 4, in fuct_def
    return fuct_def(product*count,count+1,max)
  File "<pyshell#243>", line 4, in fuct_def
    return fuct_def(product*count,count+1,max)
  File "<pyshell#243>", line 4, in fuct_def
    return fuct_def(product*count,count+1,max)
  File "<pyshell#243>", line 4, in fuct_def
    return fuct_def(product*count,count+1,max)
  File "<pyshell#243>", line 4, in fuct_def
    return fuct_def(product*count,count+1,max)
  File "<pyshell#243>", line 4, in fuct_def
    return fuct_def(product*count,count+1,max)
  File "<pyshell#243>", line 4, in fuct_def
    return fuct_def(product*count,count+1,max)
  File "<pyshell#243>", line 4, in fuct_def
    return fuct_def(product*count,count+1,max)
  File "<pyshell#243>", line 4, in fuct_def
    return fuct_def(product*count,count+1,max)
  File "<pyshell#243>", line 4, in fuct_def
    return fuct_def(product*count,count+1,max)
  File "<pyshell#243>", line 4, in fuct_def
    return fuct_def(product*count,count+1,max)
  File "<pyshell#243>", line 4, in fuct_def
    return fuct_def(product*count,count+1,max)
  File "<pyshell#243>", line 4, in fuct_def
    return fuct_def(product*count,count+1,max)
  File "<pyshell#243>", line 4, in fuct_def
    return fuct_def(product*count,count+1,max)
  File "<pyshell#243>", line 4, in fuct_def
    return fuct_def(product*count,count+1,max)
  File "<pyshell#243>", line 4, in fuct_def
    return fuct_def(product*count,count+1,max)
  File "<pyshell#243>", line 4, in fuct_def
    return fuct_def(product*count,count+1,max)
  File "<pyshell#243>", line 4, in fuct_def
    return fuct_def(product*count,count+1,max)
  File "<pyshell#243>", line 4, in fuct_def
    return fuct_def(product*count,count+1,max)
  File "<pyshell#243>", line 4, in fuct_def
    return fuct_def(product*count,count+1,max)
  File "<pyshell#243>", line 4, in fuct_def
    return fuct_def(product*count,count+1,max)
  File "<pyshell#243>", line 4, in fuct_def
    return fuct_def(product*count,count+1,max)
  File "<pyshell#243>", line 4, in fuct_def
    return fuct_def(product*count,count+1,max)
  File "<pyshell#243>", line 4, in fuct_def
    return fuct_def(product*count,count+1,max)
  File "<pyshell#243>", line 4, in fuct_def
    return fuct_def(product*count,count+1,max)
  File "<pyshell#243>", line 4, in fuct_def
    return fuct_def(product*count,count+1,max)
  File "<pyshell#243>", line 4, in fuct_def
    return fuct_def(product*count,count+1,max)
  File "<pyshell#243>", line 4, in fuct_def
    return fuct_def(product*count,count+1,max)
  File "<pyshell#243>", line 4, in fuct_def
    return fuct_def(product*count,count+1,max)
  File "<pyshell#243>", line 4, in fuct_def
    return fuct_def(product*count,count+1,max)
  File "<pyshell#243>", line 4, in fuct_def
    return fuct_def(product*count,count+1,max)
  File "<pyshell#243>", line 4, in fuct_def
    return fuct_def(product*count,count+1,max)
  File "<pyshell#243>", line 4, in fuct_def
    return fuct_def(product*count,count+1,max)
  File "<pyshell#243>", line 4, in fuct_def
    return fuct_def(product*count,count+1,max)
  File "<pyshell#243>", line 4, in fuct_def
    return fuct_def(product*count,count+1,max)
  File "<pyshell#243>", line 4, in fuct_def
    return fuct_def(product*count,count+1,max)
  File "<pyshell#243>", line 4, in fuct_def
    return fuct_def(product*count,count+1,max)
  File "<pyshell#243>", line 4, in fuct_def
    return fuct_def(product*count,count+1,max)
  File "<pyshell#243>", line 4, in fuct_def
    return fuct_def(product*count,count+1,max)
  File "<pyshell#243>", line 4, in fuct_def
    return fuct_def(product*count,count+1,max)
  File "<pyshell#243>", line 4, in fuct_def
    return fuct_def(product*count,count+1,max)
  File "<pyshell#243>", line 4, in fuct_def
    return fuct_def(product*count,count+1,max)
  File "<pyshell#243>", line 4, in fuct_def
    return fuct_def(product*count,count+1,max)
  File "<pyshell#243>", line 4, in fuct_def
    return fuct_def(product*count,count+1,max)
  File "<pyshell#243>", line 4, in fuct_def
    return fuct_def(product*count,count+1,max)
  File "<pyshell#243>", line 4, in fuct_def
    return fuct_def(product*count,count+1,max)
  File "<pyshell#243>", line 4, in fuct_def
    return fuct_def(product*count,count+1,max)
  File "<pyshell#243>", line 4, in fuct_def
    return fuct_def(product*count,count+1,max)
  File "<pyshell#243>", line 4, in fuct_def
    return fuct_def(product*count,count+1,max)
  File "<pyshell#243>", line 4, in fuct_def
    return fuct_def(product*count,count+1,max)
  File "<pyshell#243>", line 4, in fuct_def
    return fuct_def(product*count,count+1,max)
  File "<pyshell#243>", line 4, in fuct_def
    return fuct_def(product*count,count+1,max)
  File "<pyshell#243>", line 4, in fuct_def
    return fuct_def(product*count,count+1,max)
  File "<pyshell#243>", line 4, in fuct_def
    return fuct_def(product*count,count+1,max)
  File "<pyshell#243>", line 4, in fuct_def
    return fuct_def(product*count,count+1,max)
  File "<pyshell#243>", line 4, in fuct_def
    return fuct_def(product*count,count+1,max)
  File "<pyshell#243>", line 4, in fuct_def
    return fuct_def(product*count,count+1,max)
  File "<pyshell#243>", line 4, in fuct_def
    return fuct_def(product*count,count+1,max)
  File "<pyshell#243>", line 4, in fuct_def
    return fuct_def(product*count,count+1,max)
  File "<pyshell#243>", line 4, in fuct_def
    return fuct_def(product*count,count+1,max)
  File "<pyshell#243>", line 4, in fuct_def
    return fuct_def(product*count,count+1,max)
  File "<pyshell#243>", line 4, in fuct_def
    return fuct_def(product*count,count+1,max)
  File "<pyshell#243>", line 4, in fuct_def
    return fuct_def(product*count,count+1,max)
  File "<pyshell#243>", line 4, in fuct_def
    return fuct_def(product*count,count+1,max)
  File "<pyshell#243>", line 4, in fuct_def
    return fuct_def(product*count,count+1,max)
  File "<pyshell#243>", line 4, in fuct_def
    return fuct_def(product*count,count+1,max)
  File "<pyshell#243>", line 4, in fuct_def
    return fuct_def(product*count,count+1,max)
  File "<pyshell#243>", line 4, in fuct_def
    return fuct_def(product*count,count+1,max)
  File "<pyshell#243>", line 4, in fuct_def
    return fuct_def(product*count,count+1,max)
  File "<pyshell#243>", line 4, in fuct_def
    return fuct_def(product*count,count+1,max)
  File "<pyshell#243>", line 4, in fuct_def
    return fuct_def(product*count,count+1,max)
  File "<pyshell#243>", line 4, in fuct_def
    return fuct_def(product*count,count+1,max)
  File "<pyshell#243>", line 4, in fuct_def
    return fuct_def(product*count,count+1,max)
  File "<pyshell#243>", line 4, in fuct_def
    return fuct_def(product*count,count+1,max)
  File "<pyshell#243>", line 4, in fuct_def
    return fuct_def(product*count,count+1,max)
  File "<pyshell#243>", line 4, in fuct_def
    return fuct_def(product*count,count+1,max)
  File "<pyshell#243>", line 4, in fuct_def
    return fuct_def(product*count,count+1,max)
  File "<pyshell#243>", line 4, in fuct_def
    return fuct_def(product*count,count+1,max)
  File "<pyshell#243>", line 4, in fuct_def
    return fuct_def(product*count,count+1,max)
  File "<pyshell#243>", line 4, in fuct_def
    return fuct_def(product*count,count+1,max)
  File "<pyshell#243>", line 4, in fuct_def
    return fuct_def(product*count,count+1,max)
  File "<pyshell#243>", line 4, in fuct_def
    return fuct_def(product*count,count+1,max)
  File "<pyshell#243>", line 4, in fuct_def
    return fuct_def(product*count,count+1,max)
  File "<pyshell#243>", line 4, in fuct_def
    return fuct_def(product*count,count+1,max)
  File "<pyshell#243>", line 4, in fuct_def
    return fuct_def(product*count,count+1,max)
  File "<pyshell#243>", line 4, in fuct_def
    return fuct_def(product*count,count+1,max)
  File "<pyshell#243>", line 4, in fuct_def
    return fuct_def(product*count,count+1,max)
  File "<pyshell#243>", line 4, in fuct_def
    return fuct_def(product*count,count+1,max)
  File "<pyshell#243>", line 4, in fuct_def
    return fuct_def(product*count,count+1,max)
  File "<pyshell#243>", line 4, in fuct_def
    return fuct_def(product*count,count+1,max)
  File "<pyshell#243>", line 4, in fuct_def
    return fuct_def(product*count,count+1,max)
  File "<pyshell#243>", line 4, in fuct_def
    return fuct_def(product*count,count+1,max)
  File "<pyshell#243>", line 4, in fuct_def
    return fuct_def(product*count,count+1,max)
  File "<pyshell#243>", line 4, in fuct_def
    return fuct_def(product*count,count+1,max)
  File "<pyshell#243>", line 4, in fuct_def
    return fuct_def(product*count,count+1,max)
  File "<pyshell#243>", line 4, in fuct_def
    return fuct_def(product*count,count+1,max)
  File "<pyshell#243>", line 4, in fuct_def
    return fuct_def(product*count,count+1,max)
  File "<pyshell#243>", line 4, in fuct_def
    return fuct_def(product*count,count+1,max)
  File "<pyshell#243>", line 4, in fuct_def
    return fuct_def(product*count,count+1,max)
  File "<pyshell#243>", line 4, in fuct_def
    return fuct_def(product*count,count+1,max)
  File "<pyshell#243>", line 4, in fuct_def
    return fuct_def(product*count,count+1,max)
  File "<pyshell#243>", line 4, in fuct_def
    return fuct_def(product*count,count+1,max)
  File "<pyshell#243>", line 4, in fuct_def
    return fuct_def(product*count,count+1,max)
  File "<pyshell#243>", line 4, in fuct_def
    return fuct_def(product*count,count+1,max)
  File "<pyshell#243>", line 4, in fuct_def
    return fuct_def(product*count,count+1,max)
  File "<pyshell#243>", line 4, in fuct_def
    return fuct_def(product*count,count+1,max)
  File "<pyshell#243>", line 4, in fuct_def
    return fuct_def(product*count,count+1,max)
  File "<pyshell#243>", line 4, in fuct_def
    return fuct_def(product*count,count+1,max)
  File "<pyshell#243>", line 4, in fuct_def
    return fuct_def(product*count,count+1,max)
  File "<pyshell#243>", line 4, in fuct_def
    return fuct_def(product*count,count+1,max)
  File "<pyshell#243>", line 4, in fuct_def
    return fuct_def(product*count,count+1,max)
  File "<pyshell#243>", line 4, in fuct_def
    return fuct_def(product*count,count+1,max)
  File "<pyshell#243>", line 4, in fuct_def
    return fuct_def(product*count,count+1,max)
  File "<pyshell#243>", line 4, in fuct_def
    return fuct_def(product*count,count+1,max)
  File "<pyshell#243>", line 4, in fuct_def
    return fuct_def(product*count,count+1,max)
  File "<pyshell#243>", line 4, in fuct_def
    return fuct_def(product*count,count+1,max)
  File "<pyshell#243>", line 4, in fuct_def
    return fuct_def(product*count,count+1,max)
  File "<pyshell#243>", line 4, in fuct_def
    return fuct_def(product*count,count+1,max)
  File "<pyshell#243>", line 4, in fuct_def
    return fuct_def(product*count,count+1,max)
  File "<pyshell#243>", line 4, in fuct_def
    return fuct_def(product*count,count+1,max)
  File "<pyshell#243>", line 4, in fuct_def
    return fuct_def(product*count,count+1,max)
  File "<pyshell#243>", line 4, in fuct_def
    return fuct_def(product*count,count+1,max)
  File "<pyshell#243>", line 4, in fuct_def
    return fuct_def(product*count,count+1,max)
  File "<pyshell#243>", line 4, in fuct_def
    return fuct_def(product*count,count+1,max)
  File "<pyshell#243>", line 4, in fuct_def
    return fuct_def(product*count,count+1,max)
  File "<pyshell#243>", line 4, in fuct_def
    return fuct_def(product*count,count+1,max)
  File "<pyshell#243>", line 4, in fuct_def
    return fuct_def(product*count,count+1,max)
  File "<pyshell#243>", line 4, in fuct_def
    return fuct_def(product*count,count+1,max)
  File "<pyshell#243>", line 4, in fuct_def
    return fuct_def(product*count,count+1,max)
  File "<pyshell#243>", line 4, in fuct_def
    return fuct_def(product*count,count+1,max)
  File "<pyshell#243>", line 4, in fuct_def
    return fuct_def(product*count,count+1,max)
  File "<pyshell#243>", line 4, in fuct_def
    return fuct_def(product*count,count+1,max)
  File "<pyshell#243>", line 4, in fuct_def
    return fuct_def(product*count,count+1,max)
  File "<pyshell#243>", line 4, in fuct_def
    return fuct_def(product*count,count+1,max)
  File "<pyshell#243>", line 4, in fuct_def
    return fuct_def(product*count,count+1,max)
  File "<pyshell#243>", line 4, in fuct_def
    return fuct_def(product*count,count+1,max)
  File "<pyshell#243>", line 4, in fuct_def
    return fuct_def(product*count,count+1,max)
  File "<pyshell#243>", line 4, in fuct_def
    return fuct_def(product*count,count+1,max)
  File "<pyshell#243>", line 4, in fuct_def
    return fuct_def(product*count,count+1,max)
  File "<pyshell#243>", line 4, in fuct_def
    return fuct_def(product*count,count+1,max)
  File "<pyshell#243>", line 4, in fuct_def
    return fuct_def(product*count,count+1,max)
  File "<pyshell#243>", line 4, in fuct_def
    return fuct_def(product*count,count+1,max)
  File "<pyshell#243>", line 4, in fuct_def
    return fuct_def(product*count,count+1,max)
  File "<pyshell#243>", line 4, in fuct_def
    return fuct_def(product*count,count+1,max)
  File "<pyshell#243>", line 4, in fuct_def
    return fuct_def(product*count,count+1,max)
  File "<pyshell#243>", line 4, in fuct_def
    return fuct_def(product*count,count+1,max)
  File "<pyshell#243>", line 4, in fuct_def
    return fuct_def(product*count,count+1,max)
  File "<pyshell#243>", line 4, in fuct_def
    return fuct_def(product*count,count+1,max)
  File "<pyshell#243>", line 4, in fuct_def
    return fuct_def(product*count,count+1,max)
  File "<pyshell#243>", line 4, in fuct_def
    return fuct_def(product*count,count+1,max)
  File "<pyshell#243>", line 4, in fuct_def
    return fuct_def(product*count,count+1,max)
  File "<pyshell#243>", line 4, in fuct_def
    return fuct_def(product*count,count+1,max)
  File "<pyshell#243>", line 4, in fuct_def
    return fuct_def(product*count,count+1,max)
  File "<pyshell#243>", line 4, in fuct_def
    return fuct_def(product*count,count+1,max)
  File "<pyshell#243>", line 4, in fuct_def
    return fuct_def(product*count,count+1,max)
  File "<pyshell#243>", line 4, in fuct_def
    return fuct_def(product*count,count+1,max)
  File "<pyshell#243>", line 4, in fuct_def
    return fuct_def(product*count,count+1,max)
  File "<pyshell#243>", line 4, in fuct_def
    return fuct_def(product*count,count+1,max)
  File "<pyshell#243>", line 4, in fuct_def
    return fuct_def(product*count,count+1,max)
  File "<pyshell#243>", line 4, in fuct_def
    return fuct_def(product*count,count+1,max)
  File "<pyshell#243>", line 4, in fuct_def
    return fuct_def(product*count,count+1,max)
  File "<pyshell#243>", line 4, in fuct_def
    return fuct_def(product*count,count+1,max)
  File "<pyshell#243>", line 4, in fuct_def
    return fuct_def(product*count,count+1,max)
  File "<pyshell#243>", line 4, in fuct_def
    return fuct_def(product*count,count+1,max)
  File "<pyshell#243>", line 4, in fuct_def
    return fuct_def(product*count,count+1,max)
  File "<pyshell#243>", line 4, in fuct_def
    return fuct_def(product*count,count+1,max)
  File "<pyshell#243>", line 4, in fuct_def
    return fuct_def(product*count,count+1,max)
  File "<pyshell#243>", line 4, in fuct_def
    return fuct_def(product*count,count+1,max)
  File "<pyshell#243>", line 4, in fuct_def
    return fuct_def(product*count,count+1,max)
  File "<pyshell#243>", line 4, in fuct_def
    return fuct_def(product*count,count+1,max)
  File "<pyshell#243>", line 4, in fuct_def
    return fuct_def(product*count,count+1,max)
  File "<pyshell#243>", line 4, in fuct_def
    return fuct_def(product*count,count+1,max)
  File "<pyshell#243>", line 4, in fuct_def
    return fuct_def(product*count,count+1,max)
  File "<pyshell#243>", line 4, in fuct_def
    return fuct_def(product*count,count+1,max)
  File "<pyshell#243>", line 4, in fuct_def
    return fuct_def(product*count,count+1,max)
  File "<pyshell#243>", line 4, in fuct_def
    return fuct_def(product*count,count+1,max)
  File "<pyshell#243>", line 4, in fuct_def
    return fuct_def(product*count,count+1,max)
  File "<pyshell#243>", line 4, in fuct_def
    return fuct_def(product*count,count+1,max)
  File "<pyshell#243>", line 4, in fuct_def
    return fuct_def(product*count,count+1,max)
  File "<pyshell#243>", line 4, in fuct_def
    return fuct_def(product*count,count+1,max)
  File "<pyshell#243>", line 4, in fuct_def
    return fuct_def(product*count,count+1,max)
  File "<pyshell#243>", line 4, in fuct_def
    return fuct_def(product*count,count+1,max)
  File "<pyshell#243>", line 4, in fuct_def
    return fuct_def(product*count,count+1,max)
  File "<pyshell#243>", line 4, in fuct_def
    return fuct_def(product*count,count+1,max)
  File "<pyshell#243>", line 4, in fuct_def
    return fuct_def(product*count,count+1,max)
  File "<pyshell#243>", line 4, in fuct_def
    return fuct_def(product*count,count+1,max)
  File "<pyshell#243>", line 4, in fuct_def
    return fuct_def(product*count,count+1,max)
  File "<pyshell#243>", line 4, in fuct_def
    return fuct_def(product*count,count+1,max)
  File "<pyshell#243>", line 4, in fuct_def
    return fuct_def(product*count,count+1,max)
  File "<pyshell#243>", line 4, in fuct_def
    return fuct_def(product*count,count+1,max)
  File "<pyshell#243>", line 4, in fuct_def
    return fuct_def(product*count,count+1,max)
  File "<pyshell#243>", line 4, in fuct_def
    return fuct_def(product*count,count+1,max)
  File "<pyshell#243>", line 4, in fuct_def
    return fuct_def(product*count,count+1,max)
  File "<pyshell#243>", line 4, in fuct_def
    return fuct_def(product*count,count+1,max)
  File "<pyshell#243>", line 4, in fuct_def
    return fuct_def(product*count,count+1,max)
  File "<pyshell#243>", line 4, in fuct_def
    return fuct_def(product*count,count+1,max)
  File "<pyshell#243>", line 4, in fuct_def
    return fuct_def(product*count,count+1,max)
  File "<pyshell#243>", line 4, in fuct_def
    return fuct_def(product*count,count+1,max)
  File "<pyshell#243>", line 4, in fuct_def
    return fuct_def(product*count,count+1,max)
  File "<pyshell#243>", line 4, in fuct_def
    return fuct_def(product*count,count+1,max)
  File "<pyshell#243>", line 4, in fuct_def
    return fuct_def(product*count,count+1,max)
  File "<pyshell#243>", line 4, in fuct_def
    return fuct_def(product*count,count+1,max)
  File "<pyshell#243>", line 4, in fuct_def
    return fuct_def(product*count,count+1,max)
  File "<pyshell#243>", line 4, in fuct_def
    return fuct_def(product*count,count+1,max)
  File "<pyshell#243>", line 4, in fuct_def
    return fuct_def(product*count,count+1,max)
  File "<pyshell#243>", line 4, in fuct_def
    return fuct_def(product*count,count+1,max)
  File "<pyshell#243>", line 4, in fuct_def
    return fuct_def(product*count,count+1,max)
  File "<pyshell#243>", line 4, in fuct_def
    return fuct_def(product*count,count+1,max)
  File "<pyshell#243>", line 4, in fuct_def
    return fuct_def(product*count,count+1,max)
  File "<pyshell#243>", line 4, in fuct_def
    return fuct_def(product*count,count+1,max)
  File "<pyshell#243>", line 4, in fuct_def
    return fuct_def(product*count,count+1,max)
  File "<pyshell#243>", line 4, in fuct_def
    return fuct_def(product*count,count+1,max)
  File "<pyshell#243>", line 4, in fuct_def
    return fuct_def(product*count,count+1,max)
  File "<pyshell#243>", line 4, in fuct_def
    return fuct_def(product*count,count+1,max)
  File "<pyshell#243>", line 4, in fuct_def
    return fuct_def(product*count,count+1,max)
  File "<pyshell#243>", line 4, in fuct_def
    return fuct_def(product*count,count+1,max)
  File "<pyshell#243>", line 4, in fuct_def
    return fuct_def(product*count,count+1,max)
  File "<pyshell#243>", line 4, in fuct_def
    return fuct_def(product*count,count+1,max)
  File "<pyshell#243>", line 4, in fuct_def
    return fuct_def(product*count,count+1,max)
  File "<pyshell#243>", line 4, in fuct_def
    return fuct_def(product*count,count+1,max)
  File "<pyshell#243>", line 4, in fuct_def
    return fuct_def(product*count,count+1,max)
  File "<pyshell#243>", line 4, in fuct_def
    return fuct_def(product*count,count+1,max)
  File "<pyshell#243>", line 4, in fuct_def
    return fuct_def(product*count,count+1,max)
  File "<pyshell#243>", line 4, in fuct_def
    return fuct_def(product*count,count+1,max)
  File "<pyshell#243>", line 4, in fuct_def
    return fuct_def(product*count,count+1,max)
  File "<pyshell#243>", line 4, in fuct_def
    return fuct_def(product*count,count+1,max)
  File "<pyshell#243>", line 4, in fuct_def
    return fuct_def(product*count,count+1,max)
  File "<pyshell#243>", line 4, in fuct_def
    return fuct_def(product*count,count+1,max)
  File "<pyshell#243>", line 4, in fuct_def
    return fuct_def(product*count,count+1,max)
  File "<pyshell#243>", line 4, in fuct_def
    return fuct_def(product*count,count+1,max)
  File "<pyshell#243>", line 4, in fuct_def
    return fuct_def(product*count,count+1,max)
  File "<pyshell#243>", line 4, in fuct_def
    return fuct_def(product*count,count+1,max)
  File "<pyshell#243>", line 4, in fuct_def
    return fuct_def(product*count,count+1,max)
  File "<pyshell#243>", line 4, in fuct_def
    return fuct_def(product*count,count+1,max)
  File "<pyshell#243>", line 4, in fuct_def
    return fuct_def(product*count,count+1,max)
  File "<pyshell#243>", line 4, in fuct_def
    return fuct_def(product*count,count+1,max)
  File "<pyshell#243>", line 4, in fuct_def
    return fuct_def(product*count,count+1,max)
  File "<pyshell#243>", line 4, in fuct_def
    return fuct_def(product*count,count+1,max)
  File "<pyshell#243>", line 4, in fuct_def
    return fuct_def(product*count,count+1,max)
  File "<pyshell#243>", line 4, in fuct_def
    return fuct_def(product*count,count+1,max)
  File "<pyshell#243>", line 4, in fuct_def
    return fuct_def(product*count,count+1,max)
  File "<pyshell#243>", line 4, in fuct_def
    return fuct_def(product*count,count+1,max)
  File "<pyshell#243>", line 4, in fuct_def
    return fuct_def(product*count,count+1,max)
  File "<pyshell#243>", line 4, in fuct_def
    return fuct_def(product*count,count+1,max)
  File "<pyshell#243>", line 4, in fuct_def
    return fuct_def(product*count,count+1,max)
  File "<pyshell#243>", line 4, in fuct_def
    return fuct_def(product*count,count+1,max)
  File "<pyshell#243>", line 4, in fuct_def
    return fuct_def(product*count,count+1,max)
  File "<pyshell#243>", line 4, in fuct_def
    return fuct_def(product*count,count+1,max)
  File "<pyshell#243>", line 4, in fuct_def
    return fuct_def(product*count,count+1,max)
  File "<pyshell#243>", line 4, in fuct_def
    return fuct_def(product*count,count+1,max)
  File "<pyshell#243>", line 4, in fuct_def
    return fuct_def(product*count,count+1,max)
  File "<pyshell#243>", line 4, in fuct_def
    return fuct_def(product*count,count+1,max)
  File "<pyshell#243>", line 4, in fuct_def
    return fuct_def(product*count,count+1,max)
  File "<pyshell#243>", line 4, in fuct_def
    return fuct_def(product*count,count+1,max)
  File "<pyshell#243>", line 4, in fuct_def
    return fuct_def(product*count,count+1,max)
  File "<pyshell#243>", line 4, in fuct_def
    return fuct_def(product*count,count+1,max)
  File "<pyshell#243>", line 4, in fuct_def
    return fuct_def(product*count,count+1,max)
  File "<pyshell#243>", line 4, in fuct_def
    return fuct_def(product*count,count+1,max)
  File "<pyshell#243>", line 4, in fuct_def
    return fuct_def(product*count,count+1,max)
  File "<pyshell#243>", line 4, in fuct_def
    return fuct_def(product*count,count+1,max)
  File "<pyshell#243>", line 4, in fuct_def
    return fuct_def(product*count,count+1,max)
  File "<pyshell#243>", line 4, in fuct_def
    return fuct_def(product*count,count+1,max)
  File "<pyshell#243>", line 4, in fuct_def
    return fuct_def(product*count,count+1,max)
  File "<pyshell#243>", line 4, in fuct_def
    return fuct_def(product*count,count+1,max)
  File "<pyshell#243>", line 4, in fuct_def
    return fuct_def(product*count,count+1,max)
  File "<pyshell#243>", line 4, in fuct_def
    return fuct_def(product*count,count+1,max)
  File "<pyshell#243>", line 4, in fuct_def
    return fuct_def(product*count,count+1,max)
  File "<pyshell#243>", line 4, in fuct_def
    return fuct_def(product*count,count+1,max)
  File "<pyshell#243>", line 4, in fuct_def
    return fuct_def(product*count,count+1,max)
  File "<pyshell#243>", line 4, in fuct_def
    return fuct_def(product*count,count+1,max)
  File "<pyshell#243>", line 4, in fuct_def
    return fuct_def(product*count,count+1,max)
  File "<pyshell#243>", line 4, in fuct_def
    return fuct_def(product*count,count+1,max)
  File "<pyshell#243>", line 4, in fuct_def
    return fuct_def(product*count,count+1,max)
  File "<pyshell#243>", line 4, in fuct_def
    return fuct_def(product*count,count+1,max)
  File "<pyshell#243>", line 4, in fuct_def
    return fuct_def(product*count,count+1,max)
  File "<pyshell#243>", line 4, in fuct_def
    return fuct_def(product*count,count+1,max)
  File "<pyshell#243>", line 4, in fuct_def
    return fuct_def(product*count,count+1,max)
  File "<pyshell#243>", line 4, in fuct_def
    return fuct_def(product*count,count+1,max)
  File "<pyshell#243>", line 4, in fuct_def
    return fuct_def(product*count,count+1,max)
  File "<pyshell#243>", line 4, in fuct_def
    return fuct_def(product*count,count+1,max)
  File "<pyshell#243>", line 4, in fuct_def
    return fuct_def(product*count,count+1,max)
  File "<pyshell#243>", line 4, in fuct_def
    return fuct_def(product*count,count+1,max)
  File "<pyshell#243>", line 4, in fuct_def
    return fuct_def(product*count,count+1,max)
  File "<pyshell#243>", line 4, in fuct_def
    return fuct_def(product*count,count+1,max)
  File "<pyshell#243>", line 4, in fuct_def
    return fuct_def(product*count,count+1,max)
  File "<pyshell#243>", line 4, in fuct_def
    return fuct_def(product*count,count+1,max)
  File "<pyshell#243>", line 4, in fuct_def
    return fuct_def(product*count,count+1,max)
  File "<pyshell#243>", line 4, in fuct_def
    return fuct_def(product*count,count+1,max)
  File "<pyshell#243>", line 4, in fuct_def
    return fuct_def(product*count,count+1,max)
  File "<pyshell#243>", line 4, in fuct_def
    return fuct_def(product*count,count+1,max)
  File "<pyshell#243>", line 4, in fuct_def
    return fuct_def(product*count,count+1,max)
  File "<pyshell#243>", line 4, in fuct_def
    return fuct_def(product*count,count+1,max)
  File "<pyshell#243>", line 4, in fuct_def
    return fuct_def(product*count,count+1,max)
  File "<pyshell#243>", line 4, in fuct_def
    return fuct_def(product*count,count+1,max)
  File "<pyshell#243>", line 4, in fuct_def
    return fuct_def(product*count,count+1,max)
  File "<pyshell#243>", line 4, in fuct_def
    return fuct_def(product*count,count+1,max)
  File "<pyshell#243>", line 4, in fuct_def
    return fuct_def(product*count,count+1,max)
  File "<pyshell#243>", line 4, in fuct_def
    return fuct_def(product*count,count+1,max)
  File "<pyshell#243>", line 4, in fuct_def
    return fuct_def(product*count,count+1,max)
  File "<pyshell#243>", line 4, in fuct_def
    return fuct_def(product*count,count+1,max)
  File "<pyshell#243>", line 4, in fuct_def
    return fuct_def(product*count,count+1,max)
  File "<pyshell#243>", line 4, in fuct_def
    return fuct_def(product*count,count+1,max)
  File "<pyshell#243>", line 4, in fuct_def
    return fuct_def(product*count,count+1,max)
  File "<pyshell#243>", line 4, in fuct_def
    return fuct_def(product*count,count+1,max)
  File "<pyshell#243>", line 4, in fuct_def
    return fuct_def(product*count,count+1,max)
  File "<pyshell#243>", line 4, in fuct_def
    return fuct_def(product*count,count+1,max)
  File "<pyshell#243>", line 4, in fuct_def
    return fuct_def(product*count,count+1,max)
  File "<pyshell#243>", line 4, in fuct_def
    return fuct_def(product*count,count+1,max)
  File "<pyshell#243>", line 4, in fuct_def
    return fuct_def(product*count,count+1,max)
  File "<pyshell#243>", line 4, in fuct_def
    return fuct_def(product*count,count+1,max)
  File "<pyshell#243>", line 4, in fuct_def
    return fuct_def(product*count,count+1,max)
  File "<pyshell#243>", line 4, in fuct_def
    return fuct_def(product*count,count+1,max)
  File "<pyshell#243>", line 4, in fuct_def
    return fuct_def(product*count,count+1,max)
  File "<pyshell#243>", line 4, in fuct_def
    return fuct_def(product*count,count+1,max)
  File "<pyshell#243>", line 4, in fuct_def
    return fuct_def(product*count,count+1,max)
  File "<pyshell#243>", line 4, in fuct_def
    return fuct_def(product*count,count+1,max)
  File "<pyshell#243>", line 4, in fuct_def
    return fuct_def(product*count,count+1,max)
  File "<pyshell#243>", line 4, in fuct_def
    return fuct_def(product*count,count+1,max)
  File "<pyshell#243>", line 4, in fuct_def
    return fuct_def(product*count,count+1,max)
  File "<pyshell#243>", line 4, in fuct_def
    return fuct_def(product*count,count+1,max)
  File "<pyshell#243>", line 4, in fuct_def
    return fuct_def(product*count,count+1,max)
  File "<pyshell#243>", line 4, in fuct_def
    return fuct_def(product*count,count+1,max)
  File "<pyshell#243>", line 4, in fuct_def
    return fuct_def(product*count,count+1,max)
  File "<pyshell#243>", line 4, in fuct_def
    return fuct_def(product*count,count+1,max)
  File "<pyshell#243>", line 4, in fuct_def
    return fuct_def(product*count,count+1,max)
  File "<pyshell#243>", line 4, in fuct_def
    return fuct_def(product*count,count+1,max)
  File "<pyshell#243>", line 4, in fuct_def
    return fuct_def(product*count,count+1,max)
  File "<pyshell#243>", line 4, in fuct_def
    return fuct_def(product*count,count+1,max)
  File "<pyshell#243>", line 4, in fuct_def
    return fuct_def(product*count,count+1,max)
  File "<pyshell#243>", line 4, in fuct_def
    return fuct_def(product*count,count+1,max)
  File "<pyshell#243>", line 4, in fuct_def
    return fuct_def(product*count,count+1,max)
  File "<pyshell#243>", line 4, in fuct_def
    return fuct_def(product*count,count+1,max)
  File "<pyshell#243>", line 4, in fuct_def
    return fuct_def(product*count,count+1,max)
  File "<pyshell#243>", line 4, in fuct_def
    return fuct_def(product*count,count+1,max)
  File "<pyshell#243>", line 4, in fuct_def
    return fuct_def(product*count,count+1,max)
  File "<pyshell#243>", line 4, in fuct_def
    return fuct_def(product*count,count+1,max)
  File "<pyshell#243>", line 4, in fuct_def
    return fuct_def(product*count,count+1,max)
  File "<pyshell#243>", line 4, in fuct_def
    return fuct_def(product*count,count+1,max)
  File "<pyshell#243>", line 4, in fuct_def
    return fuct_def(product*count,count+1,max)
  File "<pyshell#243>", line 4, in fuct_def
    return fuct_def(product*count,count+1,max)
  File "<pyshell#243>", line 4, in fuct_def
    return fuct_def(product*count,count+1,max)
  File "<pyshell#243>", line 4, in fuct_def
    return fuct_def(product*count,count+1,max)
  File "<pyshell#243>", line 4, in fuct_def
    return fuct_def(product*count,count+1,max)
  File "<pyshell#243>", line 4, in fuct_def
    return fuct_def(product*count,count+1,max)
  File "<pyshell#243>", line 4, in fuct_def
    return fuct_def(product*count,count+1,max)
  File "<pyshell#243>", line 4, in fuct_def
    return fuct_def(product*count,count+1,max)
  File "<pyshell#243>", line 4, in fuct_def
    return fuct_def(product*count,count+1,max)
  File "<pyshell#243>", line 4, in fuct_def
    return fuct_def(product*count,count+1,max)
  File "<pyshell#243>", line 4, in fuct_def
    return fuct_def(product*count,count+1,max)
  File "<pyshell#243>", line 4, in fuct_def
    return fuct_def(product*count,count+1,max)
  File "<pyshell#243>", line 4, in fuct_def
    return fuct_def(product*count,count+1,max)
  File "<pyshell#243>", line 4, in fuct_def
    return fuct_def(product*count,count+1,max)
  File "<pyshell#243>", line 4, in fuct_def
    return fuct_def(product*count,count+1,max)
  File "<pyshell#243>", line 4, in fuct_def
    return fuct_def(product*count,count+1,max)
  File "<pyshell#243>", line 4, in fuct_def
    return fuct_def(product*count,count+1,max)
  File "<pyshell#243>", line 4, in fuct_def
    return fuct_def(product*count,count+1,max)
  File "<pyshell#243>", line 4, in fuct_def
    return fuct_def(product*count,count+1,max)
  File "<pyshell#243>", line 4, in fuct_def
    return fuct_def(product*count,count+1,max)
  File "<pyshell#243>", line 4, in fuct_def
    return fuct_def(product*count,count+1,max)
  File "<pyshell#243>", line 4, in fuct_def
    return fuct_def(product*count,count+1,max)
  File "<pyshell#243>", line 4, in fuct_def
    return fuct_def(product*count,count+1,max)
  File "<pyshell#243>", line 4, in fuct_def
    return fuct_def(product*count,count+1,max)
  File "<pyshell#243>", line 4, in fuct_def
    return fuct_def(product*count,count+1,max)
  File "<pyshell#243>", line 4, in fuct_def
    return fuct_def(product*count,count+1,max)
  File "<pyshell#243>", line 4, in fuct_def
    return fuct_def(product*count,count+1,max)
  File "<pyshell#243>", line 4, in fuct_def
    return fuct_def(product*count,count+1,max)
  File "<pyshell#243>", line 4, in fuct_def
    return fuct_def(product*count,count+1,max)
  File "<pyshell#243>", line 4, in fuct_def
    return fuct_def(product*count,count+1,max)
  File "<pyshell#243>", line 4, in fuct_def
    return fuct_def(product*count,count+1,max)
  File "<pyshell#243>", line 4, in fuct_def
    return fuct_def(product*count,count+1,max)
  File "<pyshell#243>", line 4, in fuct_def
    return fuct_def(product*count,count+1,max)
  File "<pyshell#243>", line 4, in fuct_def
    return fuct_def(product*count,count+1,max)
  File "<pyshell#243>", line 4, in fuct_def
    return fuct_def(product*count,count+1,max)
  File "<pyshell#243>", line 4, in fuct_def
    return fuct_def(product*count,count+1,max)
  File "<pyshell#243>", line 4, in fuct_def
    return fuct_def(product*count,count+1,max)
  File "<pyshell#243>", line 4, in fuct_def
    return fuct_def(product*count,count+1,max)
  File "<pyshell#243>", line 4, in fuct_def
    return fuct_def(product*count,count+1,max)
  File "<pyshell#243>", line 4, in fuct_def
    return fuct_def(product*count,count+1,max)
  File "<pyshell#243>", line 4, in fuct_def
    return fuct_def(product*count,count+1,max)
  File "<pyshell#243>", line 4, in fuct_def
    return fuct_def(product*count,count+1,max)
  File "<pyshell#243>", line 4, in fuct_def
    return fuct_def(product*count,count+1,max)
  File "<pyshell#243>", line 4, in fuct_def
    return fuct_def(product*count,count+1,max)
  File "<pyshell#243>", line 4, in fuct_def
    return fuct_def(product*count,count+1,max)
  File "<pyshell#243>", line 4, in fuct_def
    return fuct_def(product*count,count+1,max)
  File "<pyshell#243>", line 4, in fuct_def
    return fuct_def(product*count,count+1,max)
  File "<pyshell#243>", line 4, in fuct_def
    return fuct_def(product*count,count+1,max)
  File "<pyshell#243>", line 4, in fuct_def
    return fuct_def(product*count,count+1,max)
  File "<pyshell#243>", line 4, in fuct_def
    return fuct_def(product*count,count+1,max)
  File "<pyshell#243>", line 4, in fuct_def
    return fuct_def(product*count,count+1,max)
  File "<pyshell#243>", line 4, in fuct_def
    return fuct_def(product*count,count+1,max)
  File "<pyshell#243>", line 4, in fuct_def
    return fuct_def(product*count,count+1,max)
  File "<pyshell#243>", line 4, in fuct_def
    return fuct_def(product*count,count+1,max)
  File "<pyshell#243>", line 4, in fuct_def
    return fuct_def(product*count,count+1,max)
  File "<pyshell#243>", line 4, in fuct_def
    return fuct_def(product*count,count+1,max)
  File "<pyshell#243>", line 4, in fuct_def
    return fuct_def(product*count,count+1,max)
  File "<pyshell#243>", line 4, in fuct_def
    return fuct_def(product*count,count+1,max)
  File "<pyshell#243>", line 4, in fuct_def
    return fuct_def(product*count,count+1,max)
  File "<pyshell#243>", line 4, in fuct_def
    return fuct_def(product*count,count+1,max)
  File "<pyshell#243>", line 4, in fuct_def
    return fuct_def(product*count,count+1,max)
  File "<pyshell#243>", line 4, in fuct_def
    return fuct_def(product*count,count+1,max)
  File "<pyshell#243>", line 4, in fuct_def
    return fuct_def(product*count,count+1,max)
  File "<pyshell#243>", line 4, in fuct_def
    return fuct_def(product*count,count+1,max)
  File "<pyshell#243>", line 4, in fuct_def
    return fuct_def(product*count,count+1,max)
  File "<pyshell#243>", line 4, in fuct_def
    return fuct_def(product*count,count+1,max)
  File "<pyshell#243>", line 4, in fuct_def
    return fuct_def(product*count,count+1,max)
  File "<pyshell#243>", line 4, in fuct_def
    return fuct_def(product*count,count+1,max)
  File "<pyshell#243>", line 4, in fuct_def
    return fuct_def(product*count,count+1,max)
  File "<pyshell#243>", line 4, in fuct_def
    return fuct_def(product*count,count+1,max)
  File "<pyshell#243>", line 4, in fuct_def
    return fuct_def(product*count,count+1,max)
  File "<pyshell#243>", line 4, in fuct_def
    return fuct_def(product*count,count+1,max)
  File "<pyshell#243>", line 4, in fuct_def
    return fuct_def(product*count,count+1,max)
  File "<pyshell#243>", line 4, in fuct_def
    return fuct_def(product*count,count+1,max)
  File "<pyshell#243>", line 4, in fuct_def
    return fuct_def(product*count,count+1,max)
  File "<pyshell#243>", line 4, in fuct_def
    return fuct_def(product*count,count+1,max)
  File "<pyshell#243>", line 4, in fuct_def
    return fuct_def(product*count,count+1,max)
  File "<pyshell#243>", line 4, in fuct_def
    return fuct_def(product*count,count+1,max)
  File "<pyshell#243>", line 4, in fuct_def
    return fuct_def(product*count,count+1,max)
  File "<pyshell#243>", line 4, in fuct_def
    return fuct_def(product*count,count+1,max)
  File "<pyshell#243>", line 4, in fuct_def
    return fuct_def(product*count,count+1,max)
  File "<pyshell#243>", line 4, in fuct_def
    return fuct_def(product*count,count+1,max)
  File "<pyshell#243>", line 4, in fuct_def
    return fuct_def(product*count,count+1,max)
  File "<pyshell#243>", line 4, in fuct_def
    return fuct_def(product*count,count+1,max)
  File "<pyshell#243>", line 4, in fuct_def
    return fuct_def(product*count,count+1,max)
  File "<pyshell#243>", line 4, in fuct_def
    return fuct_def(product*count,count+1,max)
  File "<pyshell#243>", line 4, in fuct_def
    return fuct_def(product*count,count+1,max)
  File "<pyshell#243>", line 4, in fuct_def
    return fuct_def(product*count,count+1,max)
  File "<pyshell#243>", line 4, in fuct_def
    return fuct_def(product*count,count+1,max)
  File "<pyshell#243>", line 4, in fuct_def
    return fuct_def(product*count,count+1,max)
  File "<pyshell#243>", line 4, in fuct_def
    return fuct_def(product*count,count+1,max)
  File "<pyshell#243>", line 4, in fuct_def
    return fuct_def(product*count,count+1,max)
  File "<pyshell#243>", line 4, in fuct_def
    return fuct_def(product*count,count+1,max)
  File "<pyshell#243>", line 4, in fuct_def
    return fuct_def(product*count,count+1,max)
  File "<pyshell#243>", line 4, in fuct_def
    return fuct_def(product*count,count+1,max)
  File "<pyshell#243>", line 4, in fuct_def
    return fuct_def(product*count,count+1,max)
  File "<pyshell#243>", line 4, in fuct_def
    return fuct_def(product*count,count+1,max)
  File "<pyshell#243>", line 4, in fuct_def
    return fuct_def(product*count,count+1,max)
  File "<pyshell#243>", line 4, in fuct_def
    return fuct_def(product*count,count+1,max)
  File "<pyshell#243>", line 4, in fuct_def
    return fuct_def(product*count,count+1,max)
  File "<pyshell#243>", line 4, in fuct_def
    return fuct_def(product*count,count+1,max)
  File "<pyshell#243>", line 4, in fuct_def
    return fuct_def(product*count,count+1,max)
  File "<pyshell#243>", line 4, in fuct_def
    return fuct_def(product*count,count+1,max)
  File "<pyshell#243>", line 4, in fuct_def
    return fuct_def(product*count,count+1,max)
  File "<pyshell#243>", line 4, in fuct_def
    return fuct_def(product*count,count+1,max)
  File "<pyshell#243>", line 4, in fuct_def
    return fuct_def(product*count,count+1,max)
  File "<pyshell#243>", line 4, in fuct_def
    return fuct_def(product*count,count+1,max)
  File "<pyshell#243>", line 4, in fuct_def
    return fuct_def(product*count,count+1,max)
  File "<pyshell#243>", line 4, in fuct_def
    return fuct_def(product*count,count+1,max)
  File "<pyshell#243>", line 4, in fuct_def
    return fuct_def(product*count,count+1,max)
  File "<pyshell#243>", line 4, in fuct_def
    return fuct_def(product*count,count+1,max)
  File "<pyshell#243>", line 4, in fuct_def
    return fuct_def(product*count,count+1,max)
  File "<pyshell#243>", line 4, in fuct_def
    return fuct_def(product*count,count+1,max)
  File "<pyshell#243>", line 4, in fuct_def
    return fuct_def(product*count,count+1,max)
  File "<pyshell#243>", line 4, in fuct_def
    return fuct_def(product*count,count+1,max)
  File "<pyshell#243>", line 4, in fuct_def
    return fuct_def(product*count,count+1,max)
  File "<pyshell#243>", line 4, in fuct_def
    return fuct_def(product*count,count+1,max)
  File "<pyshell#243>", line 4, in fuct_def
    return fuct_def(product*count,count+1,max)
  File "<pyshell#243>", line 4, in fuct_def
    return fuct_def(product*count,count+1,max)
  File "<pyshell#243>", line 4, in fuct_def
    return fuct_def(product*count,count+1,max)
  File "<pyshell#243>", line 4, in fuct_def
    return fuct_def(product*count,count+1,max)
  File "<pyshell#243>", line 4, in fuct_def
    return fuct_def(product*count,count+1,max)
  File "<pyshell#243>", line 4, in fuct_def
    return fuct_def(product*count,count+1,max)
  File "<pyshell#243>", line 4, in fuct_def
    return fuct_def(product*count,count+1,max)
  File "<pyshell#243>", line 4, in fuct_def
    return fuct_def(product*count,count+1,max)
  File "<pyshell#243>", line 4, in fuct_def
    return fuct_def(product*count,count+1,max)
  File "<pyshell#243>", line 4, in fuct_def
    return fuct_def(product*count,count+1,max)
  File "<pyshell#243>", line 4, in fuct_def
    return fuct_def(product*count,count+1,max)
  File "<pyshell#243>", line 4, in fuct_def
    return fuct_def(product*count,count+1,max)
  File "<pyshell#243>", line 4, in fuct_def
    return fuct_def(product*count,count+1,max)
  File "<pyshell#243>", line 4, in fuct_def
    return fuct_def(product*count,count+1,max)
  File "<pyshell#243>", line 4, in fuct_def
    return fuct_def(product*count,count+1,max)
  File "<pyshell#243>", line 4, in fuct_def
    return fuct_def(product*count,count+1,max)
  File "<pyshell#243>", line 4, in fuct_def
    return fuct_def(product*count,count+1,max)
  File "<pyshell#243>", line 4, in fuct_def
    return fuct_def(product*count,count+1,max)
  File "<pyshell#243>", line 4, in fuct_def
    return fuct_def(product*count,count+1,max)
  File "<pyshell#243>", line 4, in fuct_def
    return fuct_def(product*count,count+1,max)
  File "<pyshell#243>", line 4, in fuct_def
    return fuct_def(product*count,count+1,max)
  File "<pyshell#243>", line 4, in fuct_def
    return fuct_def(product*count,count+1,max)
  File "<pyshell#243>", line 4, in fuct_def
    return fuct_def(product*count,count+1,max)
  File "<pyshell#243>", line 4, in fuct_def
    return fuct_def(product*count,count+1,max)
  File "<pyshell#243>", line 4, in fuct_def
    return fuct_def(product*count,count+1,max)
  File "<pyshell#243>", line 4, in fuct_def
    return fuct_def(product*count,count+1,max)
  File "<pyshell#243>", line 4, in fuct_def
    return fuct_def(product*count,count+1,max)
  File "<pyshell#243>", line 4, in fuct_def
    return fuct_def(product*count,count+1,max)
  File "<pyshell#243>", line 4, in fuct_def
    return fuct_def(product*count,count+1,max)
  File "<pyshell#243>", line 4, in fuct_def
    return fuct_def(product*count,count+1,max)
  File "<pyshell#243>", line 4, in fuct_def
    return fuct_def(product*count,count+1,max)
  File "<pyshell#243>", line 4, in fuct_def
    return fuct_def(product*count,count+1,max)
  File "<pyshell#243>", line 4, in fuct_def
    return fuct_def(product*count,count+1,max)
  File "<pyshell#243>", line 4, in fuct_def
    return fuct_def(product*count,count+1,max)
  File "<pyshell#243>", line 4, in fuct_def
    return fuct_def(product*count,count+1,max)
  File "<pyshell#243>", line 4, in fuct_def
    return fuct_def(product*count,count+1,max)
  File "<pyshell#243>", line 4, in fuct_def
    return fuct_def(product*count,count+1,max)
  File "<pyshell#243>", line 4, in fuct_def
    return fuct_def(product*count,count+1,max)
  File "<pyshell#243>", line 4, in fuct_def
    return fuct_def(product*count,count+1,max)
  File "<pyshell#243>", line 4, in fuct_def
    return fuct_def(product*count,count+1,max)
  File "<pyshell#243>", line 4, in fuct_def
    return fuct_def(product*count,count+1,max)
  File "<pyshell#243>", line 4, in fuct_def
    return fuct_def(product*count,count+1,max)
  File "<pyshell#243>", line 4, in fuct_def
    return fuct_def(product*count,count+1,max)
  File "<pyshell#243>", line 4, in fuct_def
    return fuct_def(product*count,count+1,max)
  File "<pyshell#243>", line 4, in fuct_def
    return fuct_def(product*count,count+1,max)
  File "<pyshell#243>", line 4, in fuct_def
    return fuct_def(product*count,count+1,max)
  File "<pyshell#243>", line 4, in fuct_def
    return fuct_def(product*count,count+1,max)
  File "<pyshell#243>", line 4, in fuct_def
    return fuct_def(product*count,count+1,max)
  File "<pyshell#243>", line 4, in fuct_def
    return fuct_def(product*count,count+1,max)
  File "<pyshell#243>", line 4, in fuct_def
    return fuct_def(product*count,count+1,max)
  File "<pyshell#243>", line 4, in fuct_def
    return fuct_def(product*count,count+1,max)
  File "<pyshell#243>", line 4, in fuct_def
    return fuct_def(product*count,count+1,max)
  File "<pyshell#243>", line 4, in fuct_def
    return fuct_def(product*count,count+1,max)
  File "<pyshell#243>", line 4, in fuct_def
    return fuct_def(product*count,count+1,max)
  File "<pyshell#243>", line 4, in fuct_def
    return fuct_def(product*count,count+1,max)
  File "<pyshell#243>", line 4, in fuct_def
    return fuct_def(product*count,count+1,max)
  File "<pyshell#243>", line 4, in fuct_def
    return fuct_def(product*count,count+1,max)
  File "<pyshell#243>", line 4, in fuct_def
    return fuct_def(product*count,count+1,max)
  File "<pyshell#243>", line 4, in fuct_def
    return fuct_def(product*count,count+1,max)
  File "<pyshell#243>", line 4, in fuct_def
    return fuct_def(product*count,count+1,max)
  File "<pyshell#243>", line 4, in fuct_def
    return fuct_def(product*count,count+1,max)
  File "<pyshell#243>", line 4, in fuct_def
    return fuct_def(product*count,count+1,max)
  File "<pyshell#243>", line 4, in fuct_def
    return fuct_def(product*count,count+1,max)
  File "<pyshell#243>", line 4, in fuct_def
    return fuct_def(product*count,count+1,max)
  File "<pyshell#243>", line 4, in fuct_def
    return fuct_def(product*count,count+1,max)
  File "<pyshell#243>", line 4, in fuct_def
    return fuct_def(product*count,count+1,max)
  File "<pyshell#243>", line 4, in fuct_def
    return fuct_def(product*count,count+1,max)
  File "<pyshell#243>", line 4, in fuct_def
    return fuct_def(product*count,count+1,max)
  File "<pyshell#243>", line 4, in fuct_def
    return fuct_def(product*count,count+1,max)
  File "<pyshell#243>", line 4, in fuct_def
    return fuct_def(product*count,count+1,max)
  File "<pyshell#243>", line 4, in fuct_def
    return fuct_def(product*count,count+1,max)
  File "<pyshell#243>", line 4, in fuct_def
    return fuct_def(product*count,count+1,max)
  File "<pyshell#243>", line 4, in fuct_def
    return fuct_def(product*count,count+1,max)
  File "<pyshell#243>", line 4, in fuct_def
    return fuct_def(product*count,count+1,max)
  File "<pyshell#243>", line 4, in fuct_def
    return fuct_def(product*count,count+1,max)
  File "<pyshell#243>", line 4, in fuct_def
    return fuct_def(product*count,count+1,max)
  File "<pyshell#243>", line 4, in fuct_def
    return fuct_def(product*count,count+1,max)
  File "<pyshell#243>", line 4, in fuct_def
    return fuct_def(product*count,count+1,max)
  File "<pyshell#243>", line 4, in fuct_def
    return fuct_def(product*count,count+1,max)
  File "<pyshell#243>", line 4, in fuct_def
    return fuct_def(product*count,count+1,max)
  File "<pyshell#243>", line 4, in fuct_def
    return fuct_def(product*count,count+1,max)
  File "<pyshell#243>", line 4, in fuct_def
    return fuct_def(product*count,count+1,max)
  File "<pyshell#243>", line 4, in fuct_def
    return fuct_def(product*count,count+1,max)
  File "<pyshell#243>", line 4, in fuct_def
    return fuct_def(product*count,count+1,max)
  File "<pyshell#243>", line 4, in fuct_def
    return fuct_def(product*count,count+1,max)
  File "<pyshell#243>", line 4, in fuct_def
    return fuct_def(product*count,count+1,max)
  File "<pyshell#243>", line 4, in fuct_def
    return fuct_def(product*count,count+1,max)
  File "<pyshell#243>", line 4, in fuct_def
    return fuct_def(product*count,count+1,max)
  File "<pyshell#243>", line 4, in fuct_def
    return fuct_def(product*count,count+1,max)
  File "<pyshell#243>", line 4, in fuct_def
    return fuct_def(product*count,count+1,max)
  File "<pyshell#243>", line 4, in fuct_def
    return fuct_def(product*count,count+1,max)
  File "<pyshell#243>", line 4, in fuct_def
    return fuct_def(product*count,count+1,max)
  File "<pyshell#243>", line 4, in fuct_def
    return fuct_def(product*count,count+1,max)
  File "<pyshell#243>", line 4, in fuct_def
    return fuct_def(product*count,count+1,max)
  File "<pyshell#243>", line 4, in fuct_def
    return fuct_def(product*count,count+1,max)
  File "<pyshell#243>", line 4, in fuct_def
    return fuct_def(product*count,count+1,max)
  File "<pyshell#243>", line 4, in fuct_def
    return fuct_def(product*count,count+1,max)
  File "<pyshell#243>", line 4, in fuct_def
    return fuct_def(product*count,count+1,max)
  File "<pyshell#243>", line 4, in fuct_def
    return fuct_def(product*count,count+1,max)
  File "<pyshell#243>", line 4, in fuct_def
    return fuct_def(product*count,count+1,max)
  File "<pyshell#243>", line 4, in fuct_def
    return fuct_def(product*count,count+1,max)
  File "<pyshell#243>", line 4, in fuct_def
    return fuct_def(product*count,count+1,max)
  File "<pyshell#243>", line 4, in fuct_def
    return fuct_def(product*count,count+1,max)
  File "<pyshell#243>", line 4, in fuct_def
    return fuct_def(product*count,count+1,max)
  File "<pyshell#243>", line 4, in fuct_def
    return fuct_def(product*count,count+1,max)
  File "<pyshell#243>", line 4, in fuct_def
    return fuct_def(product*count,count+1,max)
  File "<pyshell#243>", line 4, in fuct_def
    return fuct_def(product*count,count+1,max)
  File "<pyshell#243>", line 4, in fuct_def
    return fuct_def(product*count,count+1,max)
  File "<pyshell#243>", line 4, in fuct_def
    return fuct_def(product*count,count+1,max)
  File "<pyshell#243>", line 4, in fuct_def
    return fuct_def(product*count,count+1,max)
  File "<pyshell#243>", line 4, in fuct_def
    return fuct_def(product*count,count+1,max)
  File "<pyshell#243>", line 4, in fuct_def
    return fuct_def(product*count,count+1,max)
  File "<pyshell#243>", line 4, in fuct_def
    return fuct_def(product*count,count+1,max)
  File "<pyshell#243>", line 4, in fuct_def
    return fuct_def(product*count,count+1,max)
  File "<pyshell#243>", line 4, in fuct_def
    return fuct_def(product*count,count+1,max)
  File "<pyshell#243>", line 4, in fuct_def
    return fuct_def(product*count,count+1,max)
  File "<pyshell#243>", line 4, in fuct_def
    return fuct_def(product*count,count+1,max)
  File "<pyshell#243>", line 4, in fuct_def
    return fuct_def(product*count,count+1,max)
  File "<pyshell#243>", line 4, in fuct_def
    return fuct_def(product*count,count+1,max)
  File "<pyshell#243>", line 4, in fuct_def
    return fuct_def(product*count,count+1,max)
  File "<pyshell#243>", line 4, in fuct_def
    return fuct_def(product*count,count+1,max)
  File "<pyshell#243>", line 4, in fuct_def
    return fuct_def(product*count,count+1,max)
  File "<pyshell#243>", line 4, in fuct_def
    return fuct_def(product*count,count+1,max)
  File "<pyshell#243>", line 4, in fuct_def
    return fuct_def(product*count,count+1,max)
  File "<pyshell#243>", line 4, in fuct_def
    return fuct_def(product*count,count+1,max)
  File "<pyshell#243>", line 4, in fuct_def
    return fuct_def(product*count,count+1,max)
  File "<pyshell#243>", line 4, in fuct_def
    return fuct_def(product*count,count+1,max)
  File "<pyshell#243>", line 4, in fuct_def
    return fuct_def(product*count,count+1,max)
  File "<pyshell#243>", line 4, in fuct_def
    return fuct_def(product*count,count+1,max)
  File "<pyshell#243>", line 4, in fuct_def
    return fuct_def(product*count,count+1,max)
  File "<pyshell#243>", line 4, in fuct_def
    return fuct_def(product*count,count+1,max)
  File "<pyshell#243>", line 4, in fuct_def
    return fuct_def(product*count,count+1,max)
  File "<pyshell#243>", line 4, in fuct_def
    return fuct_def(product*count,count+1,max)
  File "<pyshell#243>", line 4, in fuct_def
    return fuct_def(product*count,count+1,max)
  File "<pyshell#243>", line 4, in fuct_def
    return fuct_def(product*count,count+1,max)
  File "<pyshell#243>", line 4, in fuct_def
    return fuct_def(product*count,count+1,max)
  File "<pyshell#243>", line 4, in fuct_def
    return fuct_def(product*count,count+1,max)
  File "<pyshell#243>", line 4, in fuct_def
    return fuct_def(product*count,count+1,max)
  File "<pyshell#243>", line 4, in fuct_def
    return fuct_def(product*count,count+1,max)
  File "<pyshell#243>", line 4, in fuct_def
    return fuct_def(product*count,count+1,max)
  File "<pyshell#243>", line 4, in fuct_def
    return fuct_def(product*count,count+1,max)
  File "<pyshell#243>", line 4, in fuct_def
    return fuct_def(product*count,count+1,max)
  File "<pyshell#243>", line 4, in fuct_def
    return fuct_def(product*count,count+1,max)
  File "<pyshell#243>", line 4, in fuct_def
    return fuct_def(product*count,count+1,max)
  File "<pyshell#243>", line 4, in fuct_def
    return fuct_def(product*count,count+1,max)
  File "<pyshell#243>", line 4, in fuct_def
    return fuct_def(product*count,count+1,max)
  File "<pyshell#243>", line 4, in fuct_def
    return fuct_def(product*count,count+1,max)
  File "<pyshell#243>", line 4, in fuct_def
    return fuct_def(product*count,count+1,max)
  File "<pyshell#243>", line 4, in fuct_def
    return fuct_def(product*count,count+1,max)
  File "<pyshell#243>", line 4, in fuct_def
    return fuct_def(product*count,count+1,max)
  File "<pyshell#243>", line 4, in fuct_def
    return fuct_def(product*count,count+1,max)
  File "<pyshell#243>", line 4, in fuct_def
    return fuct_def(product*count,count+1,max)
  File "<pyshell#243>", line 4, in fuct_def
    return fuct_def(product*count,count+1,max)
  File "<pyshell#243>", line 4, in fuct_def
    return fuct_def(product*count,count+1,max)
  File "<pyshell#243>", line 4, in fuct_def
    return fuct_def(product*count,count+1,max)
  File "<pyshell#243>", line 4, in fuct_def
    return fuct_def(product*count,count+1,max)
  File "<pyshell#243>", line 4, in fuct_def
    return fuct_def(product*count,count+1,max)
  File "<pyshell#243>", line 4, in fuct_def
    return fuct_def(product*count,count+1,max)
  File "<pyshell#243>", line 4, in fuct_def
    return fuct_def(product*count,count+1,max)
  File "<pyshell#243>", line 4, in fuct_def
    return fuct_def(product*count,count+1,max)
  File "<pyshell#243>", line 4, in fuct_def
    return fuct_def(product*count,count+1,max)
  File "<pyshell#243>", line 4, in fuct_def
    return fuct_def(product*count,count+1,max)
  File "<pyshell#243>", line 4, in fuct_def
    return fuct_def(product*count,count+1,max)
  File "<pyshell#243>", line 4, in fuct_def
    return fuct_def(product*count,count+1,max)
  File "<pyshell#243>", line 4, in fuct_def
    return fuct_def(product*count,count+1,max)
  File "<pyshell#243>", line 4, in fuct_def
    return fuct_def(product*count,count+1,max)
  File "<pyshell#243>", line 4, in fuct_def
    return fuct_def(product*count,count+1,max)
  File "<pyshell#243>", line 4, in fuct_def
    return fuct_def(product*count,count+1,max)
  File "<pyshell#243>", line 4, in fuct_def
    return fuct_def(product*count,count+1,max)
  File "<pyshell#243>", line 4, in fuct_def
    return fuct_def(product*count,count+1,max)
  File "<pyshell#243>", line 4, in fuct_def
    return fuct_def(product*count,count+1,max)
  File "<pyshell#243>", line 4, in fuct_def
    return fuct_def(product*count,count+1,max)
  File "<pyshell#243>", line 4, in fuct_def
    return fuct_def(product*count,count+1,max)
  File "<pyshell#243>", line 4, in fuct_def
    return fuct_def(product*count,count+1,max)
  File "<pyshell#243>", line 4, in fuct_def
    return fuct_def(product*count,count+1,max)
  File "<pyshell#243>", line 4, in fuct_def
    return fuct_def(product*count,count+1,max)
  File "<pyshell#243>", line 4, in fuct_def
    return fuct_def(product*count,count+1,max)
  File "<pyshell#243>", line 4, in fuct_def
    return fuct_def(product*count,count+1,max)
  File "<pyshell#243>", line 4, in fuct_def
    return fuct_def(product*count,count+1,max)
  File "<pyshell#243>", line 4, in fuct_def
    return fuct_def(product*count,count+1,max)
  File "<pyshell#243>", line 4, in fuct_def
    return fuct_def(product*count,count+1,max)
  File "<pyshell#243>", line 4, in fuct_def
    return fuct_def(product*count,count+1,max)
  File "<pyshell#243>", line 4, in fuct_def
    return fuct_def(product*count,count+1,max)
  File "<pyshell#243>", line 4, in fuct_def
    return fuct_def(product*count,count+1,max)
  File "<pyshell#243>", line 4, in fuct_def
    return fuct_def(product*count,count+1,max)
  File "<pyshell#243>", line 4, in fuct_def
    return fuct_def(product*count,count+1,max)
  File "<pyshell#243>", line 4, in fuct_def
    return fuct_def(product*count,count+1,max)
  File "<pyshell#243>", line 4, in fuct_def
    return fuct_def(product*count,count+1,max)
  File "<pyshell#243>", line 4, in fuct_def
    return fuct_def(product*count,count+1,max)
  File "<pyshell#243>", line 4, in fuct_def
    return fuct_def(product*count,count+1,max)
  File "<pyshell#243>", line 4, in fuct_def
    return fuct_def(product*count,count+1,max)
  File "<pyshell#243>", line 4, in fuct_def
    return fuct_def(product*count,count+1,max)
  File "<pyshell#243>", line 4, in fuct_def
    return fuct_def(product*count,count+1,max)
  File "<pyshell#243>", line 4, in fuct_def
    return fuct_def(product*count,count+1,max)
  File "<pyshell#243>", line 4, in fuct_def
    return fuct_def(product*count,count+1,max)
  File "<pyshell#243>", line 4, in fuct_def
    return fuct_def(product*count,count+1,max)
  File "<pyshell#243>", line 4, in fuct_def
    return fuct_def(product*count,count+1,max)
  File "<pyshell#243>", line 4, in fuct_def
    return fuct_def(product*count,count+1,max)
  File "<pyshell#243>", line 4, in fuct_def
    return fuct_def(product*count,count+1,max)
  File "<pyshell#243>", line 4, in fuct_def
    return fuct_def(product*count,count+1,max)
  File "<pyshell#243>", line 4, in fuct_def
    return fuct_def(product*count,count+1,max)
  File "<pyshell#243>", line 4, in fuct_def
    return fuct_def(product*count,count+1,max)
  File "<pyshell#243>", line 4, in fuct_def
    return fuct_def(product*count,count+1,max)
  File "<pyshell#243>", line 4, in fuct_def
    return fuct_def(product*count,count+1,max)
  File "<pyshell#243>", line 4, in fuct_def
    return fuct_def(product*count,count+1,max)
  File "<pyshell#243>", line 4, in fuct_def
    return fuct_def(product*count,count+1,max)
  File "<pyshell#243>", line 4, in fuct_def
    return fuct_def(product*count,count+1,max)
  File "<pyshell#243>", line 4, in fuct_def
    return fuct_def(product*count,count+1,max)
  File "<pyshell#243>", line 4, in fuct_def
    return fuct_def(product*count,count+1,max)
  File "<pyshell#243>", line 4, in fuct_def
    return fuct_def(product*count,count+1,max)
  File "<pyshell#243>", line 4, in fuct_def
    return fuct_def(product*count,count+1,max)
  File "<pyshell#243>", line 4, in fuct_def
    return fuct_def(product*count,count+1,max)
  File "<pyshell#243>", line 4, in fuct_def
    return fuct_def(product*count,count+1,max)
  File "<pyshell#243>", line 4, in fuct_def
    return fuct_def(product*count,count+1,max)
  File "<pyshell#243>", line 4, in fuct_def
    return fuct_def(product*count,count+1,max)
  File "<pyshell#243>", line 4, in fuct_def
    return fuct_def(product*count,count+1,max)
  File "<pyshell#243>", line 4, in fuct_def
    return fuct_def(product*count,count+1,max)
  File "<pyshell#243>", line 4, in fuct_def
    return fuct_def(product*count,count+1,max)
  File "<pyshell#243>", line 4, in fuct_def
    return fuct_def(product*count,count+1,max)
  File "<pyshell#243>", line 4, in fuct_def
    return fuct_def(product*count,count+1,max)
  File "<pyshell#243>", line 4, in fuct_def
    return fuct_def(product*count,count+1,max)
  File "<pyshell#243>", line 4, in fuct_def
    return fuct_def(product*count,count+1,max)
  File "<pyshell#243>", line 4, in fuct_def
    return fuct_def(product*count,count+1,max)
  File "<pyshell#243>", line 4, in fuct_def
    return fuct_def(product*count,count+1,max)
  File "<pyshell#243>", line 4, in fuct_def
    return fuct_def(product*count,count+1,max)
  File "<pyshell#243>", line 4, in fuct_def
    return fuct_def(product*count,count+1,max)
  File "<pyshell#243>", line 4, in fuct_def
    return fuct_def(product*count,count+1,max)
  File "<pyshell#243>", line 4, in fuct_def
    return fuct_def(product*count,count+1,max)
  File "<pyshell#243>", line 4, in fuct_def
    return fuct_def(product*count,count+1,max)
  File "<pyshell#243>", line 4, in fuct_def
    return fuct_def(product*count,count+1,max)
  File "<pyshell#243>", line 4, in fuct_def
    return fuct_def(product*count,count+1,max)
  File "<pyshell#243>", line 4, in fuct_def
    return fuct_def(product*count,count+1,max)
  File "<pyshell#243>", line 4, in fuct_def
    return fuct_def(product*count,count+1,max)
  File "<pyshell#243>", line 4, in fuct_def
    return fuct_def(product*count,count+1,max)
  File "<pyshell#243>", line 4, in fuct_def
    return fuct_def(product*count,count+1,max)
  File "<pyshell#243>", line 4, in fuct_def
    return fuct_def(product*count,count+1,max)
  File "<pyshell#243>", line 4, in fuct_def
    return fuct_def(product*count,count+1,max)
  File "<pyshell#243>", line 4, in fuct_def
    return fuct_def(product*count,count+1,max)
  File "<pyshell#243>", line 4, in fuct_def
    return fuct_def(product*count,count+1,max)
  File "<pyshell#243>", line 4, in fuct_def
    return fuct_def(product*count,count+1,max)
  File "<pyshell#243>", line 4, in fuct_def
    return fuct_def(product*count,count+1,max)
  File "<pyshell#243>", line 4, in fuct_def
    return fuct_def(product*count,count+1,max)
  File "<pyshell#243>", line 4, in fuct_def
    return fuct_def(product*count,count+1,max)
  File "<pyshell#243>", line 4, in fuct_def
    return fuct_def(product*count,count+1,max)
  File "<pyshell#243>", line 4, in fuct_def
    return fuct_def(product*count,count+1,max)
  File "<pyshell#243>", line 4, in fuct_def
    return fuct_def(product*count,count+1,max)
  File "<pyshell#243>", line 4, in fuct_def
    return fuct_def(product*count,count+1,max)
  File "<pyshell#243>", line 4, in fuct_def
    return fuct_def(product*count,count+1,max)
  File "<pyshell#243>", line 4, in fuct_def
    return fuct_def(product*count,count+1,max)
  File "<pyshell#243>", line 4, in fuct_def
    return fuct_def(product*count,count+1,max)
  File "<pyshell#243>", line 4, in fuct_def
    return fuct_def(product*count,count+1,max)
  File "<pyshell#243>", line 4, in fuct_def
    return fuct_def(product*count,count+1,max)
  File "<pyshell#243>", line 4, in fuct_def
    return fuct_def(product*count,count+1,max)
  File "<pyshell#243>", line 4, in fuct_def
    return fuct_def(product*count,count+1,max)
  File "<pyshell#243>", line 4, in fuct_def
    return fuct_def(product*count,count+1,max)
  File "<pyshell#243>", line 4, in fuct_def
    return fuct_def(product*count,count+1,max)
  File "<pyshell#243>", line 4, in fuct_def
    return fuct_def(product*count,count+1,max)
  File "<pyshell#243>", line 4, in fuct_def
    return fuct_def(product*count,count+1,max)
  File "<pyshell#243>", line 4, in fuct_def
    return fuct_def(product*count,count+1,max)
  File "<pyshell#243>", line 4, in fuct_def
    return fuct_def(product*count,count+1,max)
  File "<pyshell#243>", line 4, in fuct_def
    return fuct_def(product*count,count+1,max)
  File "<pyshell#243>", line 4, in fuct_def
    return fuct_def(product*count,count+1,max)
  File "<pyshell#243>", line 4, in fuct_def
    return fuct_def(product*count,count+1,max)
  File "<pyshell#243>", line 4, in fuct_def
    return fuct_def(product*count,count+1,max)
  File "<pyshell#243>", line 4, in fuct_def
    return fuct_def(product*count,count+1,max)
  File "<pyshell#243>", line 4, in fuct_def
    return fuct_def(product*count,count+1,max)
  File "<pyshell#243>", line 4, in fuct_def
    return fuct_def(product*count,count+1,max)
  File "<pyshell#243>", line 4, in fuct_def
    return fuct_def(product*count,count+1,max)
  File "<pyshell#243>", line 4, in fuct_def
    return fuct_def(product*count,count+1,max)
  File "<pyshell#243>", line 4, in fuct_def
    return fuct_def(product*count,count+1,max)
  File "<pyshell#243>", line 4, in fuct_def
    return fuct_def(product*count,count+1,max)
  File "<pyshell#243>", line 4, in fuct_def
    return fuct_def(product*count,count+1,max)
  File "<pyshell#243>", line 4, in fuct_def
    return fuct_def(product*count,count+1,max)
  File "<pyshell#243>", line 4, in fuct_def
    return fuct_def(product*count,count+1,max)
  File "<pyshell#243>", line 4, in fuct_def
    return fuct_def(product*count,count+1,max)
  File "<pyshell#243>", line 4, in fuct_def
    return fuct_def(product*count,count+1,max)
  File "<pyshell#243>", line 4, in fuct_def
    return fuct_def(product*count,count+1,max)
  File "<pyshell#243>", line 4, in fuct_def
    return fuct_def(product*count,count+1,max)
  File "<pyshell#243>", line 4, in fuct_def
    return fuct_def(product*count,count+1,max)
  File "<pyshell#243>", line 4, in fuct_def
    return fuct_def(product*count,count+1,max)
  File "<pyshell#243>", line 4, in fuct_def
    return fuct_def(product*count,count+1,max)
  File "<pyshell#243>", line 4, in fuct_def
    return fuct_def(product*count,count+1,max)
  File "<pyshell#243>", line 4, in fuct_def
    return fuct_def(product*count,count+1,max)
  File "<pyshell#243>", line 4, in fuct_def
    return fuct_def(product*count,count+1,max)
  File "<pyshell#243>", line 4, in fuct_def
    return fuct_def(product*count,count+1,max)
  File "<pyshell#243>", line 4, in fuct_def
    return fuct_def(product*count,count+1,max)
  File "<pyshell#243>", line 4, in fuct_def
    return fuct_def(product*count,count+1,max)
  File "<pyshell#243>", line 4, in fuct_def
    return fuct_def(product*count,count+1,max)
  File "<pyshell#243>", line 4, in fuct_def
    return fuct_def(product*count,count+1,max)
  File "<pyshell#243>", line 4, in fuct_def
    return fuct_def(product*count,count+1,max)
  File "<pyshell#243>", line 4, in fuct_def
    return fuct_def(product*count,count+1,max)
  File "<pyshell#243>", line 4, in fuct_def
    return fuct_def(product*count,count+1,max)
  File "<pyshell#243>", line 4, in fuct_def
    return fuct_def(product*count,count+1,max)
  File "<pyshell#243>", line 4, in fuct_def
    return fuct_def(product*count,count+1,max)
  File "<pyshell#243>", line 4, in fuct_def
    return fuct_def(product*count,count+1,max)
  File "<pyshell#243>", line 4, in fuct_def
    return fuct_def(product*count,count+1,max)
  File "<pyshell#243>", line 4, in fuct_def
    return fuct_def(product*count,count+1,max)
  File "<pyshell#243>", line 4, in fuct_def
    return fuct_def(product*count,count+1,max)
  File "<pyshell#243>", line 4, in fuct_def
    return fuct_def(product*count,count+1,max)
  File "<pyshell#243>", line 4, in fuct_def
    return fuct_def(product*count,count+1,max)
  File "<pyshell#243>", line 4, in fuct_def
    return fuct_def(product*count,count+1,max)
  File "<pyshell#243>", line 4, in fuct_def
    return fuct_def(product*count,count+1,max)
  File "<pyshell#243>", line 4, in fuct_def
    return fuct_def(product*count,count+1,max)
  File "<pyshell#243>", line 4, in fuct_def
    return fuct_def(product*count,count+1,max)
  File "<pyshell#243>", line 4, in fuct_def
    return fuct_def(product*count,count+1,max)
  File "<pyshell#243>", line 4, in fuct_def
    return fuct_def(product*count,count+1,max)
  File "<pyshell#243>", line 4, in fuct_def
    return fuct_def(product*count,count+1,max)
  File "<pyshell#243>", line 4, in fuct_def
    return fuct_def(product*count,count+1,max)
  File "<pyshell#243>", line 4, in fuct_def
    return fuct_def(product*count,count+1,max)
  File "<pyshell#243>", line 4, in fuct_def
    return fuct_def(product*count,count+1,max)
  File "<pyshell#243>", line 4, in fuct_def
    return fuct_def(product*count,count+1,max)
  File "<pyshell#243>", line 4, in fuct_def
    return fuct_def(product*count,count+1,max)
  File "<pyshell#243>", line 4, in fuct_def
    return fuct_def(product*count,count+1,max)
  File "<pyshell#243>", line 4, in fuct_def
    return fuct_def(product*count,count+1,max)
  File "<pyshell#243>", line 4, in fuct_def
    return fuct_def(product*count,count+1,max)
  File "<pyshell#243>", line 4, in fuct_def
    return fuct_def(product*count,count+1,max)
  File "<pyshell#243>", line 4, in fuct_def
    return fuct_def(product*count,count+1,max)
  File "<pyshell#243>", line 4, in fuct_def
    return fuct_def(product*count,count+1,max)
  File "<pyshell#243>", line 4, in fuct_def
    return fuct_def(product*count,count+1,max)
  File "<pyshell#243>", line 4, in fuct_def
    return fuct_def(product*count,count+1,max)
  File "<pyshell#243>", line 4, in fuct_def
    return fuct_def(product*count,count+1,max)
  File "<pyshell#243>", line 4, in fuct_def
    return fuct_def(product*count,count+1,max)
  File "<pyshell#243>", line 4, in fuct_def
    return fuct_def(product*count,count+1,max)
  File "<pyshell#243>", line 4, in fuct_def
    return fuct_def(product*count,count+1,max)
  File "<pyshell#243>", line 4, in fuct_def
    return fuct_def(product*count,count+1,max)
  File "<pyshell#243>", line 4, in fuct_def
    return fuct_def(product*count,count+1,max)
  File "<pyshell#243>", line 4, in fuct_def
    return fuct_def(product*count,count+1,max)
  File "<pyshell#243>", line 4, in fuct_def
    return fuct_def(product*count,count+1,max)
RuntimeError: maximum recursion depth exceeded
>>> def fuct_2(n):
	return fuct_def(1,1,n)

>>> fuct_2(1000)

Traceback (most recent call last):
  File "<pyshell#258>", line 1, in <module>
    fuct_2(1000)
  File "<pyshell#257>", line 2, in fuct_2
    return fuct_def(1,1,n)
  File "<pyshell#243>", line 4, in fuct_def
    return fuct_def(product*count,count+1,max)
  File "<pyshell#243>", line 4, in fuct_def
    return fuct_def(product*count,count+1,max)
  File "<pyshell#243>", line 4, in fuct_def
    return fuct_def(product*count,count+1,max)
  File "<pyshell#243>", line 4, in fuct_def
    return fuct_def(product*count,count+1,max)
  File "<pyshell#243>", line 4, in fuct_def
    return fuct_def(product*count,count+1,max)
  File "<pyshell#243>", line 4, in fuct_def
    return fuct_def(product*count,count+1,max)
  File "<pyshell#243>", line 4, in fuct_def
    return fuct_def(product*count,count+1,max)
  File "<pyshell#243>", line 4, in fuct_def
    return fuct_def(product*count,count+1,max)
  File "<pyshell#243>", line 4, in fuct_def
    return fuct_def(product*count,count+1,max)
  File "<pyshell#243>", line 4, in fuct_def
    return fuct_def(product*count,count+1,max)
  File "<pyshell#243>", line 4, in fuct_def
    return fuct_def(product*count,count+1,max)
  File "<pyshell#243>", line 4, in fuct_def
    return fuct_def(product*count,count+1,max)
  File "<pyshell#243>", line 4, in fuct_def
    return fuct_def(product*count,count+1,max)
  File "<pyshell#243>", line 4, in fuct_def
    return fuct_def(product*count,count+1,max)
  File "<pyshell#243>", line 4, in fuct_def
    return fuct_def(product*count,count+1,max)
  File "<pyshell#243>", line 4, in fuct_def
    return fuct_def(product*count,count+1,max)
  File "<pyshell#243>", line 4, in fuct_def
    return fuct_def(product*count,count+1,max)
  File "<pyshell#243>", line 4, in fuct_def
    return fuct_def(product*count,count+1,max)
  File "<pyshell#243>", line 4, in fuct_def
    return fuct_def(product*count,count+1,max)
  File "<pyshell#243>", line 4, in fuct_def
    return fuct_def(product*count,count+1,max)
  File "<pyshell#243>", line 4, in fuct_def
    return fuct_def(product*count,count+1,max)
  File "<pyshell#243>", line 4, in fuct_def
    return fuct_def(product*count,count+1,max)
  File "<pyshell#243>", line 4, in fuct_def
    return fuct_def(product*count,count+1,max)
  File "<pyshell#243>", line 4, in fuct_def
    return fuct_def(product*count,count+1,max)
  File "<pyshell#243>", line 4, in fuct_def
    return fuct_def(product*count,count+1,max)
  File "<pyshell#243>", line 4, in fuct_def
    return fuct_def(product*count,count+1,max)
  File "<pyshell#243>", line 4, in fuct_def
    return fuct_def(product*count,count+1,max)
  File "<pyshell#243>", line 4, in fuct_def
    return fuct_def(product*count,count+1,max)
  File "<pyshell#243>", line 4, in fuct_def
    return fuct_def(product*count,count+1,max)
  File "<pyshell#243>", line 4, in fuct_def
    return fuct_def(product*count,count+1,max)
  File "<pyshell#243>", line 4, in fuct_def
    return fuct_def(product*count,count+1,max)
  File "<pyshell#243>", line 4, in fuct_def
    return fuct_def(product*count,count+1,max)
  File "<pyshell#243>", line 4, in fuct_def
    return fuct_def(product*count,count+1,max)
  File "<pyshell#243>", line 4, in fuct_def
    return fuct_def(product*count,count+1,max)
  File "<pyshell#243>", line 4, in fuct_def
    return fuct_def(product*count,count+1,max)
  File "<pyshell#243>", line 4, in fuct_def
    return fuct_def(product*count,count+1,max)
  File "<pyshell#243>", line 4, in fuct_def
    return fuct_def(product*count,count+1,max)
  File "<pyshell#243>", line 4, in fuct_def
    return fuct_def(product*count,count+1,max)
  File "<pyshell#243>", line 4, in fuct_def
    return fuct_def(product*count,count+1,max)
  File "<pyshell#243>", line 4, in fuct_def
    return fuct_def(product*count,count+1,max)
  File "<pyshell#243>", line 4, in fuct_def
    return fuct_def(product*count,count+1,max)
  File "<pyshell#243>", line 4, in fuct_def
    return fuct_def(product*count,count+1,max)
  File "<pyshell#243>", line 4, in fuct_def
    return fuct_def(product*count,count+1,max)
  File "<pyshell#243>", line 4, in fuct_def
    return fuct_def(product*count,count+1,max)
  File "<pyshell#243>", line 4, in fuct_def
    return fuct_def(product*count,count+1,max)
  File "<pyshell#243>", line 4, in fuct_def
    return fuct_def(product*count,count+1,max)
  File "<pyshell#243>", line 4, in fuct_def
    return fuct_def(product*count,count+1,max)
  File "<pyshell#243>", line 4, in fuct_def
    return fuct_def(product*count,count+1,max)
  File "<pyshell#243>", line 4, in fuct_def
    return fuct_def(product*count,count+1,max)
  File "<pyshell#243>", line 4, in fuct_def
    return fuct_def(product*count,count+1,max)
  File "<pyshell#243>", line 4, in fuct_def
    return fuct_def(product*count,count+1,max)
  File "<pyshell#243>", line 4, in fuct_def
    return fuct_def(product*count,count+1,max)
  File "<pyshell#243>", line 4, in fuct_def
    return fuct_def(product*count,count+1,max)
  File "<pyshell#243>", line 4, in fuct_def
    return fuct_def(product*count,count+1,max)
  File "<pyshell#243>", line 4, in fuct_def
    return fuct_def(product*count,count+1,max)
  File "<pyshell#243>", line 4, in fuct_def
    return fuct_def(product*count,count+1,max)
  File "<pyshell#243>", line 4, in fuct_def
    return fuct_def(product*count,count+1,max)
  File "<pyshell#243>", line 4, in fuct_def
    return fuct_def(product*count,count+1,max)
  File "<pyshell#243>", line 4, in fuct_def
    return fuct_def(product*count,count+1,max)
  File "<pyshell#243>", line 4, in fuct_def
    return fuct_def(product*count,count+1,max)
  File "<pyshell#243>", line 4, in fuct_def
    return fuct_def(product*count,count+1,max)
  File "<pyshell#243>", line 4, in fuct_def
    return fuct_def(product*count,count+1,max)
  File "<pyshell#243>", line 4, in fuct_def
    return fuct_def(product*count,count+1,max)
  File "<pyshell#243>", line 4, in fuct_def
    return fuct_def(product*count,count+1,max)
  File "<pyshell#243>", line 4, in fuct_def
    return fuct_def(product*count,count+1,max)
  File "<pyshell#243>", line 4, in fuct_def
    return fuct_def(product*count,count+1,max)
  File "<pyshell#243>", line 4, in fuct_def
    return fuct_def(product*count,count+1,max)
  File "<pyshell#243>", line 4, in fuct_def
    return fuct_def(product*count,count+1,max)
  File "<pyshell#243>", line 4, in fuct_def
    return fuct_def(product*count,count+1,max)
  File "<pyshell#243>", line 4, in fuct_def
    return fuct_def(product*count,count+1,max)
  File "<pyshell#243>", line 4, in fuct_def
    return fuct_def(product*count,count+1,max)
  File "<pyshell#243>", line 4, in fuct_def
    return fuct_def(product*count,count+1,max)
  File "<pyshell#243>", line 4, in fuct_def
    return fuct_def(product*count,count+1,max)
  File "<pyshell#243>", line 4, in fuct_def
    return fuct_def(product*count,count+1,max)
  File "<pyshell#243>", line 4, in fuct_def
    return fuct_def(product*count,count+1,max)
  File "<pyshell#243>", line 4, in fuct_def
    return fuct_def(product*count,count+1,max)
  File "<pyshell#243>", line 4, in fuct_def
    return fuct_def(product*count,count+1,max)
  File "<pyshell#243>", line 4, in fuct_def
    return fuct_def(product*count,count+1,max)
  File "<pyshell#243>", line 4, in fuct_def
    return fuct_def(product*count,count+1,max)
  File "<pyshell#243>", line 4, in fuct_def
    return fuct_def(product*count,count+1,max)
  File "<pyshell#243>", line 4, in fuct_def
    return fuct_def(product*count,count+1,max)
  File "<pyshell#243>", line 4, in fuct_def
    return fuct_def(product*count,count+1,max)
  File "<pyshell#243>", line 4, in fuct_def
    return fuct_def(product*count,count+1,max)
  File "<pyshell#243>", line 4, in fuct_def
    return fuct_def(product*count,count+1,max)
  File "<pyshell#243>", line 4, in fuct_def
    return fuct_def(product*count,count+1,max)
  File "<pyshell#243>", line 4, in fuct_def
    return fuct_def(product*count,count+1,max)
  File "<pyshell#243>", line 4, in fuct_def
    return fuct_def(product*count,count+1,max)
  File "<pyshell#243>", line 4, in fuct_def
    return fuct_def(product*count,count+1,max)
  File "<pyshell#243>", line 4, in fuct_def
    return fuct_def(product*count,count+1,max)
  File "<pyshell#243>", line 4, in fuct_def
    return fuct_def(product*count,count+1,max)
  File "<pyshell#243>", line 4, in fuct_def
    return fuct_def(product*count,count+1,max)
  File "<pyshell#243>", line 4, in fuct_def
    return fuct_def(product*count,count+1,max)
  File "<pyshell#243>", line 4, in fuct_def
    return fuct_def(product*count,count+1,max)
  File "<pyshell#243>", line 4, in fuct_def
    return fuct_def(product*count,count+1,max)
  File "<pyshell#243>", line 4, in fuct_def
    return fuct_def(product*count,count+1,max)
  File "<pyshell#243>", line 4, in fuct_def
    return fuct_def(product*count,count+1,max)
  File "<pyshell#243>", line 4, in fuct_def
    return fuct_def(product*count,count+1,max)
  File "<pyshell#243>", line 4, in fuct_def
    return fuct_def(product*count,count+1,max)
  File "<pyshell#243>", line 4, in fuct_def
    return fuct_def(product*count,count+1,max)
  File "<pyshell#243>", line 4, in fuct_def
    return fuct_def(product*count,count+1,max)
  File "<pyshell#243>", line 4, in fuct_def
    return fuct_def(product*count,count+1,max)
  File "<pyshell#243>", line 4, in fuct_def
    return fuct_def(product*count,count+1,max)
  File "<pyshell#243>", line 4, in fuct_def
    return fuct_def(product*count,count+1,max)
  File "<pyshell#243>", line 4, in fuct_def
    return fuct_def(product*count,count+1,max)
  File "<pyshell#243>", line 4, in fuct_def
    return fuct_def(product*count,count+1,max)
  File "<pyshell#243>", line 4, in fuct_def
    return fuct_def(product*count,count+1,max)
  File "<pyshell#243>", line 4, in fuct_def
    return fuct_def(product*count,count+1,max)
  File "<pyshell#243>", line 4, in fuct_def
    return fuct_def(product*count,count+1,max)
  File "<pyshell#243>", line 4, in fuct_def
    return fuct_def(product*count,count+1,max)
  File "<pyshell#243>", line 4, in fuct_def
    return fuct_def(product*count,count+1,max)
  File "<pyshell#243>", line 4, in fuct_def
    return fuct_def(product*count,count+1,max)
  File "<pyshell#243>", line 4, in fuct_def
    return fuct_def(product*count,count+1,max)
  File "<pyshell#243>", line 4, in fuct_def
    return fuct_def(product*count,count+1,max)
  File "<pyshell#243>", line 4, in fuct_def
    return fuct_def(product*count,count+1,max)
  File "<pyshell#243>", line 4, in fuct_def
    return fuct_def(product*count,count+1,max)
  File "<pyshell#243>", line 4, in fuct_def
    return fuct_def(product*count,count+1,max)
  File "<pyshell#243>", line 4, in fuct_def
    return fuct_def(product*count,count+1,max)
  File "<pyshell#243>", line 4, in fuct_def
    return fuct_def(product*count,count+1,max)
  File "<pyshell#243>", line 4, in fuct_def
    return fuct_def(product*count,count+1,max)
  File "<pyshell#243>", line 4, in fuct_def
    return fuct_def(product*count,count+1,max)
  File "<pyshell#243>", line 4, in fuct_def
    return fuct_def(product*count,count+1,max)
  File "<pyshell#243>", line 4, in fuct_def
    return fuct_def(product*count,count+1,max)
  File "<pyshell#243>", line 4, in fuct_def
    return fuct_def(product*count,count+1,max)
  File "<pyshell#243>", line 4, in fuct_def
    return fuct_def(product*count,count+1,max)
  File "<pyshell#243>", line 4, in fuct_def
    return fuct_def(product*count,count+1,max)
  File "<pyshell#243>", line 4, in fuct_def
    return fuct_def(product*count,count+1,max)
  File "<pyshell#243>", line 4, in fuct_def
    return fuct_def(product*count,count+1,max)
  File "<pyshell#243>", line 4, in fuct_def
    return fuct_def(product*count,count+1,max)
  File "<pyshell#243>", line 4, in fuct_def
    return fuct_def(product*count,count+1,max)
  File "<pyshell#243>", line 4, in fuct_def
    return fuct_def(product*count,count+1,max)
  File "<pyshell#243>", line 4, in fuct_def
    return fuct_def(product*count,count+1,max)
  File "<pyshell#243>", line 4, in fuct_def
    return fuct_def(product*count,count+1,max)
  File "<pyshell#243>", line 4, in fuct_def
    return fuct_def(product*count,count+1,max)
  File "<pyshell#243>", line 4, in fuct_def
    return fuct_def(product*count,count+1,max)
  File "<pyshell#243>", line 4, in fuct_def
    return fuct_def(product*count,count+1,max)
  File "<pyshell#243>", line 4, in fuct_def
    return fuct_def(product*count,count+1,max)
  File "<pyshell#243>", line 4, in fuct_def
    return fuct_def(product*count,count+1,max)
  File "<pyshell#243>", line 4, in fuct_def
    return fuct_def(product*count,count+1,max)
  File "<pyshell#243>", line 4, in fuct_def
    return fuct_def(product*count,count+1,max)
  File "<pyshell#243>", line 4, in fuct_def
    return fuct_def(product*count,count+1,max)
  File "<pyshell#243>", line 4, in fuct_def
    return fuct_def(product*count,count+1,max)
  File "<pyshell#243>", line 4, in fuct_def
    return fuct_def(product*count,count+1,max)
  File "<pyshell#243>", line 4, in fuct_def
    return fuct_def(product*count,count+1,max)
  File "<pyshell#243>", line 4, in fuct_def
    return fuct_def(product*count,count+1,max)
  File "<pyshell#243>", line 4, in fuct_def
    return fuct_def(product*count,count+1,max)
  File "<pyshell#243>", line 4, in fuct_def
    return fuct_def(product*count,count+1,max)
  File "<pyshell#243>", line 4, in fuct_def
    return fuct_def(product*count,count+1,max)
  File "<pyshell#243>", line 4, in fuct_def
    return fuct_def(product*count,count+1,max)
  File "<pyshell#243>", line 4, in fuct_def
    return fuct_def(product*count,count+1,max)
  File "<pyshell#243>", line 4, in fuct_def
    return fuct_def(product*count,count+1,max)
  File "<pyshell#243>", line 4, in fuct_def
    return fuct_def(product*count,count+1,max)
  File "<pyshell#243>", line 4, in fuct_def
    return fuct_def(product*count,count+1,max)
  File "<pyshell#243>", line 4, in fuct_def
    return fuct_def(product*count,count+1,max)
  File "<pyshell#243>", line 4, in fuct_def
    return fuct_def(product*count,count+1,max)
  File "<pyshell#243>", line 4, in fuct_def
    return fuct_def(product*count,count+1,max)
  File "<pyshell#243>", line 4, in fuct_def
    return fuct_def(product*count,count+1,max)
  File "<pyshell#243>", line 4, in fuct_def
    return fuct_def(product*count,count+1,max)
  File "<pyshell#243>", line 4, in fuct_def
    return fuct_def(product*count,count+1,max)
  File "<pyshell#243>", line 4, in fuct_def
    return fuct_def(product*count,count+1,max)
  File "<pyshell#243>", line 4, in fuct_def
    return fuct_def(product*count,count+1,max)
  File "<pyshell#243>", line 4, in fuct_def
    return fuct_def(product*count,count+1,max)
  File "<pyshell#243>", line 4, in fuct_def
    return fuct_def(product*count,count+1,max)
  File "<pyshell#243>", line 4, in fuct_def
    return fuct_def(product*count,count+1,max)
  File "<pyshell#243>", line 4, in fuct_def
    return fuct_def(product*count,count+1,max)
  File "<pyshell#243>", line 4, in fuct_def
    return fuct_def(product*count,count+1,max)
  File "<pyshell#243>", line 4, in fuct_def
    return fuct_def(product*count,count+1,max)
  File "<pyshell#243>", line 4, in fuct_def
    return fuct_def(product*count,count+1,max)
  File "<pyshell#243>", line 4, in fuct_def
    return fuct_def(product*count,count+1,max)
  File "<pyshell#243>", line 4, in fuct_def
    return fuct_def(product*count,count+1,max)
  File "<pyshell#243>", line 4, in fuct_def
    return fuct_def(product*count,count+1,max)
  File "<pyshell#243>", line 4, in fuct_def
    return fuct_def(product*count,count+1,max)
  File "<pyshell#243>", line 4, in fuct_def
    return fuct_def(product*count,count+1,max)
  File "<pyshell#243>", line 4, in fuct_def
    return fuct_def(product*count,count+1,max)
  File "<pyshell#243>", line 4, in fuct_def
    return fuct_def(product*count,count+1,max)
  File "<pyshell#243>", line 4, in fuct_def
    return fuct_def(product*count,count+1,max)
  File "<pyshell#243>", line 4, in fuct_def
    return fuct_def(product*count,count+1,max)
  File "<pyshell#243>", line 4, in fuct_def
    return fuct_def(product*count,count+1,max)
  File "<pyshell#243>", line 4, in fuct_def
    return fuct_def(product*count,count+1,max)
  File "<pyshell#243>", line 4, in fuct_def
    return fuct_def(product*count,count+1,max)
  File "<pyshell#243>", line 4, in fuct_def
    return fuct_def(product*count,count+1,max)
  File "<pyshell#243>", line 4, in fuct_def
    return fuct_def(product*count,count+1,max)
  File "<pyshell#243>", line 4, in fuct_def
    return fuct_def(product*count,count+1,max)
  File "<pyshell#243>", line 4, in fuct_def
    return fuct_def(product*count,count+1,max)
  File "<pyshell#243>", line 4, in fuct_def
    return fuct_def(product*count,count+1,max)
  File "<pyshell#243>", line 4, in fuct_def
    return fuct_def(product*count,count+1,max)
  File "<pyshell#243>", line 4, in fuct_def
    return fuct_def(product*count,count+1,max)
  File "<pyshell#243>", line 4, in fuct_def
    return fuct_def(product*count,count+1,max)
  File "<pyshell#243>", line 4, in fuct_def
    return fuct_def(product*count,count+1,max)
  File "<pyshell#243>", line 4, in fuct_def
    return fuct_def(product*count,count+1,max)
  File "<pyshell#243>", line 4, in fuct_def
    return fuct_def(product*count,count+1,max)
  File "<pyshell#243>", line 4, in fuct_def
    return fuct_def(product*count,count+1,max)
  File "<pyshell#243>", line 4, in fuct_def
    return fuct_def(product*count,count+1,max)
  File "<pyshell#243>", line 4, in fuct_def
    return fuct_def(product*count,count+1,max)
  File "<pyshell#243>", line 4, in fuct_def
    return fuct_def(product*count,count+1,max)
  File "<pyshell#243>", line 4, in fuct_def
    return fuct_def(product*count,count+1,max)
  File "<pyshell#243>", line 4, in fuct_def
    return fuct_def(product*count,count+1,max)
  File "<pyshell#243>", line 4, in fuct_def
    return fuct_def(product*count,count+1,max)
  File "<pyshell#243>", line 4, in fuct_def
    return fuct_def(product*count,count+1,max)
  File "<pyshell#243>", line 4, in fuct_def
    return fuct_def(product*count,count+1,max)
  File "<pyshell#243>", line 4, in fuct_def
    return fuct_def(product*count,count+1,max)
  File "<pyshell#243>", line 4, in fuct_def
    return fuct_def(product*count,count+1,max)
  File "<pyshell#243>", line 4, in fuct_def
    return fuct_def(product*count,count+1,max)
  File "<pyshell#243>", line 4, in fuct_def
    return fuct_def(product*count,count+1,max)
  File "<pyshell#243>", line 4, in fuct_def
    return fuct_def(product*count,count+1,max)
  File "<pyshell#243>", line 4, in fuct_def
    return fuct_def(product*count,count+1,max)
  File "<pyshell#243>", line 4, in fuct_def
    return fuct_def(product*count,count+1,max)
  File "<pyshell#243>", line 4, in fuct_def
    return fuct_def(product*count,count+1,max)
  File "<pyshell#243>", line 4, in fuct_def
    return fuct_def(product*count,count+1,max)
  File "<pyshell#243>", line 4, in fuct_def
    return fuct_def(product*count,count+1,max)
  File "<pyshell#243>", line 4, in fuct_def
    return fuct_def(product*count,count+1,max)
  File "<pyshell#243>", line 4, in fuct_def
    return fuct_def(product*count,count+1,max)
  File "<pyshell#243>", line 4, in fuct_def
    return fuct_def(product*count,count+1,max)
  File "<pyshell#243>", line 4, in fuct_def
    return fuct_def(product*count,count+1,max)
  File "<pyshell#243>", line 4, in fuct_def
    return fuct_def(product*count,count+1,max)
  File "<pyshell#243>", line 4, in fuct_def
    return fuct_def(product*count,count+1,max)
  File "<pyshell#243>", line 4, in fuct_def
    return fuct_def(product*count,count+1,max)
  File "<pyshell#243>", line 4, in fuct_def
    return fuct_def(product*count,count+1,max)
  File "<pyshell#243>", line 4, in fuct_def
    return fuct_def(product*count,count+1,max)
  File "<pyshell#243>", line 4, in fuct_def
    return fuct_def(product*count,count+1,max)
  File "<pyshell#243>", line 4, in fuct_def
    return fuct_def(product*count,count+1,max)
  File "<pyshell#243>", line 4, in fuct_def
    return fuct_def(product*count,count+1,max)
  File "<pyshell#243>", line 4, in fuct_def
    return fuct_def(product*count,count+1,max)
  File "<pyshell#243>", line 4, in fuct_def
    return fuct_def(product*count,count+1,max)
  File "<pyshell#243>", line 4, in fuct_def
    return fuct_def(product*count,count+1,max)
  File "<pyshell#243>", line 4, in fuct_def
    return fuct_def(product*count,count+1,max)
  File "<pyshell#243>", line 4, in fuct_def
    return fuct_def(product*count,count+1,max)
  File "<pyshell#243>", line 4, in fuct_def
    return fuct_def(product*count,count+1,max)
  File "<pyshell#243>", line 4, in fuct_def
    return fuct_def(product*count,count+1,max)
  File "<pyshell#243>", line 4, in fuct_def
    return fuct_def(product*count,count+1,max)
  File "<pyshell#243>", line 4, in fuct_def
    return fuct_def(product*count,count+1,max)
  File "<pyshell#243>", line 4, in fuct_def
    return fuct_def(product*count,count+1,max)
  File "<pyshell#243>", line 4, in fuct_def
    return fuct_def(product*count,count+1,max)
  File "<pyshell#243>", line 4, in fuct_def
    return fuct_def(product*count,count+1,max)
  File "<pyshell#243>", line 4, in fuct_def
    return fuct_def(product*count,count+1,max)
  File "<pyshell#243>", line 4, in fuct_def
    return fuct_def(product*count,count+1,max)
  File "<pyshell#243>", line 4, in fuct_def
    return fuct_def(product*count,count+1,max)
  File "<pyshell#243>", line 4, in fuct_def
    return fuct_def(product*count,count+1,max)
  File "<pyshell#243>", line 4, in fuct_def
    return fuct_def(product*count,count+1,max)
  File "<pyshell#243>", line 4, in fuct_def
    return fuct_def(product*count,count+1,max)
  File "<pyshell#243>", line 4, in fuct_def
    return fuct_def(product*count,count+1,max)
  File "<pyshell#243>", line 4, in fuct_def
    return fuct_def(product*count,count+1,max)
  File "<pyshell#243>", line 4, in fuct_def
    return fuct_def(product*count,count+1,max)
  File "<pyshell#243>", line 4, in fuct_def
    return fuct_def(product*count,count+1,max)
  File "<pyshell#243>", line 4, in fuct_def
    return fuct_def(product*count,count+1,max)
  File "<pyshell#243>", line 4, in fuct_def
    return fuct_def(product*count,count+1,max)
  File "<pyshell#243>", line 4, in fuct_def
    return fuct_def(product*count,count+1,max)
  File "<pyshell#243>", line 4, in fuct_def
    return fuct_def(product*count,count+1,max)
  File "<pyshell#243>", line 4, in fuct_def
    return fuct_def(product*count,count+1,max)
  File "<pyshell#243>", line 4, in fuct_def
    return fuct_def(product*count,count+1,max)
  File "<pyshell#243>", line 4, in fuct_def
    return fuct_def(product*count,count+1,max)
  File "<pyshell#243>", line 4, in fuct_def
    return fuct_def(product*count,count+1,max)
  File "<pyshell#243>", line 4, in fuct_def
    return fuct_def(product*count,count+1,max)
  File "<pyshell#243>", line 4, in fuct_def
    return fuct_def(product*count,count+1,max)
  File "<pyshell#243>", line 4, in fuct_def
    return fuct_def(product*count,count+1,max)
  File "<pyshell#243>", line 4, in fuct_def
    return fuct_def(product*count,count+1,max)
  File "<pyshell#243>", line 4, in fuct_def
    return fuct_def(product*count,count+1,max)
  File "<pyshell#243>", line 4, in fuct_def
    return fuct_def(product*count,count+1,max)
  File "<pyshell#243>", line 4, in fuct_def
    return fuct_def(product*count,count+1,max)
  File "<pyshell#243>", line 4, in fuct_def
    return fuct_def(product*count,count+1,max)
  File "<pyshell#243>", line 4, in fuct_def
    return fuct_def(product*count,count+1,max)
  File "<pyshell#243>", line 4, in fuct_def
    return fuct_def(product*count,count+1,max)
  File "<pyshell#243>", line 4, in fuct_def
    return fuct_def(product*count,count+1,max)
  File "<pyshell#243>", line 4, in fuct_def
    return fuct_def(product*count,count+1,max)
  File "<pyshell#243>", line 4, in fuct_def
    return fuct_def(product*count,count+1,max)
  File "<pyshell#243>", line 4, in fuct_def
    return fuct_def(product*count,count+1,max)
  File "<pyshell#243>", line 4, in fuct_def
    return fuct_def(product*count,count+1,max)
  File "<pyshell#243>", line 4, in fuct_def
    return fuct_def(product*count,count+1,max)
  File "<pyshell#243>", line 4, in fuct_def
    return fuct_def(product*count,count+1,max)
  File "<pyshell#243>", line 4, in fuct_def
    return fuct_def(product*count,count+1,max)
  File "<pyshell#243>", line 4, in fuct_def
    return fuct_def(product*count,count+1,max)
  File "<pyshell#243>", line 4, in fuct_def
    return fuct_def(product*count,count+1,max)
  File "<pyshell#243>", line 4, in fuct_def
    return fuct_def(product*count,count+1,max)
  File "<pyshell#243>", line 4, in fuct_def
    return fuct_def(product*count,count+1,max)
  File "<pyshell#243>", line 4, in fuct_def
    return fuct_def(product*count,count+1,max)
  File "<pyshell#243>", line 4, in fuct_def
    return fuct_def(product*count,count+1,max)
  File "<pyshell#243>", line 4, in fuct_def
    return fuct_def(product*count,count+1,max)
  File "<pyshell#243>", line 4, in fuct_def
    return fuct_def(product*count,count+1,max)
  File "<pyshell#243>", line 4, in fuct_def
    return fuct_def(product*count,count+1,max)
  File "<pyshell#243>", line 4, in fuct_def
    return fuct_def(product*count,count+1,max)
  File "<pyshell#243>", line 4, in fuct_def
    return fuct_def(product*count,count+1,max)
  File "<pyshell#243>", line 4, in fuct_def
    return fuct_def(product*count,count+1,max)
  File "<pyshell#243>", line 4, in fuct_def
    return fuct_def(product*count,count+1,max)
  File "<pyshell#243>", line 4, in fuct_def
    return fuct_def(product*count,count+1,max)
  File "<pyshell#243>", line 4, in fuct_def
    return fuct_def(product*count,count+1,max)
  File "<pyshell#243>", line 4, in fuct_def
    return fuct_def(product*count,count+1,max)
  File "<pyshell#243>", line 4, in fuct_def
    return fuct_def(product*count,count+1,max)
  File "<pyshell#243>", line 4, in fuct_def
    return fuct_def(product*count,count+1,max)
  File "<pyshell#243>", line 4, in fuct_def
    return fuct_def(product*count,count+1,max)
  File "<pyshell#243>", line 4, in fuct_def
    return fuct_def(product*count,count+1,max)
  File "<pyshell#243>", line 4, in fuct_def
    return fuct_def(product*count,count+1,max)
  File "<pyshell#243>", line 4, in fuct_def
    return fuct_def(product*count,count+1,max)
  File "<pyshell#243>", line 4, in fuct_def
    return fuct_def(product*count,count+1,max)
  File "<pyshell#243>", line 4, in fuct_def
    return fuct_def(product*count,count+1,max)
  File "<pyshell#243>", line 4, in fuct_def
    return fuct_def(product*count,count+1,max)
  File "<pyshell#243>", line 4, in fuct_def
    return fuct_def(product*count,count+1,max)
  File "<pyshell#243>", line 4, in fuct_def
    return fuct_def(product*count,count+1,max)
  File "<pyshell#243>", line 4, in fuct_def
    return fuct_def(product*count,count+1,max)
  File "<pyshell#243>", line 4, in fuct_def
    return fuct_def(product*count,count+1,max)
  File "<pyshell#243>", line 4, in fuct_def
    return fuct_def(product*count,count+1,max)
  File "<pyshell#243>", line 4, in fuct_def
    return fuct_def(product*count,count+1,max)
  File "<pyshell#243>", line 4, in fuct_def
    return fuct_def(product*count,count+1,max)
  File "<pyshell#243>", line 4, in fuct_def
    return fuct_def(product*count,count+1,max)
  File "<pyshell#243>", line 4, in fuct_def
    return fuct_def(product*count,count+1,max)
  File "<pyshell#243>", line 4, in fuct_def
    return fuct_def(product*count,count+1,max)
  File "<pyshell#243>", line 4, in fuct_def
    return fuct_def(product*count,count+1,max)
  File "<pyshell#243>", line 4, in fuct_def
    return fuct_def(product*count,count+1,max)
  File "<pyshell#243>", line 4, in fuct_def
    return fuct_def(product*count,count+1,max)
  File "<pyshell#243>", line 4, in fuct_def
    return fuct_def(product*count,count+1,max)
  File "<pyshell#243>", line 4, in fuct_def
    return fuct_def(product*count,count+1,max)
  File "<pyshell#243>", line 4, in fuct_def
    return fuct_def(product*count,count+1,max)
  File "<pyshell#243>", line 4, in fuct_def
    return fuct_def(product*count,count+1,max)
  File "<pyshell#243>", line 4, in fuct_def
    return fuct_def(product*count,count+1,max)
  File "<pyshell#243>", line 4, in fuct_def
    return fuct_def(product*count,count+1,max)
  File "<pyshell#243>", line 4, in fuct_def
    return fuct_def(product*count,count+1,max)
  File "<pyshell#243>", line 4, in fuct_def
    return fuct_def(product*count,count+1,max)
  File "<pyshell#243>", line 4, in fuct_def
    return fuct_def(product*count,count+1,max)
  File "<pyshell#243>", line 4, in fuct_def
    return fuct_def(product*count,count+1,max)
  File "<pyshell#243>", line 4, in fuct_def
    return fuct_def(product*count,count+1,max)
  File "<pyshell#243>", line 4, in fuct_def
    return fuct_def(product*count,count+1,max)
  File "<pyshell#243>", line 4, in fuct_def
    return fuct_def(product*count,count+1,max)
  File "<pyshell#243>", line 4, in fuct_def
    return fuct_def(product*count,count+1,max)
  File "<pyshell#243>", line 4, in fuct_def
    return fuct_def(product*count,count+1,max)
  File "<pyshell#243>", line 4, in fuct_def
    return fuct_def(product*count,count+1,max)
  File "<pyshell#243>", line 4, in fuct_def
    return fuct_def(product*count,count+1,max)
  File "<pyshell#243>", line 4, in fuct_def
    return fuct_def(product*count,count+1,max)
  File "<pyshell#243>", line 4, in fuct_def
    return fuct_def(product*count,count+1,max)
  File "<pyshell#243>", line 4, in fuct_def
    return fuct_def(product*count,count+1,max)
  File "<pyshell#243>", line 4, in fuct_def
    return fuct_def(product*count,count+1,max)
  File "<pyshell#243>", line 4, in fuct_def
    return fuct_def(product*count,count+1,max)
  File "<pyshell#243>", line 4, in fuct_def
    return fuct_def(product*count,count+1,max)
  File "<pyshell#243>", line 4, in fuct_def
    return fuct_def(product*count,count+1,max)
  File "<pyshell#243>", line 4, in fuct_def
    return fuct_def(product*count,count+1,max)
  File "<pyshell#243>", line 4, in fuct_def
    return fuct_def(product*count,count+1,max)
  File "<pyshell#243>", line 4, in fuct_def
    return fuct_def(product*count,count+1,max)
  File "<pyshell#243>", line 4, in fuct_def
    return fuct_def(product*count,count+1,max)
  File "<pyshell#243>", line 4, in fuct_def
    return fuct_def(product*count,count+1,max)
  File "<pyshell#243>", line 4, in fuct_def
    return fuct_def(product*count,count+1,max)
  File "<pyshell#243>", line 4, in fuct_def
    return fuct_def(product*count,count+1,max)
  File "<pyshell#243>", line 4, in fuct_def
    return fuct_def(product*count,count+1,max)
  File "<pyshell#243>", line 4, in fuct_def
    return fuct_def(product*count,count+1,max)
  File "<pyshell#243>", line 4, in fuct_def
    return fuct_def(product*count,count+1,max)
  File "<pyshell#243>", line 4, in fuct_def
    return fuct_def(product*count,count+1,max)
  File "<pyshell#243>", line 4, in fuct_def
    return fuct_def(product*count,count+1,max)
  File "<pyshell#243>", line 4, in fuct_def
    return fuct_def(product*count,count+1,max)
  File "<pyshell#243>", line 4, in fuct_def
    return fuct_def(product*count,count+1,max)
  File "<pyshell#243>", line 4, in fuct_def
    return fuct_def(product*count,count+1,max)
  File "<pyshell#243>", line 4, in fuct_def
    return fuct_def(product*count,count+1,max)
  File "<pyshell#243>", line 4, in fuct_def
    return fuct_def(product*count,count+1,max)
  File "<pyshell#243>", line 4, in fuct_def
    return fuct_def(product*count,count+1,max)
  File "<pyshell#243>", line 4, in fuct_def
    return fuct_def(product*count,count+1,max)
  File "<pyshell#243>", line 4, in fuct_def
    return fuct_def(product*count,count+1,max)
  File "<pyshell#243>", line 4, in fuct_def
    return fuct_def(product*count,count+1,max)
  File "<pyshell#243>", line 4, in fuct_def
    return fuct_def(product*count,count+1,max)
  File "<pyshell#243>", line 4, in fuct_def
    return fuct_def(product*count,count+1,max)
  File "<pyshell#243>", line 4, in fuct_def
    return fuct_def(product*count,count+1,max)
  File "<pyshell#243>", line 4, in fuct_def
    return fuct_def(product*count,count+1,max)
  File "<pyshell#243>", line 4, in fuct_def
    return fuct_def(product*count,count+1,max)
  File "<pyshell#243>", line 4, in fuct_def
    return fuct_def(product*count,count+1,max)
  File "<pyshell#243>", line 4, in fuct_def
    return fuct_def(product*count,count+1,max)
  File "<pyshell#243>", line 4, in fuct_def
    return fuct_def(product*count,count+1,max)
  File "<pyshell#243>", line 4, in fuct_def
    return fuct_def(product*count,count+1,max)
  File "<pyshell#243>", line 4, in fuct_def
    return fuct_def(product*count,count+1,max)
  File "<pyshell#243>", line 4, in fuct_def
    return fuct_def(product*count,count+1,max)
  File "<pyshell#243>", line 4, in fuct_def
    return fuct_def(product*count,count+1,max)
  File "<pyshell#243>", line 4, in fuct_def
    return fuct_def(product*count,count+1,max)
  File "<pyshell#243>", line 4, in fuct_def
    return fuct_def(product*count,count+1,max)
  File "<pyshell#243>", line 4, in fuct_def
    return fuct_def(product*count,count+1,max)
  File "<pyshell#243>", line 4, in fuct_def
    return fuct_def(product*count,count+1,max)
  File "<pyshell#243>", line 4, in fuct_def
    return fuct_def(product*count,count+1,max)
  File "<pyshell#243>", line 4, in fuct_def
    return fuct_def(product*count,count+1,max)
  File "<pyshell#243>", line 4, in fuct_def
    return fuct_def(product*count,count+1,max)
  File "<pyshell#243>", line 4, in fuct_def
    return fuct_def(product*count,count+1,max)
  File "<pyshell#243>", line 4, in fuct_def
    return fuct_def(product*count,count+1,max)
  File "<pyshell#243>", line 4, in fuct_def
    return fuct_def(product*count,count+1,max)
  File "<pyshell#243>", line 4, in fuct_def
    return fuct_def(product*count,count+1,max)
  File "<pyshell#243>", line 4, in fuct_def
    return fuct_def(product*count,count+1,max)
  File "<pyshell#243>", line 4, in fuct_def
    return fuct_def(product*count,count+1,max)
  File "<pyshell#243>", line 4, in fuct_def
    return fuct_def(product*count,count+1,max)
  File "<pyshell#243>", line 4, in fuct_def
    return fuct_def(product*count,count+1,max)
  File "<pyshell#243>", line 4, in fuct_def
    return fuct_def(product*count,count+1,max)
  File "<pyshell#243>", line 4, in fuct_def
    return fuct_def(product*count,count+1,max)
  File "<pyshell#243>", line 4, in fuct_def
    return fuct_def(product*count,count+1,max)
  File "<pyshell#243>", line 4, in fuct_def
    return fuct_def(product*count,count+1,max)
  File "<pyshell#243>", line 4, in fuct_def
    return fuct_def(product*count,count+1,max)
  File "<pyshell#243>", line 4, in fuct_def
    return fuct_def(product*count,count+1,max)
  File "<pyshell#243>", line 4, in fuct_def
    return fuct_def(product*count,count+1,max)
  File "<pyshell#243>", line 4, in fuct_def
    return fuct_def(product*count,count+1,max)
  File "<pyshell#243>", line 4, in fuct_def
    return fuct_def(product*count,count+1,max)
  File "<pyshell#243>", line 4, in fuct_def
    return fuct_def(product*count,count+1,max)
  File "<pyshell#243>", line 4, in fuct_def
    return fuct_def(product*count,count+1,max)
  File "<pyshell#243>", line 4, in fuct_def
    return fuct_def(product*count,count+1,max)
  File "<pyshell#243>", line 4, in fuct_def
    return fuct_def(product*count,count+1,max)
  File "<pyshell#243>", line 4, in fuct_def
    return fuct_def(product*count,count+1,max)
  File "<pyshell#243>", line 4, in fuct_def
    return fuct_def(product*count,count+1,max)
  File "<pyshell#243>", line 4, in fuct_def
    return fuct_def(product*count,count+1,max)
  File "<pyshell#243>", line 4, in fuct_def
    return fuct_def(product*count,count+1,max)
  File "<pyshell#243>", line 4, in fuct_def
    return fuct_def(product*count,count+1,max)
  File "<pyshell#243>", line 4, in fuct_def
    return fuct_def(product*count,count+1,max)
  File "<pyshell#243>", line 4, in fuct_def
    return fuct_def(product*count,count+1,max)
  File "<pyshell#243>", line 4, in fuct_def
    return fuct_def(product*count,count+1,max)
  File "<pyshell#243>", line 4, in fuct_def
    return fuct_def(product*count,count+1,max)
  File "<pyshell#243>", line 4, in fuct_def
    return fuct_def(product*count,count+1,max)
  File "<pyshell#243>", line 4, in fuct_def
    return fuct_def(product*count,count+1,max)
  File "<pyshell#243>", line 4, in fuct_def
    return fuct_def(product*count,count+1,max)
  File "<pyshell#243>", line 4, in fuct_def
    return fuct_def(product*count,count+1,max)
  File "<pyshell#243>", line 4, in fuct_def
    return fuct_def(product*count,count+1,max)
  File "<pyshell#243>", line 4, in fuct_def
    return fuct_def(product*count,count+1,max)
  File "<pyshell#243>", line 4, in fuct_def
    return fuct_def(product*count,count+1,max)
  File "<pyshell#243>", line 4, in fuct_def
    return fuct_def(product*count,count+1,max)
  File "<pyshell#243>", line 4, in fuct_def
    return fuct_def(product*count,count+1,max)
  File "<pyshell#243>", line 4, in fuct_def
    return fuct_def(product*count,count+1,max)
  File "<pyshell#243>", line 4, in fuct_def
    return fuct_def(product*count,count+1,max)
  File "<pyshell#243>", line 4, in fuct_def
    return fuct_def(product*count,count+1,max)
  File "<pyshell#243>", line 4, in fuct_def
    return fuct_def(product*count,count+1,max)
  File "<pyshell#243>", line 4, in fuct_def
    return fuct_def(product*count,count+1,max)
  File "<pyshell#243>", line 4, in fuct_def
    return fuct_def(product*count,count+1,max)
  File "<pyshell#243>", line 4, in fuct_def
    return fuct_def(product*count,count+1,max)
  File "<pyshell#243>", line 4, in fuct_def
    return fuct_def(product*count,count+1,max)
  File "<pyshell#243>", line 4, in fuct_def
    return fuct_def(product*count,count+1,max)
  File "<pyshell#243>", line 4, in fuct_def
    return fuct_def(product*count,count+1,max)
  File "<pyshell#243>", line 4, in fuct_def
    return fuct_def(product*count,count+1,max)
  File "<pyshell#243>", line 4, in fuct_def
    return fuct_def(product*count,count+1,max)
  File "<pyshell#243>", line 4, in fuct_def
    return fuct_def(product*count,count+1,max)
  File "<pyshell#243>", line 4, in fuct_def
    return fuct_def(product*count,count+1,max)
  File "<pyshell#243>", line 4, in fuct_def
    return fuct_def(product*count,count+1,max)
  File "<pyshell#243>", line 4, in fuct_def
    return fuct_def(product*count,count+1,max)
  File "<pyshell#243>", line 4, in fuct_def
    return fuct_def(product*count,count+1,max)
  File "<pyshell#243>", line 4, in fuct_def
    return fuct_def(product*count,count+1,max)
  File "<pyshell#243>", line 4, in fuct_def
    return fuct_def(product*count,count+1,max)
  File "<pyshell#243>", line 4, in fuct_def
    return fuct_def(product*count,count+1,max)
  File "<pyshell#243>", line 4, in fuct_def
    return fuct_def(product*count,count+1,max)
  File "<pyshell#243>", line 4, in fuct_def
    return fuct_def(product*count,count+1,max)
  File "<pyshell#243>", line 4, in fuct_def
    return fuct_def(product*count,count+1,max)
  File "<pyshell#243>", line 4, in fuct_def
    return fuct_def(product*count,count+1,max)
  File "<pyshell#243>", line 4, in fuct_def
    return fuct_def(product*count,count+1,max)
  File "<pyshell#243>", line 4, in fuct_def
    return fuct_def(product*count,count+1,max)
  File "<pyshell#243>", line 4, in fuct_def
    return fuct_def(product*count,count+1,max)
  File "<pyshell#243>", line 4, in fuct_def
    return fuct_def(product*count,count+1,max)
  File "<pyshell#243>", line 4, in fuct_def
    return fuct_def(product*count,count+1,max)
  File "<pyshell#243>", line 4, in fuct_def
    return fuct_def(product*count,count+1,max)
  File "<pyshell#243>", line 4, in fuct_def
    return fuct_def(product*count,count+1,max)
  File "<pyshell#243>", line 4, in fuct_def
    return fuct_def(product*count,count+1,max)
  File "<pyshell#243>", line 4, in fuct_def
    return fuct_def(product*count,count+1,max)
  File "<pyshell#243>", line 4, in fuct_def
    return fuct_def(product*count,count+1,max)
  File "<pyshell#243>", line 4, in fuct_def
    return fuct_def(product*count,count+1,max)
  File "<pyshell#243>", line 4, in fuct_def
    return fuct_def(product*count,count+1,max)
  File "<pyshell#243>", line 4, in fuct_def
    return fuct_def(product*count,count+1,max)
  File "<pyshell#243>", line 4, in fuct_def
    return fuct_def(product*count,count+1,max)
  File "<pyshell#243>", line 4, in fuct_def
    return fuct_def(product*count,count+1,max)
  File "<pyshell#243>", line 4, in fuct_def
    return fuct_def(product*count,count+1,max)
  File "<pyshell#243>", line 4, in fuct_def
    return fuct_def(product*count,count+1,max)
  File "<pyshell#243>", line 4, in fuct_def
    return fuct_def(product*count,count+1,max)
  File "<pyshell#243>", line 4, in fuct_def
    return fuct_def(product*count,count+1,max)
  File "<pyshell#243>", line 4, in fuct_def
    return fuct_def(product*count,count+1,max)
  File "<pyshell#243>", line 4, in fuct_def
    return fuct_def(product*count,count+1,max)
  File "<pyshell#243>", line 4, in fuct_def
    return fuct_def(product*count,count+1,max)
  File "<pyshell#243>", line 4, in fuct_def
    return fuct_def(product*count,count+1,max)
  File "<pyshell#243>", line 4, in fuct_def
    return fuct_def(product*count,count+1,max)
  File "<pyshell#243>", line 4, in fuct_def
    return fuct_def(product*count,count+1,max)
  File "<pyshell#243>", line 4, in fuct_def
    return fuct_def(product*count,count+1,max)
  File "<pyshell#243>", line 4, in fuct_def
    return fuct_def(product*count,count+1,max)
  File "<pyshell#243>", line 4, in fuct_def
    return fuct_def(product*count,count+1,max)
  File "<pyshell#243>", line 4, in fuct_def
    return fuct_def(product*count,count+1,max)
  File "<pyshell#243>", line 4, in fuct_def
    return fuct_def(product*count,count+1,max)
  File "<pyshell#243>", line 4, in fuct_def
    return fuct_def(product*count,count+1,max)
  File "<pyshell#243>", line 4, in fuct_def
    return fuct_def(product*count,count+1,max)
  File "<pyshell#243>", line 4, in fuct_def
    return fuct_def(product*count,count+1,max)
  File "<pyshell#243>", line 4, in fuct_def
    return fuct_def(product*count,count+1,max)
  File "<pyshell#243>", line 4, in fuct_def
    return fuct_def(product*count,count+1,max)
  File "<pyshell#243>", line 4, in fuct_def
    return fuct_def(product*count,count+1,max)
  File "<pyshell#243>", line 4, in fuct_def
    return fuct_def(product*count,count+1,max)
  File "<pyshell#243>", line 4, in fuct_def
    return fuct_def(product*count,count+1,max)
  File "<pyshell#243>", line 4, in fuct_def
    return fuct_def(product*count,count+1,max)
  File "<pyshell#243>", line 4, in fuct_def
    return fuct_def(product*count,count+1,max)
  File "<pyshell#243>", line 4, in fuct_def
    return fuct_def(product*count,count+1,max)
  File "<pyshell#243>", line 4, in fuct_def
    return fuct_def(product*count,count+1,max)
  File "<pyshell#243>", line 4, in fuct_def
    return fuct_def(product*count,count+1,max)
  File "<pyshell#243>", line 4, in fuct_def
    return fuct_def(product*count,count+1,max)
  File "<pyshell#243>", line 4, in fuct_def
    return fuct_def(product*count,count+1,max)
  File "<pyshell#243>", line 4, in fuct_def
    return fuct_def(product*count,count+1,max)
  File "<pyshell#243>", line 4, in fuct_def
    return fuct_def(product*count,count+1,max)
  File "<pyshell#243>", line 4, in fuct_def
    return fuct_def(product*count,count+1,max)
  File "<pyshell#243>", line 4, in fuct_def
    return fuct_def(product*count,count+1,max)
  File "<pyshell#243>", line 4, in fuct_def
    return fuct_def(product*count,count+1,max)
  File "<pyshell#243>", line 4, in fuct_def
    return fuct_def(product*count,count+1,max)
  File "<pyshell#243>", line 4, in fuct_def
    return fuct_def(product*count,count+1,max)
  File "<pyshell#243>", line 4, in fuct_def
    return fuct_def(product*count,count+1,max)
  File "<pyshell#243>", line 4, in fuct_def
    return fuct_def(product*count,count+1,max)
  File "<pyshell#243>", line 4, in fuct_def
    return fuct_def(product*count,count+1,max)
  File "<pyshell#243>", line 4, in fuct_def
    return fuct_def(product*count,count+1,max)
  File "<pyshell#243>", line 4, in fuct_def
    return fuct_def(product*count,count+1,max)
  File "<pyshell#243>", line 4, in fuct_def
    return fuct_def(product*count,count+1,max)
  File "<pyshell#243>", line 4, in fuct_def
    return fuct_def(product*count,count+1,max)
  File "<pyshell#243>", line 4, in fuct_def
    return fuct_def(product*count,count+1,max)
  File "<pyshell#243>", line 4, in fuct_def
    return fuct_def(product*count,count+1,max)
  File "<pyshell#243>", line 4, in fuct_def
    return fuct_def(product*count,count+1,max)
  File "<pyshell#243>", line 4, in fuct_def
    return fuct_def(product*count,count+1,max)
  File "<pyshell#243>", line 4, in fuct_def
    return fuct_def(product*count,count+1,max)
  File "<pyshell#243>", line 4, in fuct_def
    return fuct_def(product*count,count+1,max)
  File "<pyshell#243>", line 4, in fuct_def
    return fuct_def(product*count,count+1,max)
  File "<pyshell#243>", line 4, in fuct_def
    return fuct_def(product*count,count+1,max)
  File "<pyshell#243>", line 4, in fuct_def
    return fuct_def(product*count,count+1,max)
  File "<pyshell#243>", line 4, in fuct_def
    return fuct_def(product*count,count+1,max)
  File "<pyshell#243>", line 4, in fuct_def
    return fuct_def(product*count,count+1,max)
  File "<pyshell#243>", line 4, in fuct_def
    return fuct_def(product*count,count+1,max)
  File "<pyshell#243>", line 4, in fuct_def
    return fuct_def(product*count,count+1,max)
  File "<pyshell#243>", line 4, in fuct_def
    return fuct_def(product*count,count+1,max)
  File "<pyshell#243>", line 4, in fuct_def
    return fuct_def(product*count,count+1,max)
  File "<pyshell#243>", line 4, in fuct_def
    return fuct_def(product*count,count+1,max)
  File "<pyshell#243>", line 4, in fuct_def
    return fuct_def(product*count,count+1,max)
  File "<pyshell#243>", line 4, in fuct_def
    return fuct_def(product*count,count+1,max)
  File "<pyshell#243>", line 4, in fuct_def
    return fuct_def(product*count,count+1,max)
  File "<pyshell#243>", line 4, in fuct_def
    return fuct_def(product*count,count+1,max)
  File "<pyshell#243>", line 4, in fuct_def
    return fuct_def(product*count,count+1,max)
  File "<pyshell#243>", line 4, in fuct_def
    return fuct_def(product*count,count+1,max)
  File "<pyshell#243>", line 4, in fuct_def
    return fuct_def(product*count,count+1,max)
  File "<pyshell#243>", line 4, in fuct_def
    return fuct_def(product*count,count+1,max)
  File "<pyshell#243>", line 4, in fuct_def
    return fuct_def(product*count,count+1,max)
  File "<pyshell#243>", line 4, in fuct_def
    return fuct_def(product*count,count+1,max)
  File "<pyshell#243>", line 4, in fuct_def
    return fuct_def(product*count,count+1,max)
  File "<pyshell#243>", line 4, in fuct_def
    return fuct_def(product*count,count+1,max)
  File "<pyshell#243>", line 4, in fuct_def
    return fuct_def(product*count,count+1,max)
  File "<pyshell#243>", line 4, in fuct_def
    return fuct_def(product*count,count+1,max)
  File "<pyshell#243>", line 4, in fuct_def
    return fuct_def(product*count,count+1,max)
  File "<pyshell#243>", line 4, in fuct_def
    return fuct_def(product*count,count+1,max)
  File "<pyshell#243>", line 4, in fuct_def
    return fuct_def(product*count,count+1,max)
  File "<pyshell#243>", line 4, in fuct_def
    return fuct_def(product*count,count+1,max)
  File "<pyshell#243>", line 4, in fuct_def
    return fuct_def(product*count,count+1,max)
  File "<pyshell#243>", line 4, in fuct_def
    return fuct_def(product*count,count+1,max)
  File "<pyshell#243>", line 4, in fuct_def
    return fuct_def(product*count,count+1,max)
  File "<pyshell#243>", line 4, in fuct_def
    return fuct_def(product*count,count+1,max)
  File "<pyshell#243>", line 4, in fuct_def
    return fuct_def(product*count,count+1,max)
  File "<pyshell#243>", line 4, in fuct_def
    return fuct_def(product*count,count+1,max)
  File "<pyshell#243>", line 4, in fuct_def
    return fuct_def(product*count,count+1,max)
  File "<pyshell#243>", line 4, in fuct_def
    return fuct_def(product*count,count+1,max)
  File "<pyshell#243>", line 4, in fuct_def
    return fuct_def(product*count,count+1,max)
  File "<pyshell#243>", line 4, in fuct_def
    return fuct_def(product*count,count+1,max)
  File "<pyshell#243>", line 4, in fuct_def
    return fuct_def(product*count,count+1,max)
  File "<pyshell#243>", line 4, in fuct_def
    return fuct_def(product*count,count+1,max)
  File "<pyshell#243>", line 4, in fuct_def
    return fuct_def(product*count,count+1,max)
  File "<pyshell#243>", line 4, in fuct_def
    return fuct_def(product*count,count+1,max)
  File "<pyshell#243>", line 4, in fuct_def
    return fuct_def(product*count,count+1,max)
  File "<pyshell#243>", line 4, in fuct_def
    return fuct_def(product*count,count+1,max)
  File "<pyshell#243>", line 4, in fuct_def
    return fuct_def(product*count,count+1,max)
  File "<pyshell#243>", line 4, in fuct_def
    return fuct_def(product*count,count+1,max)
  File "<pyshell#243>", line 4, in fuct_def
    return fuct_def(product*count,count+1,max)
  File "<pyshell#243>", line 4, in fuct_def
    return fuct_def(product*count,count+1,max)
  File "<pyshell#243>", line 4, in fuct_def
    return fuct_def(product*count,count+1,max)
  File "<pyshell#243>", line 4, in fuct_def
    return fuct_def(product*count,count+1,max)
  File "<pyshell#243>", line 4, in fuct_def
    return fuct_def(product*count,count+1,max)
  File "<pyshell#243>", line 4, in fuct_def
    return fuct_def(product*count,count+1,max)
  File "<pyshell#243>", line 4, in fuct_def
    return fuct_def(product*count,count+1,max)
  File "<pyshell#243>", line 4, in fuct_def
    return fuct_def(product*count,count+1,max)
  File "<pyshell#243>", line 4, in fuct_def
    return fuct_def(product*count,count+1,max)
  File "<pyshell#243>", line 4, in fuct_def
    return fuct_def(product*count,count+1,max)
  File "<pyshell#243>", line 4, in fuct_def
    return fuct_def(product*count,count+1,max)
  File "<pyshell#243>", line 4, in fuct_def
    return fuct_def(product*count,count+1,max)
  File "<pyshell#243>", line 4, in fuct_def
    return fuct_def(product*count,count+1,max)
  File "<pyshell#243>", line 4, in fuct_def
    return fuct_def(product*count,count+1,max)
  File "<pyshell#243>", line 4, in fuct_def
    return fuct_def(product*count,count+1,max)
  File "<pyshell#243>", line 4, in fuct_def
    return fuct_def(product*count,count+1,max)
  File "<pyshell#243>", line 4, in fuct_def
    return fuct_def(product*count,count+1,max)
  File "<pyshell#243>", line 4, in fuct_def
    return fuct_def(product*count,count+1,max)
  File "<pyshell#243>", line 4, in fuct_def
    return fuct_def(product*count,count+1,max)
  File "<pyshell#243>", line 4, in fuct_def
    return fuct_def(product*count,count+1,max)
  File "<pyshell#243>", line 4, in fuct_def
    return fuct_def(product*count,count+1,max)
  File "<pyshell#243>", line 4, in fuct_def
    return fuct_def(product*count,count+1,max)
  File "<pyshell#243>", line 4, in fuct_def
    return fuct_def(product*count,count+1,max)
  File "<pyshell#243>", line 4, in fuct_def
    return fuct_def(product*count,count+1,max)
  File "<pyshell#243>", line 4, in fuct_def
    return fuct_def(product*count,count+1,max)
  File "<pyshell#243>", line 4, in fuct_def
    return fuct_def(product*count,count+1,max)
  File "<pyshell#243>", line 4, in fuct_def
    return fuct_def(product*count,count+1,max)
  File "<pyshell#243>", line 4, in fuct_def
    return fuct_def(product*count,count+1,max)
  File "<pyshell#243>", line 4, in fuct_def
    return fuct_def(product*count,count+1,max)
  File "<pyshell#243>", line 4, in fuct_def
    return fuct_def(product*count,count+1,max)
  File "<pyshell#243>", line 4, in fuct_def
    return fuct_def(product*count,count+1,max)
  File "<pyshell#243>", line 4, in fuct_def
    return fuct_def(product*count,count+1,max)
  File "<pyshell#243>", line 4, in fuct_def
    return fuct_def(product*count,count+1,max)
  File "<pyshell#243>", line 4, in fuct_def
    return fuct_def(product*count,count+1,max)
  File "<pyshell#243>", line 4, in fuct_def
    return fuct_def(product*count,count+1,max)
  File "<pyshell#243>", line 4, in fuct_def
    return fuct_def(product*count,count+1,max)
  File "<pyshell#243>", line 4, in fuct_def
    return fuct_def(product*count,count+1,max)
  File "<pyshell#243>", line 4, in fuct_def
    return fuct_def(product*count,count+1,max)
  File "<pyshell#243>", line 4, in fuct_def
    return fuct_def(product*count,count+1,max)
  File "<pyshell#243>", line 4, in fuct_def
    return fuct_def(product*count,count+1,max)
  File "<pyshell#243>", line 4, in fuct_def
    return fuct_def(product*count,count+1,max)
  File "<pyshell#243>", line 4, in fuct_def
    return fuct_def(product*count,count+1,max)
  File "<pyshell#243>", line 4, in fuct_def
    return fuct_def(product*count,count+1,max)
  File "<pyshell#243>", line 4, in fuct_def
    return fuct_def(product*count,count+1,max)
  File "<pyshell#243>", line 4, in fuct_def
    return fuct_def(product*count,count+1,max)
  File "<pyshell#243>", line 4, in fuct_def
    return fuct_def(product*count,count+1,max)
  File "<pyshell#243>", line 4, in fuct_def
    return fuct_def(product*count,count+1,max)
  File "<pyshell#243>", line 4, in fuct_def
    return fuct_def(product*count,count+1,max)
  File "<pyshell#243>", line 4, in fuct_def
    return fuct_def(product*count,count+1,max)
  File "<pyshell#243>", line 4, in fuct_def
    return fuct_def(product*count,count+1,max)
  File "<pyshell#243>", line 4, in fuct_def
    return fuct_def(product*count,count+1,max)
  File "<pyshell#243>", line 4, in fuct_def
    return fuct_def(product*count,count+1,max)
  File "<pyshell#243>", line 4, in fuct_def
    return fuct_def(product*count,count+1,max)
  File "<pyshell#243>", line 4, in fuct_def
    return fuct_def(product*count,count+1,max)
  File "<pyshell#243>", line 4, in fuct_def
    return fuct_def(product*count,count+1,max)
  File "<pyshell#243>", line 4, in fuct_def
    return fuct_def(product*count,count+1,max)
  File "<pyshell#243>", line 4, in fuct_def
    return fuct_def(product*count,count+1,max)
  File "<pyshell#243>", line 4, in fuct_def
    return fuct_def(product*count,count+1,max)
  File "<pyshell#243>", line 4, in fuct_def
    return fuct_def(product*count,count+1,max)
  File "<pyshell#243>", line 4, in fuct_def
    return fuct_def(product*count,count+1,max)
  File "<pyshell#243>", line 4, in fuct_def
    return fuct_def(product*count,count+1,max)
  File "<pyshell#243>", line 4, in fuct_def
    return fuct_def(product*count,count+1,max)
  File "<pyshell#243>", line 4, in fuct_def
    return fuct_def(product*count,count+1,max)
  File "<pyshell#243>", line 4, in fuct_def
    return fuct_def(product*count,count+1,max)
  File "<pyshell#243>", line 4, in fuct_def
    return fuct_def(product*count,count+1,max)
  File "<pyshell#243>", line 4, in fuct_def
    return fuct_def(product*count,count+1,max)
  File "<pyshell#243>", line 4, in fuct_def
    return fuct_def(product*count,count+1,max)
  File "<pyshell#243>", line 4, in fuct_def
    return fuct_def(product*count,count+1,max)
  File "<pyshell#243>", line 4, in fuct_def
    return fuct_def(product*count,count+1,max)
  File "<pyshell#243>", line 4, in fuct_def
    return fuct_def(product*count,count+1,max)
  File "<pyshell#243>", line 4, in fuct_def
    return fuct_def(product*count,count+1,max)
  File "<pyshell#243>", line 4, in fuct_def
    return fuct_def(product*count,count+1,max)
  File "<pyshell#243>", line 4, in fuct_def
    return fuct_def(product*count,count+1,max)
  File "<pyshell#243>", line 4, in fuct_def
    return fuct_def(product*count,count+1,max)
  File "<pyshell#243>", line 4, in fuct_def
    return fuct_def(product*count,count+1,max)
  File "<pyshell#243>", line 4, in fuct_def
    return fuct_def(product*count,count+1,max)
  File "<pyshell#243>", line 4, in fuct_def
    return fuct_def(product*count,count+1,max)
  File "<pyshell#243>", line 4, in fuct_def
    return fuct_def(product*count,count+1,max)
  File "<pyshell#243>", line 4, in fuct_def
    return fuct_def(product*count,count+1,max)
  File "<pyshell#243>", line 4, in fuct_def
    return fuct_def(product*count,count+1,max)
  File "<pyshell#243>", line 4, in fuct_def
    return fuct_def(product*count,count+1,max)
  File "<pyshell#243>", line 4, in fuct_def
    return fuct_def(product*count,count+1,max)
  File "<pyshell#243>", line 4, in fuct_def
    return fuct_def(product*count,count+1,max)
  File "<pyshell#243>", line 4, in fuct_def
    return fuct_def(product*count,count+1,max)
  File "<pyshell#243>", line 4, in fuct_def
    return fuct_def(product*count,count+1,max)
  File "<pyshell#243>", line 4, in fuct_def
    return fuct_def(product*count,count+1,max)
  File "<pyshell#243>", line 4, in fuct_def
    return fuct_def(product*count,count+1,max)
  File "<pyshell#243>", line 4, in fuct_def
    return fuct_def(product*count,count+1,max)
  File "<pyshell#243>", line 4, in fuct_def
    return fuct_def(product*count,count+1,max)
  File "<pyshell#243>", line 4, in fuct_def
    return fuct_def(product*count,count+1,max)
  File "<pyshell#243>", line 4, in fuct_def
    return fuct_def(product*count,count+1,max)
  File "<pyshell#243>", line 4, in fuct_def
    return fuct_def(product*count,count+1,max)
  File "<pyshell#243>", line 4, in fuct_def
    return fuct_def(product*count,count+1,max)
  File "<pyshell#243>", line 4, in fuct_def
    return fuct_def(product*count,count+1,max)
  File "<pyshell#243>", line 4, in fuct_def
    return fuct_def(product*count,count+1,max)
  File "<pyshell#243>", line 4, in fuct_def
    return fuct_def(product*count,count+1,max)
  File "<pyshell#243>", line 4, in fuct_def
    return fuct_def(product*count,count+1,max)
  File "<pyshell#243>", line 4, in fuct_def
    return fuct_def(product*count,count+1,max)
  File "<pyshell#243>", line 4, in fuct_def
    return fuct_def(product*count,count+1,max)
  File "<pyshell#243>", line 4, in fuct_def
    return fuct_def(product*count,count+1,max)
  File "<pyshell#243>", line 4, in fuct_def
    return fuct_def(product*count,count+1,max)
  File "<pyshell#243>", line 4, in fuct_def
    return fuct_def(product*count,count+1,max)
  File "<pyshell#243>", line 4, in fuct_def
    return fuct_def(product*count,count+1,max)
  File "<pyshell#243>", line 4, in fuct_def
    return fuct_def(product*count,count+1,max)
  File "<pyshell#243>", line 4, in fuct_def
    return fuct_def(product*count,count+1,max)
  File "<pyshell#243>", line 4, in fuct_def
    return fuct_def(product*count,count+1,max)
  File "<pyshell#243>", line 4, in fuct_def
    return fuct_def(product*count,count+1,max)
  File "<pyshell#243>", line 4, in fuct_def
    return fuct_def(product*count,count+1,max)
  File "<pyshell#243>", line 4, in fuct_def
    return fuct_def(product*count,count+1,max)
  File "<pyshell#243>", line 4, in fuct_def
    return fuct_def(product*count,count+1,max)
  File "<pyshell#243>", line 4, in fuct_def
    return fuct_def(product*count,count+1,max)
  File "<pyshell#243>", line 4, in fuct_def
    return fuct_def(product*count,count+1,max)
  File "<pyshell#243>", line 4, in fuct_def
    return fuct_def(product*count,count+1,max)
  File "<pyshell#243>", line 4, in fuct_def
    return fuct_def(product*count,count+1,max)
  File "<pyshell#243>", line 4, in fuct_def
    return fuct_def(product*count,count+1,max)
  File "<pyshell#243>", line 4, in fuct_def
    return fuct_def(product*count,count+1,max)
  File "<pyshell#243>", line 4, in fuct_def
    return fuct_def(product*count,count+1,max)
  File "<pyshell#243>", line 4, in fuct_def
    return fuct_def(product*count,count+1,max)
  File "<pyshell#243>", line 4, in fuct_def
    return fuct_def(product*count,count+1,max)
  File "<pyshell#243>", line 4, in fuct_def
    return fuct_def(product*count,count+1,max)
  File "<pyshell#243>", line 4, in fuct_def
    return fuct_def(product*count,count+1,max)
  File "<pyshell#243>", line 4, in fuct_def
    return fuct_def(product*count,count+1,max)
  File "<pyshell#243>", line 4, in fuct_def
    return fuct_def(product*count,count+1,max)
  File "<pyshell#243>", line 4, in fuct_def
    return fuct_def(product*count,count+1,max)
  File "<pyshell#243>", line 4, in fuct_def
    return fuct_def(product*count,count+1,max)
  File "<pyshell#243>", line 4, in fuct_def
    return fuct_def(product*count,count+1,max)
  File "<pyshell#243>", line 4, in fuct_def
    return fuct_def(product*count,count+1,max)
  File "<pyshell#243>", line 4, in fuct_def
    return fuct_def(product*count,count+1,max)
  File "<pyshell#243>", line 4, in fuct_def
    return fuct_def(product*count,count+1,max)
  File "<pyshell#243>", line 4, in fuct_def
    return fuct_def(product*count,count+1,max)
  File "<pyshell#243>", line 4, in fuct_def
    return fuct_def(product*count,count+1,max)
  File "<pyshell#243>", line 4, in fuct_def
    return fuct_def(product*count,count+1,max)
  File "<pyshell#243>", line 4, in fuct_def
    return fuct_def(product*count,count+1,max)
  File "<pyshell#243>", line 4, in fuct_def
    return fuct_def(product*count,count+1,max)
  File "<pyshell#243>", line 4, in fuct_def
    return fuct_def(product*count,count+1,max)
  File "<pyshell#243>", line 4, in fuct_def
    return fuct_def(product*count,count+1,max)
  File "<pyshell#243>", line 4, in fuct_def
    return fuct_def(product*count,count+1,max)
  File "<pyshell#243>", line 4, in fuct_def
    return fuct_def(product*count,count+1,max)
  File "<pyshell#243>", line 4, in fuct_def
    return fuct_def(product*count,count+1,max)
  File "<pyshell#243>", line 4, in fuct_def
    return fuct_def(product*count,count+1,max)
  File "<pyshell#243>", line 4, in fuct_def
    return fuct_def(product*count,count+1,max)
  File "<pyshell#243>", line 4, in fuct_def
    return fuct_def(product*count,count+1,max)
  File "<pyshell#243>", line 4, in fuct_def
    return fuct_def(product*count,count+1,max)
  File "<pyshell#243>", line 4, in fuct_def
    return fuct_def(product*count,count+1,max)
  File "<pyshell#243>", line 4, in fuct_def
    return fuct_def(product*count,count+1,max)
  File "<pyshell#243>", line 4, in fuct_def
    return fuct_def(product*count,count+1,max)
  File "<pyshell#243>", line 4, in fuct_def
    return fuct_def(product*count,count+1,max)
  File "<pyshell#243>", line 4, in fuct_def
    return fuct_def(product*count,count+1,max)
  File "<pyshell#243>", line 4, in fuct_def
    return fuct_def(product*count,count+1,max)
  File "<pyshell#243>", line 4, in fuct_def
    return fuct_def(product*count,count+1,max)
  File "<pyshell#243>", line 4, in fuct_def
    return fuct_def(product*count,count+1,max)
  File "<pyshell#243>", line 4, in fuct_def
    return fuct_def(product*count,count+1,max)
  File "<pyshell#243>", line 4, in fuct_def
    return fuct_def(product*count,count+1,max)
  File "<pyshell#243>", line 4, in fuct_def
    return fuct_def(product*count,count+1,max)
  File "<pyshell#243>", line 4, in fuct_def
    return fuct_def(product*count,count+1,max)
  File "<pyshell#243>", line 4, in fuct_def
    return fuct_def(product*count,count+1,max)
  File "<pyshell#243>", line 4, in fuct_def
    return fuct_def(product*count,count+1,max)
  File "<pyshell#243>", line 4, in fuct_def
    return fuct_def(product*count,count+1,max)
  File "<pyshell#243>", line 4, in fuct_def
    return fuct_def(product*count,count+1,max)
  File "<pyshell#243>", line 4, in fuct_def
    return fuct_def(product*count,count+1,max)
  File "<pyshell#243>", line 4, in fuct_def
    return fuct_def(product*count,count+1,max)
  File "<pyshell#243>", line 4, in fuct_def
    return fuct_def(product*count,count+1,max)
  File "<pyshell#243>", line 4, in fuct_def
    return fuct_def(product*count,count+1,max)
  File "<pyshell#243>", line 4, in fuct_def
    return fuct_def(product*count,count+1,max)
  File "<pyshell#243>", line 4, in fuct_def
    return fuct_def(product*count,count+1,max)
  File "<pyshell#243>", line 4, in fuct_def
    return fuct_def(product*count,count+1,max)
  File "<pyshell#243>", line 4, in fuct_def
    return fuct_def(product*count,count+1,max)
  File "<pyshell#243>", line 4, in fuct_def
    return fuct_def(product*count,count+1,max)
  File "<pyshell#243>", line 4, in fuct_def
    return fuct_def(product*count,count+1,max)
  File "<pyshell#243>", line 4, in fuct_def
    return fuct_def(product*count,count+1,max)
  File "<pyshell#243>", line 4, in fuct_def
    return fuct_def(product*count,count+1,max)
  File "<pyshell#243>", line 4, in fuct_def
    return fuct_def(product*count,count+1,max)
  File "<pyshell#243>", line 4, in fuct_def
    return fuct_def(product*count,count+1,max)
  File "<pyshell#243>", line 4, in fuct_def
    return fuct_def(product*count,count+1,max)
  File "<pyshell#243>", line 4, in fuct_def
    return fuct_def(product*count,count+1,max)
  File "<pyshell#243>", line 4, in fuct_def
    return fuct_def(product*count,count+1,max)
  File "<pyshell#243>", line 4, in fuct_def
    return fuct_def(product*count,count+1,max)
  File "<pyshell#243>", line 4, in fuct_def
    return fuct_def(product*count,count+1,max)
  File "<pyshell#243>", line 4, in fuct_def
    return fuct_def(product*count,count+1,max)
  File "<pyshell#243>", line 4, in fuct_def
    return fuct_def(product*count,count+1,max)
  File "<pyshell#243>", line 4, in fuct_def
    return fuct_def(product*count,count+1,max)
  File "<pyshell#243>", line 4, in fuct_def
    return fuct_def(product*count,count+1,max)
  File "<pyshell#243>", line 4, in fuct_def
    return fuct_def(product*count,count+1,max)
  File "<pyshell#243>", line 4, in fuct_def
    return fuct_def(product*count,count+1,max)
  File "<pyshell#243>", line 4, in fuct_def
    return fuct_def(product*count,count+1,max)
  File "<pyshell#243>", line 4, in fuct_def
    return fuct_def(product*count,count+1,max)
  File "<pyshell#243>", line 4, in fuct_def
    return fuct_def(product*count,count+1,max)
  File "<pyshell#243>", line 4, in fuct_def
    return fuct_def(product*count,count+1,max)
  File "<pyshell#243>", line 4, in fuct_def
    return fuct_def(product*count,count+1,max)
  File "<pyshell#243>", line 4, in fuct_def
    return fuct_def(product*count,count+1,max)
  File "<pyshell#243>", line 4, in fuct_def
    return fuct_def(product*count,count+1,max)
  File "<pyshell#243>", line 4, in fuct_def
    return fuct_def(product*count,count+1,max)
  File "<pyshell#243>", line 4, in fuct_def
    return fuct_def(product*count,count+1,max)
  File "<pyshell#243>", line 4, in fuct_def
    return fuct_def(product*count,count+1,max)
  File "<pyshell#243>", line 4, in fuct_def
    return fuct_def(product*count,count+1,max)
  File "<pyshell#243>", line 4, in fuct_def
    return fuct_def(product*count,count+1,max)
  File "<pyshell#243>", line 4, in fuct_def
    return fuct_def(product*count,count+1,max)
  File "<pyshell#243>", line 4, in fuct_def
    return fuct_def(product*count,count+1,max)
  File "<pyshell#243>", line 4, in fuct_def
    return fuct_def(product*count,count+1,max)
  File "<pyshell#243>", line 4, in fuct_def
    return fuct_def(product*count,count+1,max)
  File "<pyshell#243>", line 4, in fuct_def
    return fuct_def(product*count,count+1,max)
  File "<pyshell#243>", line 4, in fuct_def
    return fuct_def(product*count,count+1,max)
  File "<pyshell#243>", line 4, in fuct_def
    return fuct_def(product*count,count+1,max)
  File "<pyshell#243>", line 4, in fuct_def
    return fuct_def(product*count,count+1,max)
  File "<pyshell#243>", line 4, in fuct_def
    return fuct_def(product*count,count+1,max)
  File "<pyshell#243>", line 4, in fuct_def
    return fuct_def(product*count,count+1,max)
  File "<pyshell#243>", line 4, in fuct_def
    return fuct_def(product*count,count+1,max)
  File "<pyshell#243>", line 4, in fuct_def
    return fuct_def(product*count,count+1,max)
  File "<pyshell#243>", line 4, in fuct_def
    return fuct_def(product*count,count+1,max)
  File "<pyshell#243>", line 4, in fuct_def
    return fuct_def(product*count,count+1,max)
  File "<pyshell#243>", line 4, in fuct_def
    return fuct_def(product*count,count+1,max)
  File "<pyshell#243>", line 4, in fuct_def
    return fuct_def(product*count,count+1,max)
  File "<pyshell#243>", line 4, in fuct_def
    return fuct_def(product*count,count+1,max)
  File "<pyshell#243>", line 4, in fuct_def
    return fuct_def(product*count,count+1,max)
  File "<pyshell#243>", line 4, in fuct_def
    return fuct_def(product*count,count+1,max)
  File "<pyshell#243>", line 4, in fuct_def
    return fuct_def(product*count,count+1,max)
  File "<pyshell#243>", line 4, in fuct_def
    return fuct_def(product*count,count+1,max)
  File "<pyshell#243>", line 4, in fuct_def
    return fuct_def(product*count,count+1,max)
  File "<pyshell#243>", line 4, in fuct_def
    return fuct_def(product*count,count+1,max)
  File "<pyshell#243>", line 4, in fuct_def
    return fuct_def(product*count,count+1,max)
  File "<pyshell#243>", line 4, in fuct_def
    return fuct_def(product*count,count+1,max)
  File "<pyshell#243>", line 4, in fuct_def
    return fuct_def(product*count,count+1,max)
  File "<pyshell#243>", line 4, in fuct_def
    return fuct_def(product*count,count+1,max)
  File "<pyshell#243>", line 4, in fuct_def
    return fuct_def(product*count,count+1,max)
  File "<pyshell#243>", line 4, in fuct_def
    return fuct_def(product*count,count+1,max)
  File "<pyshell#243>", line 4, in fuct_def
    return fuct_def(product*count,count+1,max)
  File "<pyshell#243>", line 4, in fuct_def
    return fuct_def(product*count,count+1,max)
  File "<pyshell#243>", line 4, in fuct_def
    return fuct_def(product*count,count+1,max)
  File "<pyshell#243>", line 4, in fuct_def
    return fuct_def(product*count,count+1,max)
  File "<pyshell#243>", line 4, in fuct_def
    return fuct_def(product*count,count+1,max)
  File "<pyshell#243>", line 4, in fuct_def
    return fuct_def(product*count,count+1,max)
  File "<pyshell#243>", line 4, in fuct_def
    return fuct_def(product*count,count+1,max)
  File "<pyshell#243>", line 4, in fuct_def
    return fuct_def(product*count,count+1,max)
  File "<pyshell#243>", line 4, in fuct_def
    return fuct_def(product*count,count+1,max)
  File "<pyshell#243>", line 4, in fuct_def
    return fuct_def(product*count,count+1,max)
  File "<pyshell#243>", line 4, in fuct_def
    return fuct_def(product*count,count+1,max)
  File "<pyshell#243>", line 4, in fuct_def
    return fuct_def(product*count,count+1,max)
  File "<pyshell#243>", line 4, in fuct_def
    return fuct_def(product*count,count+1,max)
  File "<pyshell#243>", line 4, in fuct_def
    return fuct_def(product*count,count+1,max)
  File "<pyshell#243>", line 4, in fuct_def
    return fuct_def(product*count,count+1,max)
  File "<pyshell#243>", line 4, in fuct_def
    return fuct_def(product*count,count+1,max)
  File "<pyshell#243>", line 4, in fuct_def
    return fuct_def(product*count,count+1,max)
  File "<pyshell#243>", line 4, in fuct_def
    return fuct_def(product*count,count+1,max)
  File "<pyshell#243>", line 4, in fuct_def
    return fuct_def(product*count,count+1,max)
  File "<pyshell#243>", line 4, in fuct_def
    return fuct_def(product*count,count+1,max)
  File "<pyshell#243>", line 4, in fuct_def
    return fuct_def(product*count,count+1,max)
  File "<pyshell#243>", line 4, in fuct_def
    return fuct_def(product*count,count+1,max)
  File "<pyshell#243>", line 4, in fuct_def
    return fuct_def(product*count,count+1,max)
  File "<pyshell#243>", line 4, in fuct_def
    return fuct_def(product*count,count+1,max)
  File "<pyshell#243>", line 4, in fuct_def
    return fuct_def(product*count,count+1,max)
  File "<pyshell#243>", line 4, in fuct_def
    return fuct_def(product*count,count+1,max)
  File "<pyshell#243>", line 4, in fuct_def
    return fuct_def(product*count,count+1,max)
  File "<pyshell#243>", line 4, in fuct_def
    return fuct_def(product*count,count+1,max)
  File "<pyshell#243>", line 4, in fuct_def
    return fuct_def(product*count,count+1,max)
  File "<pyshell#243>", line 4, in fuct_def
    return fuct_def(product*count,count+1,max)
  File "<pyshell#243>", line 4, in fuct_def
    return fuct_def(product*count,count+1,max)
  File "<pyshell#243>", line 4, in fuct_def
    return fuct_def(product*count,count+1,max)
  File "<pyshell#243>", line 4, in fuct_def
    return fuct_def(product*count,count+1,max)
  File "<pyshell#243>", line 4, in fuct_def
    return fuct_def(product*count,count+1,max)
  File "<pyshell#243>", line 4, in fuct_def
    return fuct_def(product*count,count+1,max)
  File "<pyshell#243>", line 4, in fuct_def
    return fuct_def(product*count,count+1,max)
  File "<pyshell#243>", line 4, in fuct_def
    return fuct_def(product*count,count+1,max)
  File "<pyshell#243>", line 4, in fuct_def
    return fuct_def(product*count,count+1,max)
  File "<pyshell#243>", line 4, in fuct_def
    return fuct_def(product*count,count+1,max)
  File "<pyshell#243>", line 4, in fuct_def
    return fuct_def(product*count,count+1,max)
  File "<pyshell#243>", line 4, in fuct_def
    return fuct_def(product*count,count+1,max)
  File "<pyshell#243>", line 4, in fuct_def
    return fuct_def(product*count,count+1,max)
  File "<pyshell#243>", line 4, in fuct_def
    return fuct_def(product*count,count+1,max)
  File "<pyshell#243>", line 4, in fuct_def
    return fuct_def(product*count,count+1,max)
  File "<pyshell#243>", line 4, in fuct_def
    return fuct_def(product*count,count+1,max)
  File "<pyshell#243>", line 4, in fuct_def
    return fuct_def(product*count,count+1,max)
  File "<pyshell#243>", line 4, in fuct_def
    return fuct_def(product*count,count+1,max)
  File "<pyshell#243>", line 4, in fuct_def
    return fuct_def(product*count,count+1,max)
  File "<pyshell#243>", line 4, in fuct_def
    return fuct_def(product*count,count+1,max)
  File "<pyshell#243>", line 4, in fuct_def
    return fuct_def(product*count,count+1,max)
  File "<pyshell#243>", line 4, in fuct_def
    return fuct_def(product*count,count+1,max)
  File "<pyshell#243>", line 4, in fuct_def
    return fuct_def(product*count,count+1,max)
  File "<pyshell#243>", line 4, in fuct_def
    return fuct_def(product*count,count+1,max)
  File "<pyshell#243>", line 4, in fuct_def
    return fuct_def(product*count,count+1,max)
  File "<pyshell#243>", line 4, in fuct_def
    return fuct_def(product*count,count+1,max)
  File "<pyshell#243>", line 4, in fuct_def
    return fuct_def(product*count,count+1,max)
  File "<pyshell#243>", line 4, in fuct_def
    return fuct_def(product*count,count+1,max)
  File "<pyshell#243>", line 4, in fuct_def
    return fuct_def(product*count,count+1,max)
  File "<pyshell#243>", line 4, in fuct_def
    return fuct_def(product*count,count+1,max)
  File "<pyshell#243>", line 4, in fuct_def
    return fuct_def(product*count,count+1,max)
  File "<pyshell#243>", line 4, in fuct_def
    return fuct_def(product*count,count+1,max)
  File "<pyshell#243>", line 4, in fuct_def
    return fuct_def(product*count,count+1,max)
  File "<pyshell#243>", line 4, in fuct_def
    return fuct_def(product*count,count+1,max)
  File "<pyshell#243>", line 4, in fuct_def
    return fuct_def(product*count,count+1,max)
  File "<pyshell#243>", line 4, in fuct_def
    return fuct_def(product*count,count+1,max)
  File "<pyshell#243>", line 4, in fuct_def
    return fuct_def(product*count,count+1,max)
  File "<pyshell#243>", line 4, in fuct_def
    return fuct_def(product*count,count+1,max)
  File "<pyshell#243>", line 4, in fuct_def
    return fuct_def(product*count,count+1,max)
  File "<pyshell#243>", line 4, in fuct_def
    return fuct_def(product*count,count+1,max)
  File "<pyshell#243>", line 4, in fuct_def
    return fuct_def(product*count,count+1,max)
  File "<pyshell#243>", line 4, in fuct_def
    return fuct_def(product*count,count+1,max)
  File "<pyshell#243>", line 4, in fuct_def
    return fuct_def(product*count,count+1,max)
  File "<pyshell#243>", line 4, in fuct_def
    return fuct_def(product*count,count+1,max)
  File "<pyshell#243>", line 4, in fuct_def
    return fuct_def(product*count,count+1,max)
  File "<pyshell#243>", line 4, in fuct_def
    return fuct_def(product*count,count+1,max)
  File "<pyshell#243>", line 4, in fuct_def
    return fuct_def(product*count,count+1,max)
  File "<pyshell#243>", line 4, in fuct_def
    return fuct_def(product*count,count+1,max)
  File "<pyshell#243>", line 4, in fuct_def
    return fuct_def(product*count,count+1,max)
  File "<pyshell#243>", line 4, in fuct_def
    return fuct_def(product*count,count+1,max)
  File "<pyshell#243>", line 4, in fuct_def
    return fuct_def(product*count,count+1,max)
  File "<pyshell#243>", line 4, in fuct_def
    return fuct_def(product*count,count+1,max)
  File "<pyshell#243>", line 4, in fuct_def
    return fuct_def(product*count,count+1,max)
  File "<pyshell#243>", line 4, in fuct_def
    return fuct_def(product*count,count+1,max)
  File "<pyshell#243>", line 4, in fuct_def
    return fuct_def(product*count,count+1,max)
  File "<pyshell#243>", line 4, in fuct_def
    return fuct_def(product*count,count+1,max)
  File "<pyshell#243>", line 4, in fuct_def
    return fuct_def(product*count,count+1,max)
  File "<pyshell#243>", line 4, in fuct_def
    return fuct_def(product*count,count+1,max)
  File "<pyshell#243>", line 4, in fuct_def
    return fuct_def(product*count,count+1,max)
  File "<pyshell#243>", line 4, in fuct_def
    return fuct_def(product*count,count+1,max)
  File "<pyshell#243>", line 4, in fuct_def
    return fuct_def(product*count,count+1,max)
  File "<pyshell#243>", line 4, in fuct_def
    return fuct_def(product*count,count+1,max)
  File "<pyshell#243>", line 4, in fuct_def
    return fuct_def(product*count,count+1,max)
  File "<pyshell#243>", line 4, in fuct_def
    return fuct_def(product*count,count+1,max)
  File "<pyshell#243>", line 4, in fuct_def
    return fuct_def(product*count,count+1,max)
  File "<pyshell#243>", line 4, in fuct_def
    return fuct_def(product*count,count+1,max)
  File "<pyshell#243>", line 4, in fuct_def
    return fuct_def(product*count,count+1,max)
  File "<pyshell#243>", line 4, in fuct_def
    return fuct_def(product*count,count+1,max)
  File "<pyshell#243>", line 4, in fuct_def
    return fuct_def(product*count,count+1,max)
  File "<pyshell#243>", line 4, in fuct_def
    return fuct_def(product*count,count+1,max)
  File "<pyshell#243>", line 4, in fuct_def
    return fuct_def(product*count,count+1,max)
  File "<pyshell#243>", line 4, in fuct_def
    return fuct_def(product*count,count+1,max)
  File "<pyshell#243>", line 4, in fuct_def
    return fuct_def(product*count,count+1,max)
  File "<pyshell#243>", line 4, in fuct_def
    return fuct_def(product*count,count+1,max)
  File "<pyshell#243>", line 4, in fuct_def
    return fuct_def(product*count,count+1,max)
  File "<pyshell#243>", line 4, in fuct_def
    return fuct_def(product*count,count+1,max)
  File "<pyshell#243>", line 4, in fuct_def
    return fuct_def(product*count,count+1,max)
  File "<pyshell#243>", line 4, in fuct_def
    return fuct_def(product*count,count+1,max)
  File "<pyshell#243>", line 4, in fuct_def
    return fuct_def(product*count,count+1,max)
  File "<pyshell#243>", line 4, in fuct_def
    return fuct_def(product*count,count+1,max)
  File "<pyshell#243>", line 4, in fuct_def
    return fuct_def(product*count,count+1,max)
  File "<pyshell#243>", line 4, in fuct_def
    return fuct_def(product*count,count+1,max)
  File "<pyshell#243>", line 4, in fuct_def
    return fuct_def(product*count,count+1,max)
  File "<pyshell#243>", line 4, in fuct_def
    return fuct_def(product*count,count+1,max)
  File "<pyshell#243>", line 4, in fuct_def
    return fuct_def(product*count,count+1,max)
  File "<pyshell#243>", line 4, in fuct_def
    return fuct_def(product*count,count+1,max)
  File "<pyshell#243>", line 4, in fuct_def
    return fuct_def(product*count,count+1,max)
  File "<pyshell#243>", line 4, in fuct_def
    return fuct_def(product*count,count+1,max)
  File "<pyshell#243>", line 4, in fuct_def
    return fuct_def(product*count,count+1,max)
  File "<pyshell#243>", line 4, in fuct_def
    return fuct_def(product*count,count+1,max)
  File "<pyshell#243>", line 4, in fuct_def
    return fuct_def(product*count,count+1,max)
  File "<pyshell#243>", line 4, in fuct_def
    return fuct_def(product*count,count+1,max)
  File "<pyshell#243>", line 4, in fuct_def
    return fuct_def(product*count,count+1,max)
  File "<pyshell#243>", line 4, in fuct_def
    return fuct_def(product*count,count+1,max)
  File "<pyshell#243>", line 4, in fuct_def
    return fuct_def(product*count,count+1,max)
  File "<pyshell#243>", line 4, in fuct_def
    return fuct_def(product*count,count+1,max)
  File "<pyshell#243>", line 4, in fuct_def
    return fuct_def(product*count,count+1,max)
  File "<pyshell#243>", line 4, in fuct_def
    return fuct_def(product*count,count+1,max)
  File "<pyshell#243>", line 4, in fuct_def
    return fuct_def(product*count,count+1,max)
  File "<pyshell#243>", line 4, in fuct_def
    return fuct_def(product*count,count+1,max)
  File "<pyshell#243>", line 4, in fuct_def
    return fuct_def(product*count,count+1,max)
  File "<pyshell#243>", line 4, in fuct_def
    return fuct_def(product*count,count+1,max)
  File "<pyshell#243>", line 4, in fuct_def
    return fuct_def(product*count,count+1,max)
  File "<pyshell#243>", line 4, in fuct_def
    return fuct_def(product*count,count+1,max)
  File "<pyshell#243>", line 4, in fuct_def
    return fuct_def(product*count,count+1,max)
  File "<pyshell#243>", line 4, in fuct_def
    return fuct_def(product*count,count+1,max)
  File "<pyshell#243>", line 4, in fuct_def
    return fuct_def(product*count,count+1,max)
  File "<pyshell#243>", line 4, in fuct_def
    return fuct_def(product*count,count+1,max)
  File "<pyshell#243>", line 4, in fuct_def
    return fuct_def(product*count,count+1,max)
  File "<pyshell#243>", line 4, in fuct_def
    return fuct_def(product*count,count+1,max)
  File "<pyshell#243>", line 4, in fuct_def
    return fuct_def(product*count,count+1,max)
  File "<pyshell#243>", line 4, in fuct_def
    return fuct_def(product*count,count+1,max)
  File "<pyshell#243>", line 4, in fuct_def
    return fuct_def(product*count,count+1,max)
  File "<pyshell#243>", line 4, in fuct_def
    return fuct_def(product*count,count+1,max)
  File "<pyshell#243>", line 4, in fuct_def
    return fuct_def(product*count,count+1,max)
  File "<pyshell#243>", line 4, in fuct_def
    return fuct_def(product*count,count+1,max)
  File "<pyshell#243>", line 4, in fuct_def
    return fuct_def(product*count,count+1,max)
  File "<pyshell#243>", line 4, in fuct_def
    return fuct_def(product*count,count+1,max)
  File "<pyshell#243>", line 4, in fuct_def
    return fuct_def(product*count,count+1,max)
  File "<pyshell#243>", line 4, in fuct_def
    return fuct_def(product*count,count+1,max)
  File "<pyshell#243>", line 4, in fuct_def
    return fuct_def(product*count,count+1,max)
  File "<pyshell#243>", line 4, in fuct_def
    return fuct_def(product*count,count+1,max)
  File "<pyshell#243>", line 4, in fuct_def
    return fuct_def(product*count,count+1,max)
  File "<pyshell#243>", line 4, in fuct_def
    return fuct_def(product*count,count+1,max)
  File "<pyshell#243>", line 4, in fuct_def
    return fuct_def(product*count,count+1,max)
  File "<pyshell#243>", line 4, in fuct_def
    return fuct_def(product*count,count+1,max)
  File "<pyshell#243>", line 4, in fuct_def
    return fuct_def(product*count,count+1,max)
  File "<pyshell#243>", line 4, in fuct_def
    return fuct_def(product*count,count+1,max)
  File "<pyshell#243>", line 4, in fuct_def
    return fuct_def(product*count,count+1,max)
  File "<pyshell#243>", line 4, in fuct_def
    return fuct_def(product*count,count+1,max)
  File "<pyshell#243>", line 4, in fuct_def
    return fuct_def(product*count,count+1,max)
  File "<pyshell#243>", line 4, in fuct_def
    return fuct_def(product*count,count+1,max)
  File "<pyshell#243>", line 4, in fuct_def
    return fuct_def(product*count,count+1,max)
  File "<pyshell#243>", line 4, in fuct_def
    return fuct_def(product*count,count+1,max)
  File "<pyshell#243>", line 4, in fuct_def
    return fuct_def(product*count,count+1,max)
  File "<pyshell#243>", line 4, in fuct_def
    return fuct_def(product*count,count+1,max)
  File "<pyshell#243>", line 4, in fuct_def
    return fuct_def(product*count,count+1,max)
  File "<pyshell#243>", line 4, in fuct_def
    return fuct_def(product*count,count+1,max)
  File "<pyshell#243>", line 4, in fuct_def
    return fuct_def(product*count,count+1,max)
  File "<pyshell#243>", line 4, in fuct_def
    return fuct_def(product*count,count+1,max)
  File "<pyshell#243>", line 4, in fuct_def
    return fuct_def(product*count,count+1,max)
  File "<pyshell#243>", line 4, in fuct_def
    return fuct_def(product*count,count+1,max)
  File "<pyshell#243>", line 4, in fuct_def
    return fuct_def(product*count,count+1,max)
  File "<pyshell#243>", line 4, in fuct_def
    return fuct_def(product*count,count+1,max)
  File "<pyshell#243>", line 4, in fuct_def
    return fuct_def(product*count,count+1,max)
  File "<pyshell#243>", line 4, in fuct_def
    return fuct_def(product*count,count+1,max)
  File "<pyshell#243>", line 4, in fuct_def
    return fuct_def(product*count,count+1,max)
  File "<pyshell#243>", line 4, in fuct_def
    return fuct_def(product*count,count+1,max)
  File "<pyshell#243>", line 4, in fuct_def
    return fuct_def(product*count,count+1,max)
  File "<pyshell#243>", line 4, in fuct_def
    return fuct_def(product*count,count+1,max)
  File "<pyshell#243>", line 4, in fuct_def
    return fuct_def(product*count,count+1,max)
  File "<pyshell#243>", line 4, in fuct_def
    return fuct_def(product*count,count+1,max)
  File "<pyshell#243>", line 4, in fuct_def
    return fuct_def(product*count,count+1,max)
  File "<pyshell#243>", line 4, in fuct_def
    return fuct_def(product*count,count+1,max)
  File "<pyshell#243>", line 4, in fuct_def
    return fuct_def(product*count,count+1,max)
  File "<pyshell#243>", line 4, in fuct_def
    return fuct_def(product*count,count+1,max)
  File "<pyshell#243>", line 4, in fuct_def
    return fuct_def(product*count,count+1,max)
  File "<pyshell#243>", line 4, in fuct_def
    return fuct_def(product*count,count+1,max)
  File "<pyshell#243>", line 4, in fuct_def
    return fuct_def(product*count,count+1,max)
  File "<pyshell#243>", line 4, in fuct_def
    return fuct_def(product*count,count+1,max)
  File "<pyshell#243>", line 4, in fuct_def
    return fuct_def(product*count,count+1,max)
  File "<pyshell#243>", line 4, in fuct_def
    return fuct_def(product*count,count+1,max)
  File "<pyshell#243>", line 4, in fuct_def
    return fuct_def(product*count,count+1,max)
  File "<pyshell#243>", line 4, in fuct_def
    return fuct_def(product*count,count+1,max)
  File "<pyshell#243>", line 4, in fuct_def
    return fuct_def(product*count,count+1,max)
  File "<pyshell#243>", line 4, in fuct_def
    return fuct_def(product*count,count+1,max)
  File "<pyshell#243>", line 4, in fuct_def
    return fuct_def(product*count,count+1,max)
  File "<pyshell#243>", line 4, in fuct_def
    return fuct_def(product*count,count+1,max)
  File "<pyshell#243>", line 4, in fuct_def
    return fuct_def(product*count,count+1,max)
  File "<pyshell#243>", line 4, in fuct_def
    return fuct_def(product*count,count+1,max)
  File "<pyshell#243>", line 4, in fuct_def
    return fuct_def(product*count,count+1,max)
  File "<pyshell#243>", line 4, in fuct_def
    return fuct_def(product*count,count+1,max)
  File "<pyshell#243>", line 4, in fuct_def
    return fuct_def(product*count,count+1,max)
  File "<pyshell#243>", line 4, in fuct_def
    return fuct_def(product*count,count+1,max)
  File "<pyshell#243>", line 4, in fuct_def
    return fuct_def(product*count,count+1,max)
  File "<pyshell#243>", line 4, in fuct_def
    return fuct_def(product*count,count+1,max)
  File "<pyshell#243>", line 4, in fuct_def
    return fuct_def(product*count,count+1,max)
  File "<pyshell#243>", line 4, in fuct_def
    return fuct_def(product*count,count+1,max)
  File "<pyshell#243>", line 4, in fuct_def
    return fuct_def(product*count,count+1,max)
  File "<pyshell#243>", line 4, in fuct_def
    return fuct_def(product*count,count+1,max)
  File "<pyshell#243>", line 4, in fuct_def
    return fuct_def(product*count,count+1,max)
  File "<pyshell#243>", line 4, in fuct_def
    return fuct_def(product*count,count+1,max)
  File "<pyshell#243>", line 4, in fuct_def
    return fuct_def(product*count,count+1,max)
  File "<pyshell#243>", line 4, in fuct_def
    return fuct_def(product*count,count+1,max)
  File "<pyshell#243>", line 4, in fuct_def
    return fuct_def(product*count,count+1,max)
  File "<pyshell#243>", line 4, in fuct_def
    return fuct_def(product*count,count+1,max)
  File "<pyshell#243>", line 4, in fuct_def
    return fuct_def(product*count,count+1,max)
  File "<pyshell#243>", line 4, in fuct_def
    return fuct_def(product*count,count+1,max)
  File "<pyshell#243>", line 4, in fuct_def
    return fuct_def(product*count,count+1,max)
  File "<pyshell#243>", line 4, in fuct_def
    return fuct_def(product*count,count+1,max)
  File "<pyshell#243>", line 4, in fuct_def
    return fuct_def(product*count,count+1,max)
  File "<pyshell#243>", line 4, in fuct_def
    return fuct_def(product*count,count+1,max)
  File "<pyshell#243>", line 4, in fuct_def
    return fuct_def(product*count,count+1,max)
  File "<pyshell#243>", line 4, in fuct_def
    return fuct_def(product*count,count+1,max)
  File "<pyshell#243>", line 4, in fuct_def
    return fuct_def(product*count,count+1,max)
RuntimeError: maximum recursion depth exceeded
>>> fuct(10)
3628800
>>> fuct(100)
93326215443944152681699238856266700490715968264381621468592963895217599993229915608941463976156518286253697920827223758251185210916864000000000000000000000000L
>>> L = []
>>> n = 1
>>> while n<=99:
	L.append(n)
	n = n+2

	
>>> print L
[1, 3, 5, 7, 9, 11, 13, 15, 17, 19, 21, 23, 25, 27, 29, 31, 33, 35, 37, 39, 41, 43, 45, 47, 49, 51, 53, 55, 57, 59, 61, 63, 65, 67, 69, 71, 73, 75, 77, 79, 81, 83, 85, 87, 89, 91, 93, 95, 97, 99]
>>> #切片取list中的元素
>>> L[0:5]
[1, 3, 5, 7, 9]
>>> L[9:10]
[19]
>>> L[::]
[1, 3, 5, 7, 9, 11, 13, 15, 17, 19, 21, 23, 25, 27, 29, 31, 33, 35, 37, 39, 41, 43, 45, 47, 49, 51, 53, 55, 57, 59, 61, 63, 65, 67, 69, 71, 73, 75, 77, 79, 81, 83, 85, 87, 89, 91, 93, 95, 97, 99]
>>> L[:10]
[1, 3, 5, 7, 9, 11, 13, 15, 17, 19]
>>> L[:10:4:2]
SyntaxError: invalid syntax
>>> L[:10:4]
[1, 9, 17]
>>> L[:10:1]
[1, 3, 5, 7, 9, 11, 13, 15, 17, 19]
>>> #取前10个元素
>>> L[:10]
[1, 3, 5, 7, 9, 11, 13, 15, 17, 19]
>>> #前10个元素每2个取
>>> L[:10:2]
[1, 5, 9, 13, 17]
>>> #取第20个到最后一个
>>> L[10:]
[21, 23, 25, 27, 29, 31, 33, 35, 37, 39, 41, 43, 45, 47, 49, 51, 53, 55, 57, 59, 61, 63, 65, 67, 69, 71, 73, 75, 77, 79, 81, 83, 85, 87, 89, 91, 93, 95, 97, 99]
>>> #最后10个元素
>>> L[-10:]
[81, 83, 85, 87, 89, 91, 93, 95, 97, 99]
>>> #取第10个到第20个
>>> L[9:20]
[19, 21, 23, 25, 27, 29, 31, 33, 35, 37, 39]
>>> 
